Component: ARM Compiler 5.06 update 6 (build 750) Tool: armlink [4d35ed]

==============================================================================

Section Cross References

    startup_stm32f427xx.o(RESET) refers to startup_stm32f427xx.o(STACK) for __initial_sp
    startup_stm32f427xx.o(RESET) refers to startup_stm32f427xx.o(.text) for Reset_Handler
    startup_stm32f427xx.o(RESET) refers to stm32f4xx_it.o(i.NMI_Handler) for NMI_Handler
    startup_stm32f427xx.o(RESET) refers to stm32f4xx_it.o(i.HardFault_Handler) for HardFault_Handler
    startup_stm32f427xx.o(RESET) refers to stm32f4xx_it.o(i.MemManage_Handler) for MemManage_Handler
    startup_stm32f427xx.o(RESET) refers to stm32f4xx_it.o(i.BusFault_Handler) for BusFault_Handler
    startup_stm32f427xx.o(RESET) refers to stm32f4xx_it.o(i.UsageFault_Handler) for UsageFault_Handler
    startup_stm32f427xx.o(RESET) refers to stm32f4xx_it.o(i.SVC_Handler) for SVC_Handler
    startup_stm32f427xx.o(RESET) refers to stm32f4xx_it.o(i.DebugMon_Handler) for DebugMon_Handler
    startup_stm32f427xx.o(RESET) refers to stm32f4xx_it.o(i.PendSV_Handler) for PendSV_Handler
    startup_stm32f427xx.o(RESET) refers to stm32f4xx_it.o(i.SysTick_Handler) for SysTick_Handler
    startup_stm32f427xx.o(RESET) refers to stm32f4xx_it.o(i.USART1_IRQHandler) for USART1_IRQHandler
    startup_stm32f427xx.o(RESET) refers to stm32f4xx_it.o(i.USART2_IRQHandler) for USART2_IRQHandler
    startup_stm32f427xx.o(RESET) refers to stm32f4xx_it.o(i.USART3_IRQHandler) for USART3_IRQHandler
    startup_stm32f427xx.o(RESET) refers to stm32f4xx_it.o(i.UART4_IRQHandler) for UART4_IRQHandler
    startup_stm32f427xx.o(RESET) refers to stm32f4xx_it.o(i.UART5_IRQHandler) for UART5_IRQHandler
    startup_stm32f427xx.o(RESET) refers to stm32f4xx_it.o(i.USART6_IRQHandler) for USART6_IRQHandler
    startup_stm32f427xx.o(.text) refers to system_stm32f4xx.o(i.SystemInit) for SystemInit
    startup_stm32f427xx.o(.text) refers to entry.o(.ARM.Collect$$$$00000000) for __main
    state_machine.o(i.Communicate_AnalogCollector_Check) refers to modbus_rtu.o(i.ModbusRTU_CheckComm) for ModbusRTU_CheckComm
    state_machine.o(i.Communicate_AnalogCollector_Check) refers to usart.o(i.RS485_1_DE_Receive) for RS485_1_DE_Receive
    state_machine.o(i.Communicate_AnalogCollector_Check) refers to usart.o(i.RS485_1_DE_Transmit) for RS485_1_DE_Transmit
    state_machine.o(i.Communicate_AnalogCollector_Check) refers to usart.o(.bss) for huart1
    state_machine.o(i.Communicate_PulseCollector_Check) refers to modbus_rtu.o(i.ModbusRTU_CheckComm) for ModbusRTU_CheckComm
    state_machine.o(i.Communicate_PulseCollector_Check) refers to usart.o(i.RS485_4_DE_Receive) for RS485_4_DE_Receive
    state_machine.o(i.Communicate_PulseCollector_Check) refers to usart.o(i.RS485_4_DE_Transmit) for RS485_4_DE_Transmit
    state_machine.o(i.Communicate_PulseCollector_Check) refers to usart.o(.bss) for huart4
    state_machine.o(i.Communicate_Pump1_Check) refers to modbus_rtu.o(i.ModbusRTU_CheckComm) for ModbusRTU_CheckComm
    state_machine.o(i.Communicate_Pump1_Check) refers to usart.o(i.RS485_2_DE_Receive) for RS485_2_DE_Receive
    state_machine.o(i.Communicate_Pump1_Check) refers to usart.o(i.RS485_2_DE_Transmit) for RS485_2_DE_Transmit
    state_machine.o(i.Communicate_Pump1_Check) refers to usart.o(.bss) for huart2
    state_machine.o(i.Communicate_Pump2_Check) refers to modbus_rtu.o(i.ModbusRTU_CheckComm) for ModbusRTU_CheckComm
    state_machine.o(i.Communicate_Pump2_Check) refers to usart.o(i.RS485_3_DE_Receive) for RS485_3_DE_Receive
    state_machine.o(i.Communicate_Pump2_Check) refers to usart.o(i.RS485_3_DE_Transmit) for RS485_3_DE_Transmit
    state_machine.o(i.Communicate_Pump2_Check) refers to usart.o(.bss) for huart3
    state_machine.o(i.Get_Depth_Value) refers to state_machine.o(i.Log_Event) for Log_Event
    state_machine.o(i.Get_Depth_Value) refers to modbus_rtu.o(i.ModbusRTU_Transmit) for ModbusRTU_Transmit
    state_machine.o(i.Get_Depth_Value) refers to modbus_rtu.o(i.ModbusRTU_Receive) for ModbusRTU_Receive
    state_machine.o(i.Get_Depth_Value) refers to f2d.o(.text) for __aeabi_f2d
    state_machine.o(i.Get_Depth_Value) refers to usart.o(i.RS485_1_DE_Receive) for RS485_1_DE_Receive
    state_machine.o(i.Get_Depth_Value) refers to usart.o(i.RS485_1_DE_Transmit) for RS485_1_DE_Transmit
    state_machine.o(i.Get_Depth_Value) refers to usart.o(.bss) for huart1
    state_machine.o(i.Get_Depth_Value) refers to state_machine.o(.conststring) for .conststring
    state_machine.o(i.Get_Flow_Pulse_Count) refers to state_machine.o(i.Log_Event) for Log_Event
    state_machine.o(i.Get_Flow_Pulse_Count) refers to modbus_rtu.o(i.ModbusRTU_Transmit) for ModbusRTU_Transmit
    state_machine.o(i.Get_Flow_Pulse_Count) refers to modbus_rtu.o(i.ModbusRTU_Receive) for ModbusRTU_Receive
    state_machine.o(i.Get_Flow_Pulse_Count) refers to usart.o(i.RS485_4_DE_Receive) for RS485_4_DE_Receive
[...]
    Removing stm32f4xx_hal_exti.o(i.HAL_EXTI_RegisterCallback), (14 bytes).
    Removing stm32f4xx_hal_exti.o(i.HAL_EXTI_SetConfigLine), (168 bytes).
    Removing system_stm32f4xx.o(.rev16_text), (4 bytes).
    Removing system_stm32f4xx.o(.revsh_text), (4 bytes).
    Removing system_stm32f4xx.o(.rrx_text), (6 bytes).
    Removing system_stm32f4xx.o(i.SystemCoreClockUpdate), (124 bytes).

279 unused section(s) (total 19734 bytes) removed from the image.

==============================================================================

Image Symbol Table

    Local Symbols

    Symbol Name                              Value     Ov Type        Size  Object(Section)

    ../Core/Src/gpio.c                       0x00000000   Number         0  gpio.o ABSOLUTE
    ../Core/Src/main.c                       0x00000000   Number         0  main.o ABSOLUTE
    ../Core/Src/stm32f4xx_hal_msp.c          0x00000000   Number         0  stm32f4xx_hal_msp.o ABSOLUTE
    ../Core/Src/stm32f4xx_it.c               0x00000000   Number         0  stm32f4xx_it.o ABSOLUTE
    ../Core/Src/system_stm32f4xx.c           0x00000000   Number         0  system_stm32f4xx.o ABSOLUTE
    ../Core/Src/usart.c                      0x00000000   Number         0  usart.o ABSOLUTE
    ../Drivers/STM32F4xx_HAL_Driver/Src/stm32f4xx_hal.c 0x00000000   Number         0  stm32f4xx_hal.o ABSOLUTE
    ../Drivers/STM32F4xx_HAL_Driver/Src/stm32f4xx_hal_cortex.c 0x00000000   Number         0  stm32f4xx_hal_cortex.o ABSOLUTE
    ../Drivers/STM32F4xx_HAL_Driver/Src/stm32f4xx_hal_dma.c 0x00000000   Number         0  stm32f4xx_hal_dma.o ABSOLUTE
    ../Drivers/STM32F4xx_HAL_Driver/Src/stm32f4xx_hal_dma_ex.c 0x00000000   Number         0  stm32f4xx_hal_dma_ex.o ABSOLUTE
    ../Drivers/STM32F4xx_HAL_Driver/Src/stm32f4xx_hal_exti.c 0x00000000   Number         0  stm32f4xx_hal_exti.o ABSOLUTE
    ../Drivers/STM32F4xx_HAL_Driver/Src/stm32f4xx_hal_flash.c 0x00000000   Number         0  stm32f4xx_hal_flash.o ABSOLUTE
    ../Drivers/STM32F4xx_HAL_Driver/Src/stm32f4xx_hal_flash_ex.c 0x00000000   Number         0  stm32f4xx_hal_flash_ex.o ABSOLUTE
    ../Drivers/STM32F4xx_HAL_Driver/Src/stm32f4xx_hal_flash_ramfunc.c 0x00000000   Number         0  stm32f4xx_hal_flash_ramfunc.o ABSOLUTE
    ../Drivers/STM32F4xx_HAL_Driver/Src/stm32f4xx_hal_gpio.c 0x00000000   Number         0  stm32f4xx_hal_gpio.o ABSOLUTE
    ../Drivers/STM32F4xx_HAL_Driver/Src/stm32f4xx_hal_pwr.c 0x00000000   Number         0  stm32f4xx_hal_pwr.o ABSOLUTE
    ../Drivers/STM32F4xx_HAL_Driver/Src/stm32f4xx_hal_pwr_ex.c 0x00000000   Number         0  stm32f4xx_hal_pwr_ex.o ABSOLUTE
    ../Drivers/STM32F4xx_HAL_Driver/Src/stm32f4xx_hal_rcc.c 0x00000000   Number         0  stm32f4xx_hal_rcc.o ABSOLUTE
    ../Drivers/STM32F4xx_HAL_Driver/Src/stm32f4xx_hal_rcc_ex.c 0x00000000   Number         0  stm32f4xx_hal_rcc_ex.o ABSOLUTE
    ../Drivers/STM32F4xx_HAL_Driver/Src/stm32f4xx_hal_uart.c 0x00000000   Number         0  stm32f4xx_hal_uart.o ABSOLUTE
    ../clib/microlib/ctype/ctype.c           0x00000000   Number         0  isspace_c.o ABSOLUTE
    ../clib/microlib/ctype/ctype.c           0x00000000   Number         0  ctype_c.o ABSOLUTE
    ../clib/microlib/division.c              0x00000000   Number         0  uldiv.o ABSOLUTE
    ../clib/microlib/division.c              0x00000000   Number         0  uidiv.o ABSOLUTE
    ../clib/microlib/init/entry.s            0x00000000   Number         0  entry10a.o ABSOLUTE
    ../clib/microlib/init/entry.s            0x00000000   Number         0  entry10b.o ABSOLUTE
    ../clib/microlib/init/entry.s            0x00000000   Number         0  entry7b.o ABSOLUTE
    ../clib/microlib/init/entry.s            0x00000000   Number         0  entry2.o ABSOLUTE
    ../clib/microlib/init/entry.s            0x00000000   Number         0  entry5.o ABSOLUTE
    ../clib/microlib/init/entry.s            0x00000000   Number         0  entry7a.o ABSOLUTE
    ../clib/microlib/init/entry.s            0x00000000   Number         0  entry.o ABSOLUTE
    ../clib/microlib/init/entry.s            0x00000000   Number         0  entry8a.o ABSOLUTE
    ../clib/microlib/init/entry.s            0x00000000   Number         0  entry8b.o ABSOLUTE
    ../clib/microlib/init/entry.s            0x00000000   Number         0  entry9a.o ABSOLUTE
    ../clib/microlib/init/entry.s            0x00000000   Number         0  entry9b.o ABSOLUTE
    ../clib/microlib/init/entry.s            0x00000000   Number         0  entry11a.o ABSOLUTE
    ../clib/microlib/init/entry.s            0x00000000   Number         0  entry11b.o ABSOLUTE
    ../clib/microlib/longlong.c              0x00000000   Number         0  llushr.o ABSOLUTE
    ../clib/microlib/longlong.c              0x00000000   Number         0  llshl.o ABSOLUTE
    ../clib/microlib/longlong.c              0x00000000   Number         0  llsshr.o ABSOLUTE
    ../clib/microlib/printf/printf.c         0x00000000   Number         0  printfa.o ABSOLUTE
    ../clib/microlib/printf/printf.c         0x00000000   Number         0  printf5.o ABSOLUTE
    ../clib/microlib/printf/printf.c         0x00000000   Number         0  printf7.o ABSOLUTE
    ../clib/microlib/printf/printf.c         0x00000000   Number         0  printf8.o ABSOLUTE
    ../clib/microlib/printf/printf.c         0x00000000   Number         0  printf6.o ABSOLUTE
    ../clib/microlib/printf/printf.c         0x00000000   Number         0  printf4.o ABSOLUTE
    ../clib/microlib/printf/printf.c         0x00000000   Number         0  printf3.o ABSOLUTE
    ../clib/microlib/printf/printf.c         0x00000000   Number         0  printf2.o ABSOLUTE
    ../clib/microlib/printf/printf.c         0x00000000   Number         0  printf1.o ABSOLUTE
    ../clib/microlib/printf/printf.c         0x00000000   Number         0  printf0.o ABSOLUTE
    ../clib/microlib/printf/printf.c         0x00000000   Number         0  printfb.o ABSOLUTE
    ../clib/microlib/printf/stubs.s          0x00000000   Number         0  stubs.o ABSOLUTE
    ../clib/microlib/stdio/streams.c         0x00000000   Number         0  stdout.o ABSOLUTE
    ../clib/microlib/string/memcmp.c         0x00000000   Number         0  memcmp.o ABSOLUTE
    ../clib/microlib/string/memcpy.c         0x00000000   Number         0  memcpya.o ABSOLUTE
    ../clib/microlib/string/memcpy.c         0x00000000   Number         0  memcpyb.o ABSOLUTE
    ../clib/microlib/string/memset.c         0x00000000   Number         0  memseta.o ABSOLUTE
    ../clib/microlib/string/strlen.c         0x00000000   Number         0  strlen.o ABSOLUTE
    ../clib/microlib/string/strncmp.c        0x00000000   Number         0  strncmp.o ABSOLUTE
    ../clib/microlib/stubs.s                 0x00000000   Number         0  iusefp.o ABSOLUTE
    ../clib/scanf.c                          0x00000000   Number         0  _scanf.o ABSOLUTE
    ../clib/scanf.c                          0x00000000   Number         0  _scanf_int.o ABSOLUTE
    ../clib/scanf.c                          0x00000000   Number         0  scanf_fp.o ABSOLUTE
    ../clib/scanf.c                          0x00000000   Number         0  _chval.o ABSOLUTE
    ../clib/scanf.c                          0x00000000   Number         0  scanf_char.o ABSOLUTE
    ../clib/scanf.c                          0x00000000   Number         0  _sgetc.o ABSOLUTE
    ../clib/scanf.c                          0x00000000   Number         0  __0sscanf.o ABSOLUTE
    ../fplib/microlib/d2f.c                  0x00000000   Number         0  d2f.o ABSOLUTE
    ../fplib/microlib/f2d.c                  0x00000000   Number         0  f2d.o ABSOLUTE
    ../fplib/microlib/fpadd.c                0x00000000   Number         0  dadd.o ABSOLUTE
    ../fplib/microlib/fpdiv.c                0x00000000   Number         0  ddiv.o ABSOLUTE
    ../fplib/microlib/fpepilogue.c           0x00000000   Number         0  fepilogue.o ABSOLUTE
    ../fplib/microlib/fpepilogue.c           0x00000000   Number         0  depilogue.o ABSOLUTE
    ../fplib/microlib/fpfix.c                0x00000000   Number         0  dfixul.o ABSOLUTE
    ../fplib/microlib/fpflt.c                0x00000000   Number         0  dfltul.o ABSOLUTE
    ../fplib/microlib/fpmul.c                0x00000000   Number         0  dmul.o ABSOLUTE
    ..\Core\Src\config_manager.c             0x00000000   Number         0  config_manager.o ABSOLUTE
    ..\Core\Src\debug_commands.c             0x00000000   Number         0  debug_commands.o ABSOLUTE
    ..\Core\Src\gpio.c                       0x00000000   Number         0  gpio.o ABSOLUTE
    ..\Core\Src\main.c                       0x00000000   Number         0  main.o ABSOLUTE
    ..\Core\Src\modbus_rtu.c                 0x00000000   Number         0  modbus_rtu.o ABSOLUTE
    ..\Core\Src\state_machine.c              0x00000000   Number         0  state_machine.o ABSOLUTE
    ..\Core\Src\stm32f4xx_hal_msp.c          0x00000000   Number         0  stm32f4xx_hal_msp.o ABSOLUTE
    ..\Core\Src\stm32f4xx_it.c               0x00000000   Number         0  stm32f4xx_it.o ABSOLUTE
    ..\Core\Src\system_stm32f4xx.c           0x00000000   Number         0  system_stm32f4xx.o ABSOLUTE
    ..\Core\Src\usart.c                      0x00000000   Number         0  usart.o ABSOLUTE
    ..\Drivers\STM32F4xx_HAL_Driver\Src\stm32f4xx_hal.c 0x00000000   Number         0  stm32f4xx_hal.o ABSOLUTE
    ..\Drivers\STM32F4xx_HAL_Driver\Src\stm32f4xx_hal_cortex.c 0x00000000   Number         0  stm32f4xx_hal_cortex.o ABSOLUTE
    ..\Drivers\STM32F4xx_HAL_Driver\Src\stm32f4xx_hal_dma.c 0x00000000   Number         0  stm32f4xx_hal_dma.o ABSOLUTE
    ..\Drivers\STM32F4xx_HAL_Driver\Src\stm32f4xx_hal_dma_ex.c 0x00000000   Number         0  stm32f4xx_hal_dma_ex.o ABSOLUTE
    ..\Drivers\STM32F4xx_HAL_Driver\Src\stm32f4xx_hal_exti.c 0x00000000   Number         0  stm32f4xx_hal_exti.o ABSOLUTE
    ..\Drivers\STM32F4xx_HAL_Driver\Src\stm32f4xx_hal_flash.c 0x00000000   Number         0  stm32f4xx_hal_flash.o ABSOLUTE
    ..\Drivers\STM32F4xx_HAL_Driver\Src\stm32f4xx_hal_flash_ex.c 0x00000000   Number         0  stm32f4xx_hal_flash_ex.o ABSOLUTE
    ..\Drivers\STM32F4xx_HAL_Driver\Src\stm32f4xx_hal_flash_ramfunc.c 0x00000000   Number         0  stm32f4xx_hal_flash_ramfunc.o ABSOLUTE
    ..\Drivers\STM32F4xx_HAL_Driver\Src\stm32f4xx_hal_gpio.c 0x00000000   Number         0  stm32f4xx_hal_gpio.o ABSOLUTE
    ..\Drivers\STM32F4xx_HAL_Driver\Src\stm32f4xx_hal_pwr.c 0x00000000   Number         0  stm32f4xx_hal_pwr.o ABSOLUTE
    ..\Drivers\STM32F4xx_HAL_Driver\Src\stm32f4xx_hal_pwr_ex.c 0x00000000   Number         0  stm32f4xx_hal_pwr_ex.o ABSOLUTE
    ..\Drivers\STM32F4xx_HAL_Driver\Src\stm32f4xx_hal_rcc.c 0x00000000   Number         0  stm32f4xx_hal_rcc.o ABSOLUTE
    ..\Drivers\STM32F4xx_HAL_Driver\Src\stm32f4xx_hal_rcc_ex.c 0x00000000   Number         0  stm32f4xx_hal_rcc_ex.o ABSOLUTE
    ..\Drivers\STM32F4xx_HAL_Driver\Src\stm32f4xx_hal_uart.c 0x00000000   Number         0  stm32f4xx_hal_uart.o ABSOLUTE
    ..\\Core\\Src\\config_manager.c          0x00000000   Number         0  config_manager.o ABSOLUTE
    ..\\Core\\Src\\debug_commands.c          0x00000000   Number         0  debug_commands.o ABSOLUTE
    ..\\Core\\Src\\modbus_rtu.c              0x00000000   Number         0  modbus_rtu.o ABSOLUTE
    ..\\Core\\Src\\state_machine.c           0x00000000   Number         0  state_machine.o ABSOLUTE
    cdrcmple.s                               0x00000000   Number         0  cdrcmple.o ABSOLUTE
    dc.s                                     0x00000000   Number         0  dc.o ABSOLUTE
    handlers.s                               0x00000000   Number         0  handlers.o ABSOLUTE
    init.s                                   0x00000000   Number         0  init.o ABSOLUTE
    startup_stm32f427xx.s                    0x00000000   Number         0  startup_stm32f427xx.o ABSOLUTE
    RESET                                    0x08000000   Section      428  startup_stm32f427xx.o(RESET)
    .ARM.Collect$$$$00000000                 0x080001ac   Section        0  entry.o(.ARM.Collect$$$$00000000)
    .ARM.Collect$$$$00000001                 0x080001ac   Section        4  entry2.o(.ARM.Collect$$$$00000001)
    .ARM.Collect$$$$00000004                 0x080001b0   Section        4  entry5.o(.ARM.Collect$$$$00000004)
    .ARM.Collect$$$$00000008                 0x080001b4   Section        0  entry7b.o(.ARM.Collect$$$$00000008)
    .ARM.Collect$$$$0000000A                 0x080001b4   Section        0  entry8b.o(.ARM.Collect$$$$0000000A)
    .ARM.Collect$$$$0000000B                 0x080001b4   Section        8  entry9a.o(.ARM.Collect$$$$0000000B)
    .ARM.Collect$$$$0000000D                 0x080001bc   Section        0  entry10a.o(.ARM.Collect$$$$0000000D)
    .ARM.Collect$$$$0000000F                 0x080001bc   Section        0  entry11a.o(.ARM.Collect$$$$0000000F)
    .ARM.Collect$$$$00002712                 0x080001bc   Section        4  entry2.o(.ARM.Collect$$$$00002712)
    __lit__00000000                          0x080001bc   Data           4  entry2.o(.ARM.Collect$$$$00002712)
    .text                                    0x080001c0   Section       36  startup_stm32f427xx.o(.text)
    $v0                                      0x080001c0   Number         0  startup_stm32f427xx.o(.text)
    .text                                    0x080001e4   Section        0  uldiv.o(.text)
    .text                                    0x08000246   Section        0  memcpya.o(.text)
    .text                                    0x0800026a   Section        0  memseta.o(.text)
    .text                                    0x0800028e   Section        0  strlen.o(.text)
    .text                                    0x0800029c   Section        0  memcmp.o(.text)
    .text                                    0x080002b6   Section        0  strncmp.o(.text)
    .text                                    0x080002d4   Section        0  __0sscanf.o(.text)
    .text                                    0x0800030c   Section        0  _scanf_int.o(.text)
    .text                                    0x08000458   Section        0  scanf_fp.o(.text)
    _fp_value                                0x08000459   Thumb Code   296  scanf_fp.o(.text)
    .text                                    0x080007b8   Section        0  f2d.o(.text)
    .text                                    0x080007de   Section        0  uidiv.o(.text)
    .text                                    0x0800080a   Section        0  llshl.o(.text)
    .text                                    0x08000828   Section        0  llushr.o(.text)
    .text                                    0x08000848   Section        0  _chval.o(.text)
    .text                                    0x08000864   Section        0  scanf_char.o(.text)
    _scanf_char_input                        0x08000865   Thumb Code    12  scanf_char.o(.text)
    .text                                    0x0800088c   Section        0  _sgetc.o(.text)
    .text                                    0x080008cc   Section        0  iusefp.o(.text)
    .text                                    0x080008cc   Section        0  dadd.o(.text)
    .text                                    0x08000a1a   Section        0  dmul.o(.text)
    .text                                    0x08000afe   Section        0  ddiv.o(.text)
    .text                                    0x08000bdc   Section        0  dfltul.o(.text)
    .text                                    0x08000bf4   Section        0  dfixul.o(.text)
    .text                                    0x08000c24   Section       48  cdrcmple.o(.text)
    .text                                    0x08000c54   Section        0  d2f.o(.text)
    .text                                    0x08000c8c   Section       36  init.o(.text)
    .text                                    0x08000cb0   Section        0  llsshr.o(.text)
    .text                                    0x08000cd4   Section        0  isspace_c.o(.text)
    .text                                    0x08000ce0   Section        0  _scanf.o(.text)
    .text                                    0x0800100c   Section        0  fepilogue.o(.text)
    .text                                    0x0800107a   Section        0  depilogue.o(.text)
    .text                                    0x08001134   Section        0  ctype_c.o(.text)
    i.BusFault_Handler                       0x0800115c   Section        0  stm32f4xx_it.o(i.BusFault_Handler)
    i.Config_Load                            0x08001160   Section        0  config_manager.o(i.Config_Load)
    i.Config_Save                            0x080011a4   Section        0  config_manager.o(i.Config_Save)
    i.DebugMon_Handler                       0x080011f8   Section        0  stm32f4xx_it.o(i.DebugMon_Handler)
    i.Error_Handler                          0x080011fc   Section        0  main.o(i.Error_Handler)
    i.FLASH_Erase_Sector                     0x0800120c   Section        0  stm32f4xx_hal_flash_ex.o(i.FLASH_Erase_Sector)
    i.FLASH_FlushCaches                      0x08001260   Section        0  stm32f4xx_hal_flash_ex.o(i.FLASH_FlushCaches)
    i.FLASH_MassErase                        0x080012b4   Section        0  stm32f4xx_hal_flash_ex.o(i.FLASH_MassErase)
    FLASH_MassErase                          0x080012b5   Thumb Code    58  stm32f4xx_hal_flash_ex.o(i.FLASH_MassErase)
    i.FLASH_Program_Byte                     0x080012f4   Section        0  stm32f4xx_hal_flash.o(i.FLASH_Program_Byte)
    FLASH_Program_Byte                       0x080012f5   Thumb Code    26  stm32f4xx_hal_flash.o(i.FLASH_Program_Byte)
    i.FLASH_Program_DoubleWord               0x08001314   Section        0  stm32f4xx_hal_flash.o(i.FLASH_Program_DoubleWord)
    FLASH_Program_DoubleWord                 0x08001315   Thumb Code    38  stm32f4xx_hal_flash.o(i.FLASH_Program_DoubleWord)
    i.FLASH_Program_HalfWord                 0x08001340   Section        0  stm32f4xx_hal_flash.o(i.FLASH_Program_HalfWord)
    FLASH_Program_HalfWord                   0x08001341   Thumb Code    30  stm32f4xx_hal_flash.o(i.FLASH_Program_HalfWord)
    i.FLASH_Program_Word                     0x08001364   Section        0  stm32f4xx_hal_flash.o(i.FLASH_Program_Word)
    FLASH_Program_Word                       0x08001365   Thumb Code    30  stm32f4xx_hal_flash.o(i.FLASH_Program_Word)
    i.FLASH_SetErrorCode                     0x08001388   Section        0  stm32f4xx_hal_flash.o(i.FLASH_SetErrorCode)
    FLASH_SetErrorCode                       0x08001389   Thumb Code   116  stm32f4xx_hal_flash.o(i.FLASH_SetErrorCode)
    i.FLASH_WaitForLastOperation             0x08001404   Section        0  stm32f4xx_hal_flash.o(i.FLASH_WaitForLastOperation)
    i.GetTriggerModeString                   0x08001454   Section        0  debug_commands.o(i.GetTriggerModeString)
    i.HAL_DMA_Abort                          0x080014bc   Section        0  stm32f4xx_hal_dma.o(i.HAL_DMA_Abort)
    i.HAL_DMA_Abort_IT                       0x0800154e   Section        0  stm32f4xx_hal_dma.o(i.HAL_DMA_Abort_IT)
    i.HAL_Delay                              0x08001574   Section        0  stm32f4xx_hal.o(i.HAL_Delay)
    i.HAL_FLASHEx_Erase                      0x08001598   Section        0  stm32f4xx_hal_flash_ex.o(i.HAL_FLASHEx_Erase)
    i.HAL_FLASH_Lock                         0x08001634   Section        0  stm32f4xx_hal_flash.o(i.HAL_FLASH_Lock)
    i.HAL_FLASH_Program                      0x08001648   Section        0  stm32f4xx_hal_flash.o(i.HAL_FLASH_Program)
    i.HAL_FLASH_Unlock                       0x080016c4   Section        0  stm32f4xx_hal_flash.o(i.HAL_FLASH_Unlock)
    i.HAL_GPIO_Init                          0x080016f0   Section        0  stm32f4xx_hal_gpio.o(i.HAL_GPIO_Init)
    i.HAL_GPIO_TogglePin                     0x08001924   Section        0  stm32f4xx_hal_gpio.o(i.HAL_GPIO_TogglePin)
    i.HAL_GPIO_WritePin                      0x08001934   Section        0  stm32f4xx_hal_gpio.o(i.HAL_GPIO_WritePin)
    i.HAL_GetTick                            0x08001940   Section        0  stm32f4xx_hal.o(i.HAL_GetTick)
    i.HAL_IncTick                            0x0800194c   Section        0  stm32f4xx_hal.o(i.HAL_IncTick)
    i.HAL_Init                               0x0800195c   Section        0  stm32f4xx_hal.o(i.HAL_Init)
    i.HAL_InitTick                           0x08001990   Section        0  stm32f4xx_hal.o(i.HAL_InitTick)
    i.HAL_MspInit                            0x080019d0   Section        0  stm32f4xx_hal_msp.o(i.HAL_MspInit)
    i.HAL_NVIC_EnableIRQ                     0x08001a00   Section        0  stm32f4xx_hal_cortex.o(i.HAL_NVIC_EnableIRQ)
    i.HAL_NVIC_SetPriority                   0x08001a1c   Section        0  stm32f4xx_hal_cortex.o(i.HAL_NVIC_SetPriority)
    i.HAL_NVIC_SetPriorityGrouping           0x08001a5c   Section        0  stm32f4xx_hal_cortex.o(i.HAL_NVIC_SetPriorityGrouping)
    i.HAL_RCC_ClockConfig                    0x08001a80   Section        0  stm32f4xx_hal_rcc.o(i.HAL_RCC_ClockConfig)
    i.HAL_RCC_GetPCLK1Freq                   0x08001bb4   Section        0  stm32f4xx_hal_rcc.o(i.HAL_RCC_GetPCLK1Freq)
    i.HAL_RCC_GetPCLK2Freq                   0x08001bd4   Section        0  stm32f4xx_hal_rcc.o(i.HAL_RCC_GetPCLK2Freq)
    i.HAL_RCC_GetSysClockFreq                0x08001bf4   Section        0  stm32f4xx_hal_rcc.o(i.HAL_RCC_GetSysClockFreq)
    i.HAL_RCC_OscConfig                      0x08001c58   Section        0  stm32f4xx_hal_rcc.o(i.HAL_RCC_OscConfig)
    i.HAL_SYSTICK_Config                     0x08001fc4   Section        0  stm32f4xx_hal_cortex.o(i.HAL_SYSTICK_Config)
    i.HAL_UARTEx_RxEventCallback             0x08001fec   Section        0  stm32f4xx_hal_uart.o(i.HAL_UARTEx_RxEventCallback)
    i.HAL_UART_ErrorCallback                 0x08001fee   Section        0  stm32f4xx_hal_uart.o(i.HAL_UART_ErrorCallback)
    i.HAL_UART_GetState                      0x08001ff0   Section        0  stm32f4xx_hal_uart.o(i.HAL_UART_GetState)
    i.HAL_UART_IRQHandler                    0x08001ffc   Section        0  stm32f4xx_hal_uart.o(i.HAL_UART_IRQHandler)
    i.HAL_UART_Init                          0x0800227c   Section        0  stm32f4xx_hal_uart.o(i.HAL_UART_Init)
    i.HAL_UART_MspInit                       0x080022e0   Section        0  usart.o(i.HAL_UART_MspInit)
    i.HAL_UART_Receive                       0x0800252c   Section        0  stm32f4xx_hal_uart.o(i.HAL_UART_Receive)
    i.HAL_UART_Receive_IT                    0x080025dc   Section        0  stm32f4xx_hal_uart.o(i.HAL_UART_Receive_IT)
    i.HAL_UART_RxCpltCallback                0x080025f8   Section        0  usart.o(i.HAL_UART_RxCpltCallback)
    i.HAL_UART_Transmit                      0x080026c0   Section        0  stm32f4xx_hal_uart.o(i.HAL_UART_Transmit)
    i.HAL_UART_TxCpltCallback                0x08002760   Section        0  stm32f4xx_hal_uart.o(i.HAL_UART_TxCpltCallback)
    i.HandleDebugMode_Independent            0x08002764   Section        0  debug_commands.o(i.HandleDebugMode_Independent)
    i.HardFault_Handler                      0x080030d8   Section        0  stm32f4xx_it.o(i.HardFault_Handler)
    i.Log_Event                              0x080030dc   Section        0  state_machine.o(i.Log_Event)
    i.Log_Load                               0x08003134   Section        0  config_manager.o(i.Log_Load)
    i.MX_GPIO_Init                           0x0800315c   Section        0  gpio.o(i.MX_GPIO_Init)
    i.MX_UART4_Init                          0x0800328c   Section        0  usart.o(i.MX_UART4_Init)
    i.MX_UART5_Init                          0x080032c4   Section        0  usart.o(i.MX_UART5_Init)
    i.MX_USART1_UART_Init                    0x080032fc   Section        0  usart.o(i.MX_USART1_UART_Init)
    i.MX_USART2_UART_Init                    0x08003334   Section        0  usart.o(i.MX_USART2_UART_Init)
    i.MX_USART3_UART_Init                    0x0800336c   Section        0  usart.o(i.MX_USART3_UART_Init)
    i.MX_USART6_UART_Init                    0x080033a4   Section        0  usart.o(i.MX_USART6_UART_Init)
    i.MemManage_Handler                      0x080033dc   Section        0  stm32f4xx_it.o(i.MemManage_Handler)
    i.ModbusRTU_CRC                          0x080033de   Section        0  modbus_rtu.o(i.ModbusRTU_CRC)
    i.ModbusRTU_PumpStart                    0x08003410   Section        0  modbus_rtu.o(i.ModbusRTU_PumpStart)
    i.ModbusRTU_PumpStop                     0x08003574   Section        0  modbus_rtu.o(i.ModbusRTU_PumpStop)
    i.ModbusRTU_Receive                      0x080036e8   Section        0  modbus_rtu.o(i.ModbusRTU_Receive)
    i.ModbusRTU_Transmit                     0x08003770   Section        0  modbus_rtu.o(i.ModbusRTU_Transmit)
    i.NMI_Handler                            0x080037ee   Section        0  stm32f4xx_it.o(i.NMI_Handler)
    i.PendSV_Handler                         0x080037f0   Section        0  stm32f4xx_it.o(i.PendSV_Handler)
    i.RS485_1_DE_Receive                     0x080037f4   Section        0  usart.o(i.RS485_1_DE_Receive)
    i.RS485_1_DE_Transmit                    0x08003804   Section        0  usart.o(i.RS485_1_DE_Transmit)
    i.RS485_2_DE_Receive                     0x08003814   Section        0  usart.o(i.RS485_2_DE_Receive)
    i.RS485_2_DE_Transmit                    0x08003824   Section        0  usart.o(i.RS485_2_DE_Transmit)
    i.RS485_3_DE_Receive                     0x08003834   Section        0  usart.o(i.RS485_3_DE_Receive)
    i.RS485_3_DE_Transmit                    0x08003844   Section        0  usart.o(i.RS485_3_DE_Transmit)
    i.RS485_4_DE_Receive                     0x08003854   Section        0  usart.o(i.RS485_4_DE_Receive)
    i.RS485_4_DE_Transmit                    0x08003864   Section        0  usart.o(i.RS485_4_DE_Transmit)
    i.RS485_5_DE_Receive                     0x08003874   Section        0  usart.o(i.RS485_5_DE_Receive)
    i.RS485_5_DE_Transmit                    0x08003884   Section        0  usart.o(i.RS485_5_DE_Transmit)
    i.RS485_6_DE_Receive                     0x08003894   Section        0  usart.o(i.RS485_6_DE_Receive)
    i.RS485_6_DE_Transmit                    0x080038a4   Section        0  usart.o(i.RS485_6_DE_Transmit)
    i.RS485_Transmit                         0x080038b4   Section        0  usart.o(i.RS485_Transmit)
    i.SVC_Handler                            0x08003918   Section        0  stm32f4xx_it.o(i.SVC_Handler)
    i.SysTick_Handler                        0x0800391a   Section        0  stm32f4xx_it.o(i.SysTick_Handler)
    i.SystemClock_Config                     0x08003920   Section        0  main.o(i.SystemClock_Config)
    i.SystemInit                             0x080039b0   Section        0  system_stm32f4xx.o(i.SystemInit)
    i.Toggle_RUN_LED                         0x080039c0   Section        0  state_machine.o(i.Toggle_RUN_LED)
    i.TurnOff_RUN_LED                        0x080039d0   Section        0  state_machine.o(i.TurnOff_RUN_LED)
    i.TurnOn_RUN_LED                         0x080039e0   Section        0  state_machine.o(i.TurnOn_RUN_LED)
    i.UART4_IRQHandler                       0x080039f0   Section        0  stm32f4xx_it.o(i.UART4_IRQHandler)
    i.UART5_IRQHandler                       0x080039fc   Section        0  stm32f4xx_it.o(i.UART5_IRQHandler)
    i.UART_DMAAbortOnError                   0x08003a08   Section        0  stm32f4xx_hal_uart.o(i.UART_DMAAbortOnError)
    UART_DMAAbortOnError                     0x08003a09   Thumb Code    14  stm32f4xx_hal_uart.o(i.UART_DMAAbortOnError)
    i.UART_EndRxTransfer                     0x08003a16   Section        0  stm32f4xx_hal_uart.o(i.UART_EndRxTransfer)
    UART_EndRxTransfer                       0x08003a17   Thumb Code    78  stm32f4xx_hal_uart.o(i.UART_EndRxTransfer)
    i.UART_Receive_IT                        0x08003a64   Section        0  stm32f4xx_hal_uart.o(i.UART_Receive_IT)
    UART_Receive_IT                          0x08003a65   Thumb Code   194  stm32f4xx_hal_uart.o(i.UART_Receive_IT)
    i.UART_SetConfig                         0x08003b28   Section        0  stm32f4xx_hal_uart.o(i.UART_SetConfig)
    UART_SetConfig                           0x08003b29   Thumb Code   258  stm32f4xx_hal_uart.o(i.UART_SetConfig)
    i.UART_Start_Receive_IT                  0x08003c34   Section        0  stm32f4xx_hal_uart.o(i.UART_Start_Receive_IT)
    i.UART_WaitOnFlagUntilTimeout            0x08003c6a   Section        0  stm32f4xx_hal_uart.o(i.UART_WaitOnFlagUntilTimeout)
    UART_WaitOnFlagUntilTimeout              0x08003c6b   Thumb Code   114  stm32f4xx_hal_uart.o(i.UART_WaitOnFlagUntilTimeout)
    i.USART1_IRQHandler                      0x08003cdc   Section        0  stm32f4xx_it.o(i.USART1_IRQHandler)
    i.USART2_IRQHandler                      0x08003ce8   Section        0  stm32f4xx_it.o(i.USART2_IRQHandler)
    i.USART3_IRQHandler                      0x08003cf4   Section        0  stm32f4xx_it.o(i.USART3_IRQHandler)
    i.USART6_IRQHandler                      0x08003d00   Section        0  stm32f4xx_it.o(i.USART6_IRQHandler)
    i.UsageFault_Handler                     0x08003d0c   Section        0  stm32f4xx_it.o(i.UsageFault_Handler)
    i.__0printf                              0x08003d10   Section        0  printfa.o(i.__0printf)
    i.__0snprintf                            0x08003d30   Section        0  printfa.o(i.__0snprintf)
    i.__0vsnprintf                           0x08003d60   Section        0  printfa.o(i.__0vsnprintf)
    i.__NVIC_SetPriority                     0x08003d8c   Section        0  stm32f4xx_hal_cortex.o(i.__NVIC_SetPriority)
    __NVIC_SetPriority                       0x08003d8d   Thumb Code    32  stm32f4xx_hal_cortex.o(i.__NVIC_SetPriority)
    i.__scatterload_copy                     0x08003dac   Section       14  handlers.o(i.__scatterload_copy)
    i.__scatterload_null                     0x08003dba   Section        2  handlers.o(i.__scatterload_null)
    i.__scatterload_zeroinit                 0x08003dbc   Section       14  handlers.o(i.__scatterload_zeroinit)
    i._fp_digits                             0x08003dcc   Section        0  printfa.o(i._fp_digits)
    _fp_digits                               0x08003dcd   Thumb Code   366  printfa.o(i._fp_digits)
    i._is_digit                              0x08003f50   Section        0  scanf_fp.o(i._is_digit)
    i._printf_core                           0x08003f60   Section        0  printfa.o(i._printf_core)
    _printf_core                             0x08003f61   Thumb Code  1744  printfa.o(i._printf_core)
    i._printf_post_padding                   0x0800463c   Section        0  printfa.o(i._printf_post_padding)
    _printf_post_padding                     0x0800463d   Thumb Code    36  printfa.o(i._printf_post_padding)
    i._printf_pre_padding                    0x08004660   Section        0  printfa.o(i._printf_pre_padding)
    _printf_pre_padding                      0x08004661   Thumb Code    46  printfa.o(i._printf_pre_padding)
    i._snputc                                0x0800468e   Section        0  printfa.o(i._snputc)
    _snputc                                  0x0800468f   Thumb Code    22  printfa.o(i._snputc)
    i.fputc                                  0x080046a4   Section        0  usart.o(i.fputc)
    i.main                                   0x080046bc   Section        0  main.o(i.main)
    .constdata                               0x08004728   Section       48  usart.o(.constdata)
    transmit_func                            0x08004728   Data          24  usart.o(.constdata)
    receive_func                             0x08004740   Data          24  usart.o(.constdata)
    .constdata                               0x08004758   Section       16  system_stm32f4xx.o(.constdata)
    .constdata                               0x08004768   Section        8  system_stm32f4xx.o(.constdata)
    .constdata                               0x08004770   Section       64  ctype_c.o(.constdata)
    .conststring                             0x080047b0   Section       82  debug_commands.o(.conststring)
    .conststring                             0x08004804   Section       67  modbus_rtu.o(.conststring)
    .data                                    0x20000000   Section        1  main.o(.data)
    .data                                    0x20000001   Section        1  usart.o(.data)
    .data                                    0x20000004   Section       32  stm32f4xx_hal_flash.o(.data)
    .data                                    0x20000024   Section       12  stm32f4xx_hal.o(.data)
    .data                                    0x20000030   Section        4  system_stm32f4xx.o(.data)
    .data                                    0x20000034   Section        4  stdout.o(.data)
    .bss                                     0x20000038   Section       40  state_machine.o(.bss)
    .bss                                     0x20000060   Section       16  main.o(.bss)
    .bss                                     0x20000070   Section      500  usart.o(.bss)
    STACK                                    0x20000268   Section     1024  startup_stm32f427xx.o(STACK)

    Global Symbols

    Symbol Name                              Value     Ov Type        Size  Object(Section)

    BuildAttributes$$THM_ISAv4$E$P$D$K$B$S$7EM$VFPi3$EXTD16$VFPS$VFMA$PE$A:L22UL41UL21$X:L11$S22US41US21$IEEE1$IW$USESV6$~STKCKD$USESV7$~SHL$OTIME$ROPI$EBA8$MICROLIB$REQ8$PRES8$EABIv2 0x00000000   Number         0  anon$$obj.o ABSOLUTE
    __ARM_use_no_argv                        0x00000000   Number         0  main.o ABSOLUTE
    _printf_a                                0x00000000   Number         0  stubs.o ABSOLUTE
    _printf_c                                0x00000000   Number         0  stubs.o ABSOLUTE
    _printf_charcount                        0x00000000   Number         0  stubs.o ABSOLUTE
    _printf_d                                0x00000000   Number         0  stubs.o ABSOLUTE
    _printf_e                                0x00000000   Number         0  stubs.o ABSOLUTE
    _printf_f                                0x00000000   Number         0  stubs.o ABSOLUTE
    _printf_flags                            0x00000000   Number         0  stubs.o ABSOLUTE
    _printf_fp_dec                           0x00000000   Number         0  stubs.o ABSOLUTE
    _printf_fp_hex                           0x00000000   Number         0  stubs.o ABSOLUTE
    _printf_g                                0x00000000   Number         0  stubs.o ABSOLUTE
    _printf_i                                0x00000000   Number         0  stubs.o ABSOLUTE
    _printf_int_dec                          0x00000000   Number         0  stubs.o ABSOLUTE
    _printf_l                                0x00000000   Number         0  stubs.o ABSOLUTE
    _printf_lc                               0x00000000   Number         0  stubs.o ABSOLUTE
    _printf_ll                               0x00000000   Number         0  stubs.o ABSOLUTE
    _printf_lld                              0x00000000   Number         0  stubs.o ABSOLUTE
    _printf_lli                              0x00000000   Number         0  stubs.o ABSOLUTE
    _printf_llo                              0x00000000   Number         0  stubs.o ABSOLUTE
    _printf_llu                              0x00000000   Number         0  stubs.o ABSOLUTE
    _printf_llx                              0x00000000   Number         0  stubs.o ABSOLUTE
    _printf_longlong_dec                     0x00000000   Number         0  stubs.o ABSOLUTE
    _printf_longlong_hex                     0x00000000   Number         0  stubs.o ABSOLUTE
    _printf_longlong_oct                     0x00000000   Number         0  stubs.o ABSOLUTE
    _printf_ls                               0x00000000   Number         0  stubs.o ABSOLUTE
    _printf_mbtowc                           0x00000000   Number         0  stubs.o ABSOLUTE
    _printf_n                                0x00000000   Number         0  stubs.o ABSOLUTE
    _printf_o                                0x00000000   Number         0  stubs.o ABSOLUTE
    _printf_p                                0x00000000   Number         0  stubs.o ABSOLUTE
    _printf_percent                          0x00000000   Number         0  stubs.o ABSOLUTE
    _printf_pre_padding                      0x00000000   Number         0  stubs.o ABSOLUTE
    _printf_return_value                     0x00000000   Number         0  stubs.o ABSOLUTE
    _printf_s                                0x00000000   Number         0  stubs.o ABSOLUTE
    _printf_sizespec                         0x00000000   Number         0  stubs.o ABSOLUTE
    _printf_str                              0x00000000   Number         0  stubs.o ABSOLUTE
    _printf_truncate_signed                  0x00000000   Number         0  stubs.o ABSOLUTE
    _printf_truncate_unsigned                0x00000000   Number         0  stubs.o ABSOLUTE
    _printf_u                                0x00000000   Number         0  stubs.o ABSOLUTE
    _printf_wc                               0x00000000   Number         0  stubs.o ABSOLUTE
    _printf_wctomb                           0x00000000   Number         0  stubs.o ABSOLUTE
    _printf_widthprec                        0x00000000   Number         0  stubs.o ABSOLUTE
    _printf_x                                0x00000000   Number         0  stubs.o ABSOLUTE
    __cpp_initialize__aeabi_                  - Undefined Weak Reference
    __cxa_finalize                            - Undefined Weak Reference
    __decompress                              - Undefined Weak Reference
    _clock_init                               - Undefined Weak Reference
    _microlib_exit                            - Undefined Weak Reference
    _scanf_longlong                           - Undefined Weak Reference
    _scanf_string                             - Undefined Weak Reference
    __Vectors_Size                           0x000001ac   Number         0  startup_stm32f427xx.o ABSOLUTE
    __Vectors                                0x08000000   Data           4  startup_stm32f427xx.o(RESET)
    __Vectors_End                            0x080001ac   Data           0  startup_stm32f427xx.o(RESET)
    __main                                   0x080001ad   Thumb Code     0  entry.o(.ARM.Collect$$$$00000000)
    _main_stk                                0x080001ad   Thumb Code     0  entry2.o(.ARM.Collect$$$$00000001)
    _main_scatterload                        0x080001b1   Thumb Code     0  entry5.o(.ARM.Collect$$$$00000004)
    __main_after_scatterload                 0x080001b5   Thumb Code     0  entry5.o(.ARM.Collect$$$$00000004)
    _main_clock                              0x080001b5   Thumb Code     0  entry7b.o(.ARM.Collect$$$$00000008)
    _main_cpp_init                           0x080001b5   Thumb Code     0  entry8b.o(.ARM.Collect$$$$0000000A)
    _main_init                               0x080001b5   Thumb Code     0  entry9a.o(.ARM.Collect$$$$0000000B)
    __rt_final_cpp                           0x080001bd   Thumb Code     0  entry10a.o(.ARM.Collect$$$$0000000D)
    __rt_final_exit                          0x080001bd   Thumb Code     0  entry11a.o(.ARM.Collect$$$$0000000F)
    Reset_Handler                            0x080001c1   Thumb Code     8  startup_stm32f427xx.o(.text)
    ADC_IRQHandler                           0x080001db   Thumb Code     0  startup_stm32f427xx.o(.text)
    CAN1_RX0_IRQHandler                      0x080001db   Thumb Code     0  startup_stm32f427xx.o(.text)
    CAN1_RX1_IRQHandler                      0x080001db   Thumb Code     0  startup_stm32f427xx.o(.text)
    CAN1_SCE_IRQHandler                      0x080001db   Thumb Code     0  startup_stm32f427xx.o(.text)
    CAN1_TX_IRQHandler                       0x080001db   Thumb Code     0  startup_stm32f427xx.o(.text)
    CAN2_RX0_IRQHandler                      0x080001db   Thumb Code     0  startup_stm32f427xx.o(.text)
    CAN2_RX1_IRQHandler                      0x080001db   Thumb Code     0  startup_stm32f427xx.o(.text)
    CAN2_SCE_IRQHandler                      0x080001db   Thumb Code     0  startup_stm32f427xx.o(.text)
    CAN2_TX_IRQHandler                       0x080001db   Thumb Code     0  startup_stm32f427xx.o(.text)
    DCMI_IRQHandler                          0x080001db   Thumb Code     0  startup_stm32f427xx.o(.text)
    DMA1_Stream0_IRQHandler                  0x080001db   Thumb Code     0  startup_stm32f427xx.o(.text)
    DMA1_Stream1_IRQHandler                  0x080001db   Thumb Code     0  startup_stm32f427xx.o(.text)
    DMA1_Stream2_IRQHandler                  0x080001db   Thumb Code     0  startup_stm32f427xx.o(.text)
    DMA1_Stream3_IRQHandler                  0x080001db   Thumb Code     0  startup_stm32f427xx.o(.text)
    DMA1_Stream4_IRQHandler                  0x080001db   Thumb Code     0  startup_stm32f427xx.o(.text)
    DMA1_Stream5_IRQHandler                  0x080001db   Thumb Code     0  startup_stm32f427xx.o(.text)
    DMA1_Stream6_IRQHandler                  0x080001db   Thumb Code     0  startup_stm32f427xx.o(.text)
    DMA1_Stream7_IRQHandler                  0x080001db   Thumb Code     0  startup_stm32f427xx.o(.text)
    DMA2D_IRQHandler                         0x080001db   Thumb Code     0  startup_stm32f427xx.o(.text)
    DMA2_Stream0_IRQHandler                  0x080001db   Thumb Code     0  startup_stm32f427xx.o(.text)
    DMA2_Stream1_IRQHandler                  0x080001db   Thumb Code     0  startup_stm32f427xx.o(.text)
    DMA2_Stream2_IRQHandler                  0x080001db   Thumb Code     0  startup_stm32f427xx.o(.text)
    DMA2_Stream3_IRQHandler                  0x080001db   Thumb Code     0  startup_stm32f427xx.o(.text)
    DMA2_Stream4_IRQHandler                  0x080001db   Thumb Code     0  startup_stm32f427xx.o(.text)
    DMA2_Stream5_IRQHandler                  0x080001db   Thumb Code     0  startup_stm32f427xx.o(.text)
    DMA2_Stream6_IRQHandler                  0x080001db   Thumb Code     0  startup_stm32f427xx.o(.text)
    DMA2_Stream7_IRQHandler                  0x080001db   Thumb Code     0  startup_stm32f427xx.o(.text)
    ETH_IRQHandler                           0x080001db   Thumb Code     0  startup_stm32f427xx.o(.text)
    ETH_WKUP_IRQHandler                      0x080001db   Thumb Code     0  startup_stm32f427xx.o(.text)
    EXTI0_IRQHandler                         0x080001db   Thumb Code     0  startup_stm32f427xx.o(.text)
    EXTI15_10_IRQHandler                     0x080001db   Thumb Code     0  startup_stm32f427xx.o(.text)
    EXTI1_IRQHandler                         0x080001db   Thumb Code     0  startup_stm32f427xx.o(.text)
    EXTI2_IRQHandler                         0x080001db   Thumb Code     0  startup_stm32f427xx.o(.text)
    EXTI3_IRQHandler                         0x080001db   Thumb Code     0  startup_stm32f427xx.o(.text)
    EXTI4_IRQHandler                         0x080001db   Thumb Code     0  startup_stm32f427xx.o(.text)
    EXTI9_5_IRQHandler                       0x080001db   Thumb Code     0  startup_stm32f427xx.o(.text)
    FLASH_IRQHandler                         0x080001db   Thumb Code     0  startup_stm32f427xx.o(.text)
    FMC_IRQHandler                           0x080001db   Thumb Code     0  startup_stm32f427xx.o(.text)
    FPU_IRQHandler                           0x080001db   Thumb Code     0  startup_stm32f427xx.o(.text)
    HASH_RNG_IRQHandler                      0x080001db   Thumb Code     0  startup_stm32f427xx.o(.text)
    I2C1_ER_IRQHandler                       0x080001db   Thumb Code     0  startup_stm32f427xx.o(.text)
    I2C1_EV_IRQHandler                       0x080001db   Thumb Code     0  startup_stm32f427xx.o(.text)
    I2C2_ER_IRQHandler                       0x080001db   Thumb Code     0  startup_stm32f427xx.o(.text)
    I2C2_EV_IRQHandler                       0x080001db   Thumb Code     0  startup_stm32f427xx.o(.text)
    I2C3_ER_IRQHandler                       0x080001db   Thumb Code     0  startup_stm32f427xx.o(.text)
    I2C3_EV_IRQHandler                       0x080001db   Thumb Code     0  startup_stm32f427xx.o(.text)
    OTG_FS_IRQHandler                        0x080001db   Thumb Code     0  startup_stm32f427xx.o(.text)
    OTG_FS_WKUP_IRQHandler                   0x080001db   Thumb Code     0  startup_stm32f427xx.o(.text)
    OTG_HS_EP1_IN_IRQHandler                 0x080001db   Thumb Code     0  startup_stm32f427xx.o(.text)
    OTG_HS_EP1_OUT_IRQHandler                0x080001db   Thumb Code     0  startup_stm32f427xx.o(.text)
    OTG_HS_IRQHandler                        0x080001db   Thumb Code     0  startup_stm32f427xx.o(.text)
    OTG_HS_WKUP_IRQHandler                   0x080001db   Thumb Code     0  startup_stm32f427xx.o(.text)
    PVD_IRQHandler                           0x080001db   Thumb Code     0  startup_stm32f427xx.o(.text)
    RCC_IRQHandler                           0x080001db   Thumb Code     0  startup_stm32f427xx.o(.text)
    RTC_Alarm_IRQHandler                     0x080001db   Thumb Code     0  startup_stm32f427xx.o(.text)
    RTC_WKUP_IRQHandler                      0x080001db   Thumb Code     0  startup_stm32f427xx.o(.text)
    SAI1_IRQHandler                          0x080001db   Thumb Code     0  startup_stm32f427xx.o(.text)
    SDIO_IRQHandler                          0x080001db   Thumb Code     0  startup_stm32f427xx.o(.text)
    SPI1_IRQHandler                          0x080001db   Thumb Code     0  startup_stm32f427xx.o(.text)
    SPI2_IRQHandler                          0x080001db   Thumb Code     0  startup_stm32f427xx.o(.text)
    SPI3_IRQHandler                          0x080001db   Thumb Code     0  startup_stm32f427xx.o(.text)
    SPI4_IRQHandler                          0x080001db   Thumb Code     0  startup_stm32f427xx.o(.text)
    SPI5_IRQHandler                          0x080001db   Thumb Code     0  startup_stm32f427xx.o(.text)
    SPI6_IRQHandler                          0x080001db   Thumb Code     0  startup_stm32f427xx.o(.text)
    TAMP_STAMP_IRQHandler                    0x080001db   Thumb Code     0  startup_stm32f427xx.o(.text)
    TIM1_BRK_TIM9_IRQHandler                 0x080001db   Thumb Code     0  startup_stm32f427xx.o(.text)
    TIM1_CC_IRQHandler                       0x080001db   Thumb Code     0  startup_stm32f427xx.o(.text)
    TIM1_TRG_COM_TIM11_IRQHandler            0x080001db   Thumb Code     0  startup_stm32f427xx.o(.text)
    TIM1_UP_TIM10_IRQHandler                 0x080001db   Thumb Code     0  startup_stm32f427xx.o(.text)
    TIM2_IRQHandler                          0x080001db   Thumb Code     0  startup_stm32f427xx.o(.text)
    TIM3_IRQHandler                          0x080001db   Thumb Code     0  startup_stm32f427xx.o(.text)
    TIM4_IRQHandler                          0x080001db   Thumb Code     0  startup_stm32f427xx.o(.text)
    TIM5_IRQHandler                          0x080001db   Thumb Code     0  startup_stm32f427xx.o(.text)
    TIM6_DAC_IRQHandler                      0x080001db   Thumb Code     0  startup_stm32f427xx.o(.text)
    TIM7_IRQHandler                          0x080001db   Thumb Code     0  startup_stm32f427xx.o(.text)
    TIM8_BRK_TIM12_IRQHandler                0x080001db   Thumb Code     0  startup_stm32f427xx.o(.text)
    TIM8_CC_IRQHandler                       0x080001db   Thumb Code     0  startup_stm32f427xx.o(.text)
    TIM8_TRG_COM_TIM14_IRQHandler            0x080001db   Thumb Code     0  startup_stm32f427xx.o(.text)
    TIM8_UP_TIM13_IRQHandler                 0x080001db   Thumb Code     0  startup_stm32f427xx.o(.text)
    UART7_IRQHandler                         0x080001db   Thumb Code     0  startup_stm32f427xx.o(.text)
    UART8_IRQHandler                         0x080001db   Thumb Code     0  startup_stm32f427xx.o(.text)
    WWDG_IRQHandler                          0x080001db   Thumb Code     0  startup_stm32f427xx.o(.text)
    __aeabi_uldivmod                         0x080001e5   Thumb Code    98  uldiv.o(.text)
    __aeabi_memcpy                           0x08000247   Thumb Code    36  memcpya.o(.text)
    __aeabi_memcpy4                          0x08000247   Thumb Code     0  memcpya.o(.text)
    __aeabi_memcpy8                          0x08000247   Thumb Code     0  memcpya.o(.text)
    __aeabi_memset                           0x0800026b   Thumb Code    14  memseta.o(.text)
    __aeabi_memset4                          0x0800026b   Thumb Code     0  memseta.o(.text)
    __aeabi_memset8                          0x0800026b   Thumb Code     0  memseta.o(.text)
    __aeabi_memclr                           0x08000279   Thumb Code     4  memseta.o(.text)
    __aeabi_memclr4                          0x08000279   Thumb Code     0  memseta.o(.text)
    __aeabi_memclr8                          0x08000279   Thumb Code     0  memseta.o(.text)
    _memset$wrapper                          0x0800027d   Thumb Code    18  memseta.o(.text)
    strlen                                   0x0800028f   Thumb Code    14  strlen.o(.text)
    memcmp                                   0x0800029d   Thumb Code    26  memcmp.o(.text)
    strncmp                                  0x080002b7   Thumb Code    30  strncmp.o(.text)
    __0sscanf                                0x080002d5   Thumb Code    48  __0sscanf.o(.text)
    _scanf_int                               0x0800030d   Thumb Code   332  _scanf_int.o(.text)
    _scanf_real                              0x08000581   Thumb Code     0  scanf_fp.o(.text)
    _scanf_really_real                       0x08000581   Thumb Code   556  scanf_fp.o(.text)
    __aeabi_f2d                              0x080007b9   Thumb Code    38  f2d.o(.text)
    __aeabi_uidiv                            0x080007df   Thumb Code     0  uidiv.o(.text)
    __aeabi_uidivmod                         0x080007df   Thumb Code    44  uidiv.o(.text)
    __aeabi_llsl                             0x0800080b   Thumb Code    30  llshl.o(.text)
    _ll_shift_l                              0x0800080b   Thumb Code     0  llshl.o(.text)
    __aeabi_llsr                             0x08000829   Thumb Code    32  llushr.o(.text)
    _ll_ushift_r                             0x08000829   Thumb Code     0  llushr.o(.text)
    _chval                                   0x08000849   Thumb Code    28  _chval.o(.text)
    __vfscanf_char                           0x08000871   Thumb Code    20  scanf_char.o(.text)
    _sgetc                                   0x0800088d   Thumb Code    30  _sgetc.o(.text)
    _sbackspace                              0x080008ab   Thumb Code    34  _sgetc.o(.text)
    __I$use$fp                               0x080008cd   Thumb Code     0  iusefp.o(.text)
    __aeabi_dadd                             0x080008cd   Thumb Code   322  dadd.o(.text)
    __aeabi_dsub                             0x08000a0f   Thumb Code     6  dadd.o(.text)
    __aeabi_drsub                            0x08000a15   Thumb Code     6  dadd.o(.text)
    __aeabi_dmul                             0x08000a1b   Thumb Code   228  dmul.o(.text)
    __aeabi_ddiv                             0x08000aff   Thumb Code   222  ddiv.o(.text)
    __aeabi_ul2d                             0x08000bdd   Thumb Code    24  dfltul.o(.text)
    __aeabi_d2ulz                            0x08000bf5   Thumb Code    48  dfixul.o(.text)
    __aeabi_cdrcmple                         0x08000c25   Thumb Code    48  cdrcmple.o(.text)
    __aeabi_d2f                              0x08000c55   Thumb Code    56  d2f.o(.text)
    __scatterload                            0x08000c8d   Thumb Code    28  init.o(.text)
    __scatterload_rt2                        0x08000c8d   Thumb Code     0  init.o(.text)
    __aeabi_lasr                             0x08000cb1   Thumb Code    36  llsshr.o(.text)
    _ll_sshift_r                             0x08000cb1   Thumb Code     0  llsshr.o(.text)
    isspace                                  0x08000cd5   Thumb Code    10  isspace_c.o(.text)
    __vfscanf                                0x08000ce1   Thumb Code   808  _scanf.o(.text)
    _float_round                             0x0800100d   Thumb Code    18  fepilogue.o(.text)
    _float_epilogue                          0x0800101f   Thumb Code    92  fepilogue.o(.text)
    _double_round                            0x0800107b   Thumb Code    30  depilogue.o(.text)
    _double_epilogue                         0x08001099   Thumb Code   156  depilogue.o(.text)
    __ctype_lookup                           0x08001135   Thumb Code    34  ctype_c.o(.text)
    BusFault_Handler                         0x0800115d   Thumb Code     2  stm32f4xx_it.o(i.BusFault_Handler)
    Config_Load                              0x08001161   Thumb Code    54  config_manager.o(i.Config_Load)
    Config_Save                              0x080011a5   Thumb Code    76  config_manager.o(i.Config_Save)
    DebugMon_Handler                         0x080011f9   Thumb Code     2  stm32f4xx_it.o(i.DebugMon_Handler)
    Error_Handler                            0x080011fd   Thumb Code    16  main.o(i.Error_Handler)
    FLASH_Erase_Sector                       0x0800120d   Thumb Code    80  stm32f4xx_hal_flash_ex.o(i.FLASH_Erase_Sector)
    FLASH_FlushCaches                        0x08001261   Thumb Code    80  stm32f4xx_hal_flash_ex.o(i.FLASH_FlushCaches)
    FLASH_WaitForLastOperation               0x08001405   Thumb Code    72  stm32f4xx_hal_flash.o(i.FLASH_WaitForLastOperation)
    GetTriggerModeString                     0x08001455   Thumb Code    38  debug_commands.o(i.GetTriggerModeString)
    HAL_DMA_Abort                            0x080014bd   Thumb Code   146  stm32f4xx_hal_dma.o(i.HAL_DMA_Abort)
    HAL_DMA_Abort_IT                         0x0800154f   Thumb Code    36  stm32f4xx_hal_dma.o(i.HAL_DMA_Abort_IT)
    HAL_Delay                                0x08001575   Thumb Code    32  stm32f4xx_hal.o(i.HAL_Delay)
    HAL_FLASHEx_Erase                        0x08001599   Thumb Code   146  stm32f4xx_hal_flash_ex.o(i.HAL_FLASHEx_Erase)
    HAL_FLASH_Lock                           0x08001635   Thumb Code    14  stm32f4xx_hal_flash.o(i.HAL_FLASH_Lock)
    HAL_FLASH_Program                        0x08001649   Thumb Code   116  stm32f4xx_hal_flash.o(i.HAL_FLASH_Program)
    HAL_FLASH_Unlock                         0x080016c5   Thumb Code    32  stm32f4xx_hal_flash.o(i.HAL_FLASH_Unlock)
    HAL_GPIO_Init                            0x080016f1   Thumb Code   510  stm32f4xx_hal_gpio.o(i.HAL_GPIO_Init)
    HAL_GPIO_TogglePin                       0x08001925   Thumb Code    16  stm32f4xx_hal_gpio.o(i.HAL_GPIO_TogglePin)
    HAL_GPIO_WritePin                        0x08001935   Thumb Code    10  stm32f4xx_hal_gpio.o(i.HAL_GPIO_WritePin)
    HAL_GetTick                              0x08001941   Thumb Code     6  stm32f4xx_hal.o(i.HAL_GetTick)
    HAL_IncTick                              0x0800194d   Thumb Code    12  stm32f4xx_hal.o(i.HAL_IncTick)
    HAL_Init                                 0x0800195d   Thumb Code    48  stm32f4xx_hal.o(i.HAL_Init)
    HAL_InitTick                             0x08001991   Thumb Code    54  stm32f4xx_hal.o(i.HAL_InitTick)
    HAL_MspInit                              0x080019d1   Thumb Code    42  stm32f4xx_hal_msp.o(i.HAL_MspInit)
    HAL_NVIC_EnableIRQ                       0x08001a01   Thumb Code    26  stm32f4xx_hal_cortex.o(i.HAL_NVIC_EnableIRQ)
    HAL_NVIC_SetPriority                     0x08001a1d   Thumb Code    60  stm32f4xx_hal_cortex.o(i.HAL_NVIC_SetPriority)
    HAL_NVIC_SetPriorityGrouping             0x08001a5d   Thumb Code    26  stm32f4xx_hal_cortex.o(i.HAL_NVIC_SetPriorityGrouping)
    HAL_RCC_ClockConfig                      0x08001a81   Thumb Code   288  stm32f4xx_hal_rcc.o(i.HAL_RCC_ClockConfig)
    HAL_RCC_GetPCLK1Freq                     0x08001bb5   Thumb Code    20  stm32f4xx_hal_rcc.o(i.HAL_RCC_GetPCLK1Freq)
    HAL_RCC_GetPCLK2Freq                     0x08001bd5   Thumb Code    20  stm32f4xx_hal_rcc.o(i.HAL_RCC_GetPCLK2Freq)
    HAL_RCC_GetSysClockFreq                  0x08001bf5   Thumb Code    88  stm32f4xx_hal_rcc.o(i.HAL_RCC_GetSysClockFreq)
    HAL_RCC_OscConfig                        0x08001c59   Thumb Code   856  stm32f4xx_hal_rcc.o(i.HAL_RCC_OscConfig)
    HAL_SYSTICK_Config                       0x08001fc5   Thumb Code    40  stm32f4xx_hal_cortex.o(i.HAL_SYSTICK_Config)
    HAL_UARTEx_RxEventCallback               0x08001fed   Thumb Code     2  stm32f4xx_hal_uart.o(i.HAL_UARTEx_RxEventCallback)
    HAL_UART_ErrorCallback                   0x08001fef   Thumb Code     2  stm32f4xx_hal_uart.o(i.HAL_UART_ErrorCallback)
    HAL_UART_GetState                        0x08001ff1   Thumb Code    10  stm32f4xx_hal_uart.o(i.HAL_UART_GetState)
    HAL_UART_IRQHandler                      0x08001ffd   Thumb Code   636  stm32f4xx_hal_uart.o(i.HAL_UART_IRQHandler)
    HAL_UART_Init                            0x0800227d   Thumb Code   100  stm32f4xx_hal_uart.o(i.HAL_UART_Init)
    HAL_UART_MspInit                         0x080022e1   Thumb Code   544  usart.o(i.HAL_UART_MspInit)
    HAL_UART_Receive                         0x0800252d   Thumb Code   176  stm32f4xx_hal_uart.o(i.HAL_UART_Receive)
    HAL_UART_Receive_IT                      0x080025dd   Thumb Code    28  stm32f4xx_hal_uart.o(i.HAL_UART_Receive_IT)
    HAL_UART_RxCpltCallback                  0x080025f9   Thumb Code   160  usart.o(i.HAL_UART_RxCpltCallback)
    HAL_UART_Transmit                        0x080026c1   Thumb Code   160  stm32f4xx_hal_uart.o(i.HAL_UART_Transmit)
    HAL_UART_TxCpltCallback                  0x08002761   Thumb Code     2  stm32f4xx_hal_uart.o(i.HAL_UART_TxCpltCallback)
    HandleDebugMode_Independent              0x08002765   Thumb Code  2052  debug_commands.o(i.HandleDebugMode_Independent)
    HardFault_Handler                        0x080030d9   Thumb Code     2  stm32f4xx_it.o(i.HardFault_Handler)
    Log_Event                                0x080030dd   Thumb Code    74  state_machine.o(i.Log_Event)
    Log_Load                                 0x08003135   Thumb Code    28  config_manager.o(i.Log_Load)
    MX_GPIO_Init                             0x0800315d   Thumb Code   280  gpio.o(i.MX_GPIO_Init)
    MX_UART4_Init                            0x0800328d   Thumb Code    48  usart.o(i.MX_UART4_Init)
    MX_UART5_Init                            0x080032c5   Thumb Code    48  usart.o(i.MX_UART5_Init)
    MX_USART1_UART_Init                      0x080032fd   Thumb Code    48  usart.o(i.MX_USART1_UART_Init)
    MX_USART2_UART_Init                      0x08003335   Thumb Code    48  usart.o(i.MX_USART2_UART_Init)
    MX_USART3_UART_Init                      0x0800336d   Thumb Code    48  usart.o(i.MX_USART3_UART_Init)
    MX_USART6_UART_Init                      0x080033a5   Thumb Code    48  usart.o(i.MX_USART6_UART_Init)
    MemManage_Handler                        0x080033dd   Thumb Code     2  stm32f4xx_it.o(i.MemManage_Handler)
    ModbusRTU_CRC                            0x080033df   Thumb Code    48  modbus_rtu.o(i.ModbusRTU_CRC)
    ModbusRTU_PumpStart                      0x08003411   Thumb Code   184  modbus_rtu.o(i.ModbusRTU_PumpStart)
    ModbusRTU_PumpStop                       0x08003575   Thumb Code   150  modbus_rtu.o(i.ModbusRTU_PumpStop)
    ModbusRTU_Receive                        0x080036e9   Thumb Code   136  modbus_rtu.o(i.ModbusRTU_Receive)
    ModbusRTU_Transmit                       0x08003771   Thumb Code   126  modbus_rtu.o(i.ModbusRTU_Transmit)
    NMI_Handler                              0x080037ef   Thumb Code     2  stm32f4xx_it.o(i.NMI_Handler)
    PendSV_Handler                           0x080037f1   Thumb Code     2  stm32f4xx_it.o(i.PendSV_Handler)
    RS485_1_DE_Receive                       0x080037f5   Thumb Code    12  usart.o(i.RS485_1_DE_Receive)
    RS485_1_DE_Transmit                      0x08003805   Thumb Code    10  usart.o(i.RS485_1_DE_Transmit)
    RS485_2_DE_Receive                       0x08003815   Thumb Code    10  usart.o(i.RS485_2_DE_Receive)
    RS485_2_DE_Transmit                      0x08003825   Thumb Code    10  usart.o(i.RS485_2_DE_Transmit)
    RS485_3_DE_Receive                       0x08003835   Thumb Code    12  usart.o(i.RS485_3_DE_Receive)
    RS485_3_DE_Transmit                      0x08003845   Thumb Code    10  usart.o(i.RS485_3_DE_Transmit)
    RS485_4_DE_Receive                       0x08003855   Thumb Code    10  usart.o(i.RS485_4_DE_Receive)
    RS485_4_DE_Transmit                      0x08003865   Thumb Code    10  usart.o(i.RS485_4_DE_Transmit)
    RS485_5_DE_Receive                       0x08003875   Thumb Code    10  usart.o(i.RS485_5_DE_Receive)
    RS485_5_DE_Transmit                      0x08003885   Thumb Code    10  usart.o(i.RS485_5_DE_Transmit)
    RS485_6_DE_Receive                       0x08003895   Thumb Code    12  usart.o(i.RS485_6_DE_Receive)
    RS485_6_DE_Transmit                      0x080038a5   Thumb Code    10  usart.o(i.RS485_6_DE_Transmit)
    RS485_Transmit                           0x080038b5   Thumb Code    96  usart.o(i.RS485_Transmit)
    SVC_Handler                              0x08003919   Thumb Code     2  stm32f4xx_it.o(i.SVC_Handler)
    SysTick_Handler                          0x0800391b   Thumb Code     4  stm32f4xx_it.o(i.SysTick_Handler)
    SystemClock_Config                       0x08003921   Thumb Code   134  main.o(i.SystemClock_Config)
    SystemInit                               0x080039b1   Thumb Code    12  system_stm32f4xx.o(i.SystemInit)
    Toggle_RUN_LED                           0x080039c1   Thumb Code    10  state_machine.o(i.Toggle_RUN_LED)
    TurnOff_RUN_LED                          0x080039d1   Thumb Code    12  state_machine.o(i.TurnOff_RUN_LED)
    TurnOn_RUN_LED                           0x080039e1   Thumb Code    10  state_machine.o(i.TurnOn_RUN_LED)
    UART4_IRQHandler                         0x080039f1   Thumb Code     6  stm32f4xx_it.o(i.UART4_IRQHandler)
    UART5_IRQHandler                         0x080039fd   Thumb Code     6  stm32f4xx_it.o(i.UART5_IRQHandler)
    UART_Start_Receive_IT                    0x08003c35   Thumb Code    54  stm32f4xx_hal_uart.o(i.UART_Start_Receive_IT)
    USART1_IRQHandler                        0x08003cdd   Thumb Code     6  stm32f4xx_it.o(i.USART1_IRQHandler)
    USART2_IRQHandler                        0x08003ce9   Thumb Code     6  stm32f4xx_it.o(i.USART2_IRQHandler)
    USART3_IRQHandler                        0x08003cf5   Thumb Code     6  stm32f4xx_it.o(i.USART3_IRQHandler)
    USART6_IRQHandler                        0x08003d01   Thumb Code     6  stm32f4xx_it.o(i.USART6_IRQHandler)
    UsageFault_Handler                       0x08003d0d   Thumb Code     2  stm32f4xx_it.o(i.UsageFault_Handler)
    __0printf                                0x08003d11   Thumb Code    22  printfa.o(i.__0printf)
    __1printf                                0x08003d11   Thumb Code     0  printfa.o(i.__0printf)
    __2printf                                0x08003d11   Thumb Code     0  printfa.o(i.__0printf)
    __c89printf                              0x08003d11   Thumb Code     0  printfa.o(i.__0printf)
    printf                                   0x08003d11   Thumb Code     0  printfa.o(i.__0printf)
    __0snprintf                              0x08003d31   Thumb Code    44  printfa.o(i.__0snprintf)
    __1snprintf                              0x08003d31   Thumb Code     0  printfa.o(i.__0snprintf)
    __2snprintf                              0x08003d31   Thumb Code     0  printfa.o(i.__0snprintf)
    __c89snprintf                            0x08003d31   Thumb Code     0  printfa.o(i.__0snprintf)
    snprintf                                 0x08003d31   Thumb Code     0  printfa.o(i.__0snprintf)
    __0vsnprintf                             0x08003d61   Thumb Code    40  printfa.o(i.__0vsnprintf)
    __1vsnprintf                             0x08003d61   Thumb Code     0  printfa.o(i.__0vsnprintf)
    __2vsnprintf                             0x08003d61   Thumb Code     0  printfa.o(i.__0vsnprintf)
    __c89vsnprintf                           0x08003d61   Thumb Code     0  printfa.o(i.__0vsnprintf)
    vsnprintf                                0x08003d61   Thumb Code     0  printfa.o(i.__0vsnprintf)
    __scatterload_copy                       0x08003dad   Thumb Code    14  handlers.o(i.__scatterload_copy)
    __scatterload_null                       0x08003dbb   Thumb Code     2  handlers.o(i.__scatterload_null)
    __scatterload_zeroinit                   0x08003dbd   Thumb Code    14  handlers.o(i.__scatterload_zeroinit)
    _is_digit                                0x08003f51   Thumb Code    14  scanf_fp.o(i._is_digit)
    fputc                                    0x080046a5   Thumb Code    20  usart.o(i.fputc)
    main                                     0x080046bd   Thumb Code    96  main.o(i.main)
    AHBPrescTable                            0x08004758   Data          16  system_stm32f4xx.o(.constdata)
    APBPrescTable                            0x08004768   Data           8  system_stm32f4xx.o(.constdata)
    __ctype_categories                       0x08004770   Data          64  ctype_c.o(.constdata)
    Region$$Table$$Base                      0x08004848   Number         0  anon$$obj.o(Region$$Table)
    Region$$Table$$Limit                     0x08004868   Number         0  anon$$obj.o(Region$$Table)
    debugMode                                0x20000000   Data           1  main.o(.data)
    aRx1Buffer                               0x20000001   Data           1  usart.o(.data)
    pFlash                                   0x20000004   Data          32  stm32f4xx_hal_flash.o(.data)
    uwTickFreq                               0x20000024   Data           1  stm32f4xx_hal.o(.data)
    uwTickPrio                               0x20000028   Data           4  stm32f4xx_hal.o(.data)
    uwTick                                   0x2000002c   Data           4  stm32f4xx_hal.o(.data)
    SystemCoreClock                          0x20000030   Data           4  system_stm32f4xx.o(.data)
    __stdout                                 0x20000034   Data           4  stdout.o(.data)
    g_sampling_log                           0x20000038   Data          40  state_machine.o(.bss)
    g_job_config                             0x20000060   Data          16  main.o(.bss)
    rx1S                                     0x20000070   Data          66  usart.o(.bss)
    huart4                                   0x200000b4   Data          72  usart.o(.bss)
    huart5                                   0x200000fc   Data          72  usart.o(.bss)
    huart1                                   0x20000144   Data          72  usart.o(.bss)
    huart2                                   0x2000018c   Data          72  usart.o(.bss)
    huart3                                   0x200001d4   Data          72  usart.o(.bss)
    huart6                                   0x2000021c   Data          72  usart.o(.bss)
    __initial_sp                             0x20000668   Data           0  startup_stm32f427xx.o(STACK)



==============================================================================

Memory Map of the image

  Image Entry point : 0x080001ad

  Load Region LR_IROM1 (Base: 0x08000000, Size: 0x000048a0, Max: 0x00100000, ABSOLUTE)

    Execution Region ER_IROM1 (Exec base: 0x08000000, Load base: 0x08000000, Size: 0x00004868, Max: 0x00100000, ABSOLUTE)

    Exec Addr    Load Addr    Size         Type   Attr      Idx    E Section Name        Object

    0x08000000   0x08000000   0x000001ac   Data   RO            3    RESET               startup_stm32f427xx.o
    0x080001ac   0x080001ac   0x00000000   Code   RO         2446  * .ARM.Collect$$$$00000000  mc_w.l(entry.o)
    0x080001ac   0x080001ac   0x00000004   Code   RO         2734    .ARM.Collect$$$$00000001  mc_w.l(entry2.o)
    0x080001b0   0x080001b0   0x00000004   Code   RO         2737    .ARM.Collect$$$$00000004  mc_w.l(entry5.o)
    0x080001b4   0x080001b4   0x00000000   Code   RO         2739    .ARM.Collect$$$$00000008  mc_w.l(entry7b.o)
    0x080001b4   0x080001b4   0x00000000   Code   RO         2741    .ARM.Collect$$$$0000000A  mc_w.l(entry8b.o)
    0x080001b4   0x080001b4   0x00000008   Code   RO         2742    .ARM.Collect$$$$0000000B  mc_w.l(entry9a.o)
    0x080001bc   0x080001bc   0x00000000   Code   RO         2744    .ARM.Collect$$$$0000000D  mc_w.l(entry10a.o)
    0x080001bc   0x080001bc   0x00000000   Code   RO         2746    .ARM.Collect$$$$0000000F  mc_w.l(entry11a.o)
    0x080001bc   0x080001bc   0x00000004   Code   RO         2735    .ARM.Collect$$$$00002712  mc_w.l(entry2.o)
    0x080001c0   0x080001c0   0x00000024   Code   RO            4    .text               startup_stm32f427xx.o
    0x080001e4   0x080001e4   0x00000062   Code   RO         2449    .text               mc_w.l(uldiv.o)
    0x08000246   0x08000246   0x00000024   Code   RO         2451    .text               mc_w.l(memcpya.o)
    0x0800026a   0x0800026a   0x00000024   Code   RO         2453    .text               mc_w.l(memseta.o)
    0x0800028e   0x0800028e   0x0000000e   Code   RO         2455    .text               mc_w.l(strlen.o)
    0x0800029c   0x0800029c   0x0000001a   Code   RO         2457    .text               mc_w.l(memcmp.o)
    0x080002b6   0x080002b6   0x0000001e   Code   RO         2459    .text               mc_w.l(strncmp.o)
    0x080002d4   0x080002d4   0x00000038   Code   RO         2724    .text               mc_w.l(__0sscanf.o)
    0x0800030c   0x0800030c   0x0000014c   Code   RO         2726    .text               mc_w.l(_scanf_int.o)
    0x08000458   0x08000458   0x00000360   Code   RO         2728    .text               mc_w.l(scanf_fp.o)
    0x080007b8   0x080007b8   0x00000026   Code   RO         2732    .text               mf_w.l(f2d.o)
    0x080007de   0x080007de   0x0000002c   Code   RO         2749    .text               mc_w.l(uidiv.o)
    0x0800080a   0x0800080a   0x0000001e   Code   RO         2751    .text               mc_w.l(llshl.o)
    0x08000828   0x08000828   0x00000020   Code   RO         2753    .text               mc_w.l(llushr.o)
    0x08000848   0x08000848   0x0000001c   Code   RO         2755    .text               mc_w.l(_chval.o)
    0x08000864   0x08000864   0x00000028   Code   RO         2757    .text               mc_w.l(scanf_char.o)
    0x0800088c   0x0800088c   0x00000040   Code   RO         2759    .text               mc_w.l(_sgetc.o)
    0x080008cc   0x080008cc   0x00000000   Code   RO         2761    .text               mc_w.l(iusefp.o)
    0x080008cc   0x080008cc   0x0000014e   Code   RO         2762    .text               mf_w.l(dadd.o)
    0x08000a1a   0x08000a1a   0x000000e4   Code   RO         2764    .text               mf_w.l(dmul.o)
    0x08000afe   0x08000afe   0x000000de   Code   RO         2766    .text               mf_w.l(ddiv.o)
    0x08000bdc   0x08000bdc   0x00000018   Code   RO         2768    .text               mf_w.l(dfltul.o)
    0x08000bf4   0x08000bf4   0x00000030   Code   RO         2770    .text               mf_w.l(dfixul.o)
    0x08000c24   0x08000c24   0x00000030   Code   RO         2772    .text               mf_w.l(cdrcmple.o)
    0x08000c54   0x08000c54   0x00000038   Code   RO         2774    .text               mf_w.l(d2f.o)
    0x08000c8c   0x08000c8c   0x00000024   Code   RO         2776    .text               mc_w.l(init.o)
    0x08000cb0   0x08000cb0   0x00000024   Code   RO         2778    .text               mc_w.l(llsshr.o)
    0x08000cd4   0x08000cd4   0x0000000a   Code   RO         2780    .text               mc_w.l(isspace_c.o)
    0x08000cde   0x08000cde   0x00000002   PAD
    0x08000ce0   0x08000ce0   0x0000032c   Code   RO         2782    .text               mc_w.l(_scanf.o)
    0x0800100c   0x0800100c   0x0000006e   Code   RO         2784    .text               mf_w.l(fepilogue.o)
    0x0800107a   0x0800107a   0x000000ba   Code   RO         2786    .text               mf_w.l(depilogue.o)
    0x08001134   0x08001134   0x00000028   Code   RO         2788    .text               mc_w.l(ctype_c.o)
    0x0800115c   0x0800115c   0x00000002   Code   RO          681    i.BusFault_Handler  stm32f4xx_it.o
    0x0800115e   0x0800115e   0x00000002   PAD
    0x08001160   0x08001160   0x00000044   Code   RO          390    i.Config_Load       config_manager.o
    0x080011a4   0x080011a4   0x00000054   Code   RO          391    i.Config_Save       config_manager.o
    0x080011f8   0x080011f8   0x00000002   Code   RO          682    i.DebugMon_Handler  stm32f4xx_it.o
    0x080011fa   0x080011fa   0x00000002   PAD
    0x080011fc   0x080011fc   0x00000010   Code   RO          432    i.Error_Handler     main.o
    0x0800120c   0x0800120c   0x00000054   Code   RO         1465    i.FLASH_Erase_Sector  stm32f4xx_hal_flash_ex.o
    0x08001260   0x08001260   0x00000054   Code   RO         1466    i.FLASH_FlushCaches  stm32f4xx_hal_flash_ex.o
    0x080012b4   0x080012b4   0x00000040   Code   RO         1467    i.FLASH_MassErase   stm32f4xx_hal_flash_ex.o
    0x080012f4   0x080012f4   0x00000020   Code   RO         1347    i.FLASH_Program_Byte  stm32f4xx_hal_flash.o
    0x08001314   0x08001314   0x0000002c   Code   RO         1348    i.FLASH_Program_DoubleWord  stm32f4xx_hal_flash.o
    0x08001340   0x08001340   0x00000024   Code   RO         1349    i.FLASH_Program_HalfWord  stm32f4xx_hal_flash.o
    0x08001364   0x08001364   0x00000024   Code   RO         1350    i.FLASH_Program_Word  stm32f4xx_hal_flash.o
    0x08001388   0x08001388   0x0000007c   Code   RO         1351    i.FLASH_SetErrorCode  stm32f4xx_hal_flash.o
    0x08001404   0x08001404   0x00000050   Code   RO         1352    i.FLASH_WaitForLastOperation  stm32f4xx_hal_flash.o
    0x08001454   0x08001454   0x00000068   Code   RO          290    i.GetTriggerModeString  debug_commands.o
    0x080014bc   0x080014bc   0x00000092   Code   RO         1693    i.HAL_DMA_Abort     stm32f4xx_hal_dma.o
    0x0800154e   0x0800154e   0x00000024   Code   RO         1694    i.HAL_DMA_Abort_IT  stm32f4xx_hal_dma.o
    0x08001572   0x08001572   0x00000002   PAD
    0x08001574   0x08001574   0x00000024   Code   RO         2148    i.HAL_Delay         stm32f4xx_hal.o
    0x08001598   0x08001598   0x0000009c   Code   RO         1472    i.HAL_FLASHEx_Erase  stm32f4xx_hal_flash_ex.o
    0x08001634   0x08001634   0x00000014   Code   RO         1356    i.HAL_FLASH_Lock    stm32f4xx_hal_flash.o
    0x08001648   0x08001648   0x0000007c   Code   RO         1361    i.HAL_FLASH_Program  stm32f4xx_hal_flash.o
    0x080016c4   0x080016c4   0x0000002c   Code   RO         1363    i.HAL_FLASH_Unlock  stm32f4xx_hal_flash.o
    0x080016f0   0x080016f0   0x00000234   Code   RO         1586    i.HAL_GPIO_Init     stm32f4xx_hal_gpio.o
    0x08001924   0x08001924   0x00000010   Code   RO         1589    i.HAL_GPIO_TogglePin  stm32f4xx_hal_gpio.o
    0x08001934   0x08001934   0x0000000a   Code   RO         1590    i.HAL_GPIO_WritePin  stm32f4xx_hal_gpio.o
    0x0800193e   0x0800193e   0x00000002   PAD
    0x08001940   0x08001940   0x0000000c   Code   RO         2156    i.HAL_GetTick       stm32f4xx_hal.o
    0x0800194c   0x0800194c   0x00000010   Code   RO         2162    i.HAL_IncTick       stm32f4xx_hal.o
    0x0800195c   0x0800195c   0x00000034   Code   RO         2163    i.HAL_Init          stm32f4xx_hal.o
    0x08001990   0x08001990   0x00000040   Code   RO         2164    i.HAL_InitTick      stm32f4xx_hal.o
    0x080019d0   0x080019d0   0x00000030   Code   RO          792    i.HAL_MspInit       stm32f4xx_hal_msp.o
    0x08001a00   0x08001a00   0x0000001a   Code   RO         1996    i.HAL_NVIC_EnableIRQ  stm32f4xx_hal_cortex.o
    0x08001a1a   0x08001a1a   0x00000002   PAD
    0x08001a1c   0x08001a1c   0x00000040   Code   RO         2002    i.HAL_NVIC_SetPriority  stm32f4xx_hal_cortex.o
    0x08001a5c   0x08001a5c   0x00000024   Code   RO         2003    i.HAL_NVIC_SetPriorityGrouping  stm32f4xx_hal_cortex.o
    0x08001a80   0x08001a80   0x00000134   Code   RO         1180    i.HAL_RCC_ClockConfig  stm32f4xx_hal_rcc.o
    0x08001bb4   0x08001bb4   0x00000020   Code   RO         1187    i.HAL_RCC_GetPCLK1Freq  stm32f4xx_hal_rcc.o
    0x08001bd4   0x08001bd4   0x00000020   Code   RO         1188    i.HAL_RCC_GetPCLK2Freq  stm32f4xx_hal_rcc.o
    0x08001bf4   0x08001bf4   0x00000064   Code   RO         1189    i.HAL_RCC_GetSysClockFreq  stm32f4xx_hal_rcc.o
    0x08001c58   0x08001c58   0x0000036c   Code   RO         1192    i.HAL_RCC_OscConfig  stm32f4xx_hal_rcc.o
    0x08001fc4   0x08001fc4   0x00000028   Code   RO         2007    i.HAL_SYSTICK_Config  stm32f4xx_hal_cortex.o
    0x08001fec   0x08001fec   0x00000002   Code   RO          828    i.HAL_UARTEx_RxEventCallback  stm32f4xx_hal_uart.o
    0x08001fee   0x08001fee   0x00000002   Code   RO          842    i.HAL_UART_ErrorCallback  stm32f4xx_hal_uart.o
    0x08001ff0   0x08001ff0   0x0000000a   Code   RO          844    i.HAL_UART_GetState  stm32f4xx_hal_uart.o
    0x08001ffa   0x08001ffa   0x00000002   PAD
    0x08001ffc   0x08001ffc   0x00000280   Code   RO          845    i.HAL_UART_IRQHandler  stm32f4xx_hal_uart.o
    0x0800227c   0x0800227c   0x00000064   Code   RO          846    i.HAL_UART_Init     stm32f4xx_hal_uart.o
    0x080022e0   0x080022e0   0x0000024c   Code   RO          505    i.HAL_UART_MspInit  usart.o
    0x0800252c   0x0800252c   0x000000b0   Code   RO          849    i.HAL_UART_Receive  stm32f4xx_hal_uart.o
    0x080025dc   0x080025dc   0x0000001c   Code   RO          851    i.HAL_UART_Receive_IT  stm32f4xx_hal_uart.o
    0x080025f8   0x080025f8   0x000000c8   Code   RO          506    i.HAL_UART_RxCpltCallback  usart.o
    0x080026c0   0x080026c0   0x000000a0   Code   RO          854    i.HAL_UART_Transmit  stm32f4xx_hal_uart.o
    0x08002760   0x08002760   0x00000002   Code   RO          857    i.HAL_UART_TxCpltCallback  stm32f4xx_hal_uart.o
    0x08002762   0x08002762   0x00000002   PAD
    0x08002764   0x08002764   0x00000974   Code   RO          291    i.HandleDebugMode_Independent  debug_commands.o
    0x080030d8   0x080030d8   0x00000002   Code   RO          683    i.HardFault_Handler  stm32f4xx_it.o
    0x080030da   0x080030da   0x00000002   PAD
    0x080030dc   0x080030dc   0x00000058   Code   RO           19    i.Log_Event         state_machine.o
    0x08003134   0x08003134   0x00000028   Code   RO          392    i.Log_Load          config_manager.o
    0x0800315c   0x0800315c   0x00000130   Code   RO          480    i.MX_GPIO_Init      gpio.o
    0x0800328c   0x0800328c   0x00000038   Code   RO          507    i.MX_UART4_Init     usart.o
    0x080032c4   0x080032c4   0x00000038   Code   RO          508    i.MX_UART5_Init     usart.o
    0x080032fc   0x080032fc   0x00000038   Code   RO          509    i.MX_USART1_UART_Init  usart.o
    0x08003334   0x08003334   0x00000038   Code   RO          510    i.MX_USART2_UART_Init  usart.o
    0x0800336c   0x0800336c   0x00000038   Code   RO          511    i.MX_USART3_UART_Init  usart.o
    0x080033a4   0x080033a4   0x00000038   Code   RO          512    i.MX_USART6_UART_Init  usart.o
    0x080033dc   0x080033dc   0x00000002   Code   RO          684    i.MemManage_Handler  stm32f4xx_it.o
    0x080033de   0x080033de   0x00000030   Code   RO          329    i.ModbusRTU_CRC     modbus_rtu.o
    0x0800340e   0x0800340e   0x00000002   PAD
    0x08003410   0x08003410   0x00000164   Code   RO          331    i.ModbusRTU_PumpStart  modbus_rtu.o
    0x08003574   0x08003574   0x00000174   Code   RO          332    i.ModbusRTU_PumpStop  modbus_rtu.o
    0x080036e8   0x080036e8   0x00000088   Code   RO          333    i.ModbusRTU_Receive  modbus_rtu.o
    0x08003770   0x08003770   0x0000007e   Code   RO          334    i.ModbusRTU_Transmit  modbus_rtu.o
    0x080037ee   0x080037ee   0x00000002   Code   RO          685    i.NMI_Handler       stm32f4xx_it.o
    0x080037f0   0x080037f0   0x00000002   Code   RO          686    i.PendSV_Handler    stm32f4xx_it.o
    0x080037f2   0x080037f2   0x00000002   PAD
    0x080037f4   0x080037f4   0x00000010   Code   RO          513    i.RS485_1_DE_Receive  usart.o
    0x08003804   0x08003804   0x00000010   Code   RO          514    i.RS485_1_DE_Transmit  usart.o
    0x08003814   0x08003814   0x00000010   Code   RO          515    i.RS485_2_DE_Receive  usart.o
    0x08003824   0x08003824   0x00000010   Code   RO          516    i.RS485_2_DE_Transmit  usart.o
    0x08003834   0x08003834   0x00000010   Code   RO          517    i.RS485_3_DE_Receive  usart.o
    0x08003844   0x08003844   0x00000010   Code   RO          518    i.RS485_3_DE_Transmit  usart.o
    0x08003854   0x08003854   0x00000010   Code   RO          519    i.RS485_4_DE_Receive  usart.o
    0x08003864   0x08003864   0x00000010   Code   RO          520    i.RS485_4_DE_Transmit  usart.o
    0x08003874   0x08003874   0x00000010   Code   RO          521    i.RS485_5_DE_Receive  usart.o
    0x08003884   0x08003884   0x00000010   Code   RO          522    i.RS485_5_DE_Transmit  usart.o
    0x08003894   0x08003894   0x00000010   Code   RO          523    i.RS485_6_DE_Receive  usart.o
    0x080038a4   0x080038a4   0x00000010   Code   RO          524    i.RS485_6_DE_Transmit  usart.o
    0x080038b4   0x080038b4   0x00000064   Code   RO          525    i.RS485_Transmit    usart.o
    0x08003918   0x08003918   0x00000002   Code   RO          687    i.SVC_Handler       stm32f4xx_it.o
    0x0800391a   0x0800391a   0x00000004   Code   RO          688    i.SysTick_Handler   stm32f4xx_it.o
    0x0800391e   0x0800391e   0x00000002   PAD
    0x08003920   0x08003920   0x00000090   Code   RO          433    i.SystemClock_Config  main.o
    0x080039b0   0x080039b0   0x00000010   Code   RO         2412    i.SystemInit        system_stm32f4xx.o
    0x080039c0   0x080039c0   0x00000010   Code   RO           33    i.Toggle_RUN_LED    state_machine.o
    0x080039d0   0x080039d0   0x00000010   Code   RO           34    i.TurnOff_RUN_LED   state_machine.o
    0x080039e0   0x080039e0   0x00000010   Code   RO           35    i.TurnOn_RUN_LED    state_machine.o
    0x080039f0   0x080039f0   0x0000000c   Code   RO          689    i.UART4_IRQHandler  stm32f4xx_it.o
    0x080039fc   0x080039fc   0x0000000c   Code   RO          690    i.UART5_IRQHandler  stm32f4xx_it.o
    0x08003a08   0x08003a08   0x0000000e   Code   RO          859    i.UART_DMAAbortOnError  stm32f4xx_hal_uart.o
    0x08003a16   0x08003a16   0x0000004e   Code   RO          869    i.UART_EndRxTransfer  stm32f4xx_hal_uart.o
    0x08003a64   0x08003a64   0x000000c2   Code   RO          871    i.UART_Receive_IT   stm32f4xx_hal_uart.o
    0x08003b26   0x08003b26   0x00000002   PAD
    0x08003b28   0x08003b28   0x0000010c   Code   RO          872    i.UART_SetConfig    stm32f4xx_hal_uart.o
    0x08003c34   0x08003c34   0x00000036   Code   RO          874    i.UART_Start_Receive_IT  stm32f4xx_hal_uart.o
    0x08003c6a   0x08003c6a   0x00000072   Code   RO          875    i.UART_WaitOnFlagUntilTimeout  stm32f4xx_hal_uart.o
    0x08003cdc   0x08003cdc   0x0000000c   Code   RO          691    i.USART1_IRQHandler  stm32f4xx_it.o
    0x08003ce8   0x08003ce8   0x0000000c   Code   RO          692    i.USART2_IRQHandler  stm32f4xx_it.o
    0x08003cf4   0x08003cf4   0x0000000c   Code   RO          693    i.USART3_IRQHandler  stm32f4xx_it.o
    0x08003d00   0x08003d00   0x0000000c   Code   RO          694    i.USART6_IRQHandler  stm32f4xx_it.o
    0x08003d0c   0x08003d0c   0x00000002   Code   RO          695    i.UsageFault_Handler  stm32f4xx_it.o
    0x08003d0e   0x08003d0e   0x00000002   PAD
    0x08003d10   0x08003d10   0x00000020   Code   RO         2696    i.__0printf         mc_w.l(printfa.o)
    0x08003d30   0x08003d30   0x00000030   Code   RO         2697    i.__0snprintf       mc_w.l(printfa.o)
    0x08003d60   0x08003d60   0x0000002c   Code   RO         2701    i.__0vsnprintf      mc_w.l(printfa.o)
    0x08003d8c   0x08003d8c   0x00000020   Code   RO         2009    i.__NVIC_SetPriority  stm32f4xx_hal_cortex.o
    0x08003dac   0x08003dac   0x0000000e   Code   RO         2793    i.__scatterload_copy  mc_w.l(handlers.o)
    0x08003dba   0x08003dba   0x00000002   Code   RO         2794    i.__scatterload_null  mc_w.l(handlers.o)
    0x08003dbc   0x08003dbc   0x0000000e   Code   RO         2795    i.__scatterload_zeroinit  mc_w.l(handlers.o)
    0x08003dca   0x08003dca   0x00000002   PAD
    0x08003dcc   0x08003dcc   0x00000184   Code   RO         2703    i._fp_digits        mc_w.l(printfa.o)
    0x08003f50   0x08003f50   0x0000000e   Code   RO         2730    i._is_digit         mc_w.l(scanf_fp.o)
    0x08003f5e   0x08003f5e   0x00000002   PAD
    0x08003f60   0x08003f60   0x000006dc   Code   RO         2704    i._printf_core      mc_w.l(printfa.o)
    0x0800463c   0x0800463c   0x00000024   Code   RO         2705    i._printf_post_padding  mc_w.l(printfa.o)
    0x08004660   0x08004660   0x0000002e   Code   RO         2706    i._printf_pre_padding  mc_w.l(printfa.o)
    0x0800468e   0x0800468e   0x00000016   Code   RO         2707    i._snputc           mc_w.l(printfa.o)
    0x080046a4   0x080046a4   0x00000018   Code   RO          527    i.fputc             usart.o
    0x080046bc   0x080046bc   0x0000006c   Code   RO          434    i.main              main.o
    0x08004728   0x08004728   0x00000030   Data   RO          529    .constdata          usart.o
    0x08004758   0x08004758   0x00000010   Data   RO         2413    .constdata          system_stm32f4xx.o
    0x08004768   0x08004768   0x00000008   Data   RO         2414    .constdata          system_stm32f4xx.o
    0x08004770   0x08004770   0x00000040   Data   RO         2789    .constdata          mc_w.l(ctype_c.o)
    0x080047b0   0x080047b0   0x00000052   Data   RO          292    .conststring        debug_commands.o
    0x08004802   0x08004802   0x00000002   PAD
    0x08004804   0x08004804   0x00000043   Data   RO          336    .conststring        modbus_rtu.o
    0x08004847   0x08004847   0x00000001   PAD
    0x08004848   0x08004848   0x00000020   Data   RO         2791    Region$$Table       anon$$obj.o


    Execution Region RW_IRAM2 (Exec base: 0x10000000, Load base: 0x080048a0, Size: 0x00000000, Max: 0x00010000, ABSOLUTE)

    **** No section assigned to this execution region ****


    Execution Region RW_IRAM1 (Exec base: 0x20000000, Load base: 0x08004868, Size: 0x00000668, Max: 0x00030000, ABSOLUTE)

    Exec Addr    Load Addr    Size         Type   Attr      Idx    E Section Name        Object

    0x20000000   0x08004868   0x00000001   Data   RW          436    .data               main.o
    0x20000001   0x08004869   0x00000001   Data   RW          530    .data               usart.o
    0x20000002   0x0800486a   0x00000002   PAD
    0x20000004   0x0800486c   0x00000020   Data   RW         1364    .data               stm32f4xx_hal_flash.o
    0x20000024   0x0800488c   0x0000000c   Data   RW         2170    .data               stm32f4xx_hal.o
    0x20000030   0x08004898   0x00000004   Data   RW         2415    .data               system_stm32f4xx.o
    0x20000034   0x0800489c   0x00000004   Data   RW         2748    .data               mc_w.l(stdout.o)
    0x20000038        -       0x00000028   Zero   RW           36    .bss                state_machine.o
    0x20000060        -       0x00000010   Zero   RW          435    .bss                main.o
    0x20000070        -       0x000001f4   Zero   RW          528    .bss                usart.o
    0x20000264   0x080048a0   0x00000004   PAD
    0x20000268        -       0x00000400   Zero   RW            1    STACK               startup_stm32f427xx.o


==============================================================================

Image component sizes


      Code (inc. data)   RO Data    RW Data    ZI Data      Debug   Object Name

       192         34          0          0          0       2611   config_manager.o
      2524       1454         82          0          0       5078   debug_commands.o
       304         24          0          0          0       1067   gpio.o
       268         22          0          1         16       3595   main.o
      1038        394         67          0          0       5760   modbus_rtu.o
        36          8        428          0       1024        824   startup_stm32f427xx.o
       136         30          0          0         40     726200   state_machine.o
       180         28          0         12          0       9473   stm32f4xx_hal.o
       198         14          0          0          0      33751   stm32f4xx_hal_cortex.o
       182          0          0          0          0       2063   stm32f4xx_hal_dma.o
       540         66          0         32          0       6490   stm32f4xx_hal_flash.o
       388         24          0          0          0       4322   stm32f4xx_hal_flash_ex.o
       590         54          0          0          0       2805   stm32f4xx_hal_gpio.o
        48          6          0          0          0        838   stm32f4xx_hal_msp.o
      1348         76          0          0          0       5188   stm32f4xx_hal_rcc.o
      1842         14          0          0          0      13023   stm32f4xx_hal_uart.o
        92         36          0          0          0       6804   stm32f4xx_it.o
        16          4         24          4          0       1091   system_stm32f4xx.o
      1440        206         48          1        500      14351   usart.o

    ----------------------------------------------------------------------
     11388       2494        684         52       1584     845334   Object Totals
         0          0         32          0          0          0   (incl. Generated)
        26          0          3          2          4          0   (incl. Padding)

    ----------------------------------------------------------------------

      Code (inc. data)   RO Data    RW Data    ZI Data      Debug   Library Member Name

        56          8          0          0          0         84   __0sscanf.o
        28          0          0          0          0         68   _chval.o
       812          4          0          0          0        112   _scanf.o
       332          0          0          0          0         96   _scanf_int.o
        64          0          0          0          0         84   _sgetc.o
        40          6         64          0          0         68   ctype_c.o
         0          0          0          0          0          0   entry.o
         0          0          0          0          0          0   entry10a.o
         0          0          0          0          0          0   entry11a.o
         8          4          0          0          0          0   entry2.o
         4          0          0          0          0          0   entry5.o
         0          0          0          0          0          0   entry7b.o
         0          0          0          0          0          0   entry8b.o
         8          4          0          0          0          0   entry9a.o
        30          0          0          0          0          0   handlers.o
        36          8          0          0          0         68   init.o
        10          0          0          0          0         68   isspace_c.o
         0          0          0          0          0          0   iusefp.o
        30          0          0          0          0         68   llshl.o
        36          0          0          0          0         68   llsshr.o
        32          0          0          0          0         68   llushr.o
        26          0          0          0          0         80   memcmp.o
        36          0          0          0          0         68   memcpya.o
        36          0          0          0          0        108   memseta.o
      2372         98          0          0          0        684   printfa.o
        40          8          0          0          0         84   scanf_char.o
       878         12          0          0          0        216   scanf_fp.o
         0          0          0          4          0          0   stdout.o
        14          0          0          0          0         68   strlen.o
        30          0          0          0          0         80   strncmp.o
        44          0          0          0          0         80   uidiv.o
        98          0          0          0          0         92   uldiv.o
        48          0          0          0          0         68   cdrcmple.o
        56          0          0          0          0         88   d2f.o
       334          0          0          0          0        148   dadd.o
       222          0          0          0          0        100   ddiv.o
       186          0          0          0          0        176   depilogue.o
        48          0          0          0          0         68   dfixul.o
        24          0          0          0          0         76   dfltul.o
       228          0          0          0          0         96   dmul.o
        38          0          0          0          0         68   f2d.o
       110          0          0          0          0        168   fepilogue.o

    ----------------------------------------------------------------------
      6400        152         64          4          0       3468   Library Totals
         6          0          0          0          0          0   (incl. Padding)

    ----------------------------------------------------------------------

      Code (inc. data)   RO Data    RW Data    ZI Data      Debug   Library Name

      5100        152         64          4          0       2412   mc_w.l
      1294          0          0          0          0       1056   mf_w.l

    ----------------------------------------------------------------------
      6400        152         64          4          0       3468   Library Totals

    ----------------------------------------------------------------------

==============================================================================


      Code (inc. data)   RO Data    RW Data    ZI Data      Debug   

     17788       2646        748         56       1584     837334   Grand Totals
     17788       2646        748         56       1584     837334   ELF Image Totals
     17788       2646        748         56          0          0   ROM Totals

==============================================================================

    Total RO  Size (Code + RO Data)                18536 (  18.10kB)
    Total RW  Size (RW Data + ZI Data)              1640 (   1.60kB)
    Total ROM Size (Code + RO Data + RW Data)      18592 (  18.16kB)

==============================================================================

