<html>
<body>
<pre>
<h1>�Vision Build Log</h1>
<h2>Tool Versions:</h2>
IDE-Version: ��Vision V5.27.1.0
Copyright (C) 2019 ARM Ltd and ARM Germany GmbH. All rights reserved.
License Information: 1 user, 1, LIC=KRMW3-ACLWE-JJI6S-LWT8X-6FJ8E-JEIH2
 
Tool Versions:
Toolchain:       MDK-ARM Plus  Version: 5.25.0.0
Toolchain Path:  D:\Keil_v5\ARM\ARMCC\Bin
C Compiler:      Armcc.exe V5.06 update 6 (build 750)
Assembler:       Armasm.exe V5.06 update 6 (build 750)
Linker/Locator:  ArmLink.exe V5.06 update 6 (build 750)
Library Manager: ArmAr.exe V5.06 update 6 (build 750)
Hex Converter:   FromElf.exe V5.06 update 6 (build 750)
CPU DLL:         SARMCM3.DLL V5.25.0.0
Dialog DLL:      DCM.DLL V1.17.0.0
Target DLL:      STLink\ST-LINKIII-KEIL_SWO.dll V3.0.1.0
Dialog DLL:      TCM.DLL V1.34.0.0
 
<h2>Project:</h2>
D:\Auvcode\stm32\diankong\MDK-ARM\diankong.uvprojx
Project File Date:  04/20/2026

<h2>Output:</h2>
*** Using Compiler 'V5.06 update 6 (build 750)', folder: 'D:\Keil_v5\ARM\ARMCC\Bin'
Build target 'diankong'
compiling debug_commands.c...
..\Core\Src\debug_commands.c(92): warning:  #870-D: invalid multibyte character sequence
              HAL_UART_Transmit(DEBUG_UART, (uint8_t*)"\r\n#开始读取设备内部日�?#\r\n", strlen("\r\n#开始读取设备内部日�?#\r\n"), 0xFF);
..\Core\Src\debug_commands.c(92): warning:  #870-D: invalid multibyte character sequence
              HAL_UART_Transmit(DEBUG_UART, (uint8_t*)"\r\n#开始读取设备内部日�?#\r\n", strlen("\r\n#开始读取设备内部日�?#\r\n"), 0xFF);
..\Core\Src\debug_commands.c(101): warning:  #870-D: invalid multibyte character sequence
                  printf("   - 蠕动�?1通信: %s\r\n", g_sampling_log.pump1_comm_ok_log ? "OK" : "FAIL");
..\Core\Src\debug_commands.c(102): warning:  #870-D: invalid multibyte character sequence
                  printf("   - 蠕动�?2通信: %s\r\n", g_sampling_log.pump2_comm_ok_log ? "OK" : "FAIL");
..\Core\Src\debug_commands.c(109): warning:  #870-D: invalid multibyte character sequence
                  printf("   - 达到触发条件时间(系统启动�?): %lu ms\r\n", g_sampling_log.sampling_start_time);
..\Core\Src\debug_commands.c(112): warning:  #870-D: invalid multibyte character sequence
                  printf("3. 海水过滤取样阶段 (蠕动�?2):\r\n");
..\Core\Src\debug_commands.c(118): warning:  #870-D: invalid multibyte character sequence
                  printf("4. 设备清洗阶段 (蠕动�?1):\r\n");
..\Core\Src\debug_commands.c(148): warning:  #167-D: argument of type "char *" is incompatible with parameter of type "uint8_t *"
              RS485_Transmit(DEBUG_UART, reply, strlen(reply), RS485_PORT_5);
..\Core\Src\debug_commands.c(168): warning:  #167-D: argument of type "char *" is incompatible with parameter of type "uint8_t *"
              RS485_Transmit(DEBUG_UART, reply, strlen(reply), RS485_PORT_5);
..\Core\Src\debug_commands.c(34): warning:  #177-D: variable "cmd_buffer"  was declared but never referenced
          char cmd_buffer[RX_BUF_LEN]; // 用于存储提取的命令部�?
..\Core\Src\debug_commands.c: 10 warnings, 0 errors
linking...
Program Size: Code=17788 RO-data=748 RW-data=56 ZI-data=1584  
FromELF: creating hex file...
"diankong\diankong.axf" - 0 Error(s), 10 Warning(s).

<h2>Software Packages used:</h2>

Package Vendor: ARM
                http://www.keil.com/pack/ARM.CMSIS.5.2.0.pack
                ARM.CMSIS.5.2.0
                CMSIS (Cortex Microcontroller Software Interface Standard)
   * Component: CORE Version: 5.0.2

Package Vendor: Keil
                https://www.keil.com/pack/Keil.STM32F4xx_DFP.2.17.1.pack
                Keil.STM32F4xx_DFP.2.17.1
                STMicroelectronics STM32F4 Series Device Support, Drivers and Examples

<h2>Collection of Component include folders:</h2>
  .\RTE\_diankong
  D:\Keil_v5\ARM\PACK\ARM\CMSIS\5.2.0\CMSIS\Include
  D:\Keil_v5\ARM\PACK\Keil\STM32F4xx_DFP\2.17.1\Drivers\CMSIS\Device\ST\STM32F4xx\Include

<h2>Collection of Component Files used:</h2>

   * Component: ARM::CMSIS:CORE:5.0.2
Build Time Elapsed:  00:00:02
</pre>
</body>
</html>
