Component: ARM Compiler 5.06 update 6 (build 750) Tool: armlink [4d35ed]

==============================================================================

Section Cross References

    startup_stm32f427xx.o(STACK) refers (Special) to heapauxi.o(.text) for __use_two_region_memory
    startup_stm32f427xx.o(HEAP) refers (Special) to heapauxi.o(.text) for __use_two_region_memory
    startup_stm32f427xx.o(RESET) refers (Special) to heapauxi.o(.text) for __use_two_region_memory
    startup_stm32f427xx.o(RESET) refers to startup_stm32f427xx.o(STACK) for __initial_sp
    startup_stm32f427xx.o(RESET) refers to startup_stm32f427xx.o(.text) for Reset_Handler
    startup_stm32f427xx.o(RESET) refers to stm32f4xx_it.o(i.NMI_Handler) for NMI_Handler
    startup_stm32f427xx.o(RESET) refers to stm32f4xx_it.o(i.HardFault_Handler) for HardFault_Handler
    startup_stm32f427xx.o(RESET) refers to stm32f4xx_it.o(i.MemManage_Handler) for MemManage_Handler
    startup_stm32f427xx.o(RESET) refers to stm32f4xx_it.o(i.BusFault_Handler) for BusFault_Handler
    startup_stm32f427xx.o(RESET) refers to stm32f4xx_it.o(i.UsageFault_Handler) for UsageFault_Handler
    startup_stm32f427xx.o(RESET) refers to stm32f4xx_it.o(i.SVC_Handler) for SVC_Handler
    startup_stm32f427xx.o(RESET) refers to stm32f4xx_it.o(i.DebugMon_Handler) for DebugMon_Handler
    startup_stm32f427xx.o(RESET) refers to stm32f4xx_it.o(i.PendSV_Handler) for PendSV_Handler
    startup_stm32f427xx.o(RESET) refers to stm32f4xx_it.o(i.SysTick_Handler) for SysTick_Handler
    startup_stm32f427xx.o(RESET) refers to stm32f4xx_it.o(i.USART1_IRQHandler) for USART1_IRQHandler
    startup_stm32f427xx.o(RESET) refers to stm32f4xx_it.o(i.USART2_IRQHandler) for USART2_IRQHandler
    startup_stm32f427xx.o(RESET) refers to stm32f4xx_it.o(i.USART3_IRQHandler) for USART3_IRQHandler
    startup_stm32f427xx.o(RESET) refers to stm32f4xx_it.o(i.UART4_IRQHandler) for UART4_IRQHandler
    startup_stm32f427xx.o(RESET) refers to stm32f4xx_it.o(i.UART5_IRQHandler) for UART5_IRQHandler
    startup_stm32f427xx.o(RESET) refers to stm32f4xx_it.o(i.USART6_IRQHandler) for USART6_IRQHandler
    startup_stm32f427xx.o(.text) refers (Special) to heapauxi.o(.text) for __use_two_region_memory
    startup_stm32f427xx.o(.text) refers to system_stm32f4xx.o(i.SystemInit) for SystemInit
    startup_stm32f427xx.o(.text) refers to __main.o(!!!main) for __main
    startup_stm32f427xx.o(.text) refers to startup_stm32f427xx.o(HEAP) for Heap_Mem
    startup_stm32f427xx.o(.text) refers to startup_stm32f427xx.o(STACK) for Stack_Mem
    state_machine.o(i.Communicate_AnalogCollector_Check) refers to modbus_rtu.o(i.ModbusRTU_CheckComm) for ModbusRTU_CheckComm
    state_machine.o(i.Communicate_AnalogCollector_Check) refers to state_machine.o(i.RS485_1_DE_Receive) for RS485_1_DE_Receive
    state_machine.o(i.Communicate_AnalogCollector_Check) refers to state_machine.o(i.RS485_1_DE_Transmit) for RS485_1_DE_Transmit
    state_machine.o(i.Communicate_AnalogCollector_Check) refers to usart.o(.bss) for huart1
    state_machine.o(i.Communicate_PulseCollector_Check) refers to modbus_rtu.o(i.ModbusRTU_CheckComm) for ModbusRTU_CheckComm
    state_machine.o(i.Communicate_PulseCollector_Check) refers to state_machine.o(i.RS485_4_DE_Receive) for RS485_4_DE_Receive
    state_machine.o(i.Communicate_PulseCollector_Check) refers to state_machine.o(i.RS485_4_DE_Transmit) for RS485_4_DE_Transmit
    state_machine.o(i.Communicate_PulseCollector_Check) refers to usart.o(.bss) for huart1
    state_machine.o(i.Communicate_Pump1_Check) refers to modbus_rtu.o(i.ModbusRTU_CheckComm) for ModbusRTU_CheckComm
    state_machine.o(i.Communicate_Pump1_Check) refers to state_machine.o(i.RS485_2_DE_Receive) for RS485_2_DE_Receive
    state_machine.o(i.Communicate_Pump1_Check) refers to state_machine.o(i.RS485_2_DE_Transmit) for RS485_2_DE_Transmit
    state_machine.o(i.Communicate_Pump1_Check) refers to usart.o(.bss) for huart2
    state_machine.o(i.Communicate_Pump2_Check) refers to modbus_rtu.o(i.ModbusRTU_CheckComm) for ModbusRTU_CheckComm
    state_machine.o(i.Communicate_Pump2_Check) refers to state_machine.o(i.RS485_3_DE_Receive) for RS485_3_DE_Receive
    state_machine.o(i.Communicate_Pump2_Check) refers to state_machine.o(i.RS485_3_DE_Transmit) for RS485_3_DE_Transmit
    state_machine.o(i.Communicate_Pump2_Check) refers to usart.o(.bss) for huart3
    state_machine.o(i.Get_Depth_Value) refers to state_machine.o(i.Log_Event) for Log_Event
    state_machine.o(i.Get_Depth_Value) refers to modbus_rtu.o(i.ModbusRTU_Transmit) for ModbusRTU_Transmit
    state_machine.o(i.Get_Depth_Value) refers to modbus_rtu.o(i.ModbusRTU_Receive) for ModbusRTU_Receive
    state_machine.o(i.Get_Depth_Value) refers to f2d.o(x$fpl$f2d) for __aeabi_f2d
    state_machine.o(i.Get_Depth_Value) refers to state_machine.o(i.RS485_1_DE_Receive) for RS485_1_DE_Receive
    state_machine.o(i.Get_Depth_Value) refers to state_machine.o(i.RS485_1_DE_Transmit) for RS485_1_DE_Transmit
[...]
    PVD_IRQHandler                           0x08000323   Thumb Code     0  startup_stm32f427xx.o(.text)
    RCC_IRQHandler                           0x08000323   Thumb Code     0  startup_stm32f427xx.o(.text)
    RTC_Alarm_IRQHandler                     0x08000323   Thumb Code     0  startup_stm32f427xx.o(.text)
    RTC_WKUP_IRQHandler                      0x08000323   Thumb Code     0  startup_stm32f427xx.o(.text)
    SAI1_IRQHandler                          0x08000323   Thumb Code     0  startup_stm32f427xx.o(.text)
    SDIO_IRQHandler                          0x08000323   Thumb Code     0  startup_stm32f427xx.o(.text)
    SPI1_IRQHandler                          0x08000323   Thumb Code     0  startup_stm32f427xx.o(.text)
    SPI2_IRQHandler                          0x08000323   Thumb Code     0  startup_stm32f427xx.o(.text)
    SPI3_IRQHandler                          0x08000323   Thumb Code     0  startup_stm32f427xx.o(.text)
    SPI4_IRQHandler                          0x08000323   Thumb Code     0  startup_stm32f427xx.o(.text)
    SPI5_IRQHandler                          0x08000323   Thumb Code     0  startup_stm32f427xx.o(.text)
    SPI6_IRQHandler                          0x08000323   Thumb Code     0  startup_stm32f427xx.o(.text)
    TAMP_STAMP_IRQHandler                    0x08000323   Thumb Code     0  startup_stm32f427xx.o(.text)
    TIM1_BRK_TIM9_IRQHandler                 0x08000323   Thumb Code     0  startup_stm32f427xx.o(.text)
    TIM1_CC_IRQHandler                       0x08000323   Thumb Code     0  startup_stm32f427xx.o(.text)
    TIM1_TRG_COM_TIM11_IRQHandler            0x08000323   Thumb Code     0  startup_stm32f427xx.o(.text)
    TIM1_UP_TIM10_IRQHandler                 0x08000323   Thumb Code     0  startup_stm32f427xx.o(.text)
    TIM2_IRQHandler                          0x08000323   Thumb Code     0  startup_stm32f427xx.o(.text)
    TIM3_IRQHandler                          0x08000323   Thumb Code     0  startup_stm32f427xx.o(.text)
    TIM4_IRQHandler                          0x08000323   Thumb Code     0  startup_stm32f427xx.o(.text)
    TIM5_IRQHandler                          0x08000323   Thumb Code     0  startup_stm32f427xx.o(.text)
    TIM6_DAC_IRQHandler                      0x08000323   Thumb Code     0  startup_stm32f427xx.o(.text)
    TIM7_IRQHandler                          0x08000323   Thumb Code     0  startup_stm32f427xx.o(.text)
    TIM8_BRK_TIM12_IRQHandler                0x08000323   Thumb Code     0  startup_stm32f427xx.o(.text)
    TIM8_CC_IRQHandler                       0x08000323   Thumb Code     0  startup_stm32f427xx.o(.text)
    TIM8_TRG_COM_TIM14_IRQHandler            0x08000323   Thumb Code     0  startup_stm32f427xx.o(.text)
    TIM8_UP_TIM13_IRQHandler                 0x08000323   Thumb Code     0  startup_stm32f427xx.o(.text)
    UART7_IRQHandler                         0x08000323   Thumb Code     0  startup_stm32f427xx.o(.text)
    UART8_IRQHandler                         0x08000323   Thumb Code     0  startup_stm32f427xx.o(.text)
    WWDG_IRQHandler                          0x08000323   Thumb Code     0  startup_stm32f427xx.o(.text)
    __user_initial_stackheap                 0x08000325   Thumb Code     0  startup_stm32f427xx.o(.text)
    __aeabi_uldivmod                         0x08000349   Thumb Code     0  lludivv7m.o(.text)
    _ll_udiv                                 0x08000349   Thumb Code   238  lludivv7m.o(.text)
    vsnprintf                                0x08000439   Thumb Code    48  vsnprintf.o(.text)
    __2printf                                0x0800046d   Thumb Code    20  __2printf.o(.text)
    _printf_str                              0x08000485   Thumb Code    82  _printf_str.o(.text)
    _printf_int_dec                          0x080004d9   Thumb Code   104  _printf_dec.o(.text)
    __printf                                 0x08000551   Thumb Code   388  __printf_flags_ss_wp.o(.text)
    __0sscanf                                0x080006d9   Thumb Code    52  __0sscanf.o(.text)
    _scanf_int                               0x08000715   Thumb Code   332  _scanf_int.o(.text)
    memcmp                                   0x08000861   Thumb Code    88  memcmp.o(.text)
    strlen                                   0x080008b9   Thumb Code    62  strlen.o(.text)
    strncmp                                  0x080008f7   Thumb Code   150  strncmp.o(.text)
    __aeabi_memcpy                           0x0800098d   Thumb Code     0  rt_memcpy_v6.o(.text)
    __rt_memcpy                              0x0800098d   Thumb Code   138  rt_memcpy_v6.o(.text)
    _memcpy_lastbytes                        0x080009f3   Thumb Code     0  rt_memcpy_v6.o(.text)
    __aeabi_memclr                           0x08000a17   Thumb Code     0  rt_memclr.o(.text)
    __rt_memclr                              0x08000a17   Thumb Code    68  rt_memclr.o(.text)
    _memset                                  0x08000a1b   Thumb Code     0  rt_memclr.o(.text)
    __aeabi_memclr4                          0x08000a5b   Thumb Code     0  rt_memclr_w.o(.text)
    __aeabi_memclr8                          0x08000a5b   Thumb Code     0  rt_memclr_w.o(.text)
    __rt_memclr_w                            0x08000a5b   Thumb Code    78  rt_memclr_w.o(.text)
    _memset_w                                0x08000a5f   Thumb Code     0  rt_memclr_w.o(.text)
    __use_two_region_memory                  0x08000aa9   Thumb Code     2  heapauxi.o(.text)
    __rt_heap_escrow                         0x08000aab   Thumb Code     2  heapauxi.o(.text)
    __rt_heap_expand                         0x08000aad   Thumb Code     2  heapauxi.o(.text)
    _printf_pre_padding                      0x08000aaf   Thumb Code    44  _printf_pad.o(.text)
    _printf_post_padding                     0x08000adb   Thumb Code    34  _printf_pad.o(.text)
    _printf_truncate_signed                  0x08000afd   Thumb Code    18  _printf_truncate.o(.text)
    _printf_truncate_unsigned                0x08000b0f   Thumb Code    18  _printf_truncate.o(.text)
    _printf_int_common                       0x08000b21   Thumb Code   178  _printf_intcommon.o(.text)
    _printf_charcount                        0x08000bd3   Thumb Code    40  _printf_charcount.o(.text)
    __lib_sel_fp_printf                      0x08000bfb   Thumb Code     2  _printf_fp_dec.o(.text)
    _printf_fp_dec_real                      0x08000dad   Thumb Code   620  _printf_fp_dec.o(.text)
    _printf_char_common                      0x08001023   Thumb Code    32  _printf_char_common.o(.text)
    _sputc                                   0x08001049   Thumb Code    10  _sputc.o(.text)
    _snputc                                  0x08001053   Thumb Code    16  _snputc.o(.text)
    _printf_cs_common                        0x08001063   Thumb Code    20  _printf_char.o(.text)
    _printf_char                             0x08001077   Thumb Code    16  _printf_char.o(.text)
    _printf_string                           0x08001087   Thumb Code     8  _printf_char.o(.text)
    _printf_char_file                        0x08001091   Thumb Code    32  _printf_char_file.o(.text)
    _printf_wctomb                           0x080010b5   Thumb Code   182  _printf_wctomb.o(.text)
    _printf_longlong_dec                     0x08001171   Thumb Code   108  _printf_longlong_dec.o(.text)
    _printf_longlong_oct                     0x080011ed   Thumb Code    66  _printf_oct_int_ll.o(.text)
    _printf_int_oct                          0x0800122f   Thumb Code    24  _printf_oct_int_ll.o(.text)
    _printf_ll_oct                           0x08001247   Thumb Code    12  _printf_oct_int_ll.o(.text)
    _printf_longlong_hex                     0x0800125d   Thumb Code    86  _printf_hex_int_ll_ptr.o(.text)
    _printf_int_hex                          0x080012b3   Thumb Code    28  _printf_hex_int_ll_ptr.o(.text)
    _printf_ll_hex                           0x080012cf   Thumb Code    12  _printf_hex_int_ll_ptr.o(.text)
    _printf_hex_ptr                          0x080012db   Thumb Code    18  _printf_hex_int_ll_ptr.o(.text)
    _chval                                   0x080012f1   Thumb Code    28  _chval.o(.text)
    _scanf_really_real                       0x08001559   Thumb Code   684  scanf_fp.o(.text)
    __vfscanf_char                           0x08001811   Thumb Code    24  scanf_char.o(.text)
    _sgetc                                   0x08001831   Thumb Code    30  _sgetc.o(.text)
    _sbackspace                              0x0800184f   Thumb Code    34  _sgetc.o(.text)
    __aeabi_memcpy4                          0x08001871   Thumb Code     0  rt_memcpy_w.o(.text)
    __aeabi_memcpy8                          0x08001871   Thumb Code     0  rt_memcpy_w.o(.text)
    __rt_memcpy_w                            0x08001871   Thumb Code   100  rt_memcpy_w.o(.text)
    _memcpy_lastbytes_aligned                0x080018b9   Thumb Code     0  rt_memcpy_w.o(.text)
    __rt_locale                              0x080018d5   Thumb Code     8  rt_locale_intlibspace.o(.text)
    __aeabi_errno_addr                       0x080018dd   Thumb Code     8  rt_errno_addr_intlibspace.o(.text)
    __errno$intlibspace                      0x080018dd   Thumb Code     0  rt_errno_addr_intlibspace.o(.text)
    __rt_errno_addr$intlibspace              0x080018dd   Thumb Code     0  rt_errno_addr_intlibspace.o(.text)
    _ll_udiv10                               0x080018e5   Thumb Code   138  lludiv10.o(.text)
    isspace                                  0x0800196f   Thumb Code    18  isspace.o(.text)
    _printf_fp_hex_real                      0x08001981   Thumb Code   756  _printf_fp_hex.o(.text)
    _printf_fp_infnan                        0x08001c7d   Thumb Code   112  _printf_fp_infnan.o(.text)
    _printf_lcs_common                       0x08001cfd   Thumb Code    20  _printf_wchar.o(.text)
    _printf_wchar                            0x08001d11   Thumb Code    16  _printf_wchar.o(.text)
    _printf_wstring                          0x08001d21   Thumb Code     8  _printf_wchar.o(.text)
    __vfscanf                                0x08001d29   Thumb Code   878  _scanf.o(.text)
    _btod_etento                             0x0800209d   Thumb Code   224  bigflt0.o(.text)
    ferror                                   0x08002181   Thumb Code     8  ferror.o(.text)
    _initio                                  0x08002189   Thumb Code   210  initio.o(.text)
    _terminateio                             0x0800225b   Thumb Code    56  initio.o(.text)
    _wcrtomb                                 0x080022c1   Thumb Code    64  _wcrtomb.o(.text)
    _sys_open                                0x08002301   Thumb Code    20  sys_io.o(.text)
    _sys_close                               0x08002315   Thumb Code    12  sys_io.o(.text)
    _sys_write                               0x08002321   Thumb Code    16  sys_io.o(.text)
    _sys_read                                0x08002331   Thumb Code    14  sys_io.o(.text)
    _sys_istty                               0x0800233f   Thumb Code    12  sys_io.o(.text)
    _sys_seek                                0x0800234b   Thumb Code    14  sys_io.o(.text)
    _sys_ensure                              0x08002359   Thumb Code     2  sys_io.o(.text)
    _sys_flen                                0x0800235b   Thumb Code    12  sys_io.o(.text)
    __user_libspace                          0x08002369   Thumb Code     8  libspace.o(.text)
    __user_perproc_libspace                  0x08002369   Thumb Code     0  libspace.o(.text)
    __user_perthread_libspace                0x08002369   Thumb Code     0  libspace.o(.text)
    __user_setup_stackheap                   0x08002371   Thumb Code    74  sys_stackheap_outer.o(.text)
    __rt_ctype_table                         0x080023bd   Thumb Code    16  rt_ctype_table.o(.text)
    free                                     0x080023cd   Thumb Code    78  h1_free.o(.text)
    __read_errno                             0x0800241b   Thumb Code    10  _rserrno.o(.text)
    __set_errno                              0x08002425   Thumb Code    12  _rserrno.o(.text)
    _scanf_really_hex_real                   0x08002431   Thumb Code   786  scanf_hexfp.o(.text)
    _scanf_really_infnan                     0x08002751   Thumb Code   292  scanf_infnan.o(.text)
    setvbuf                                  0x08002885   Thumb Code    70  setvbuf.o(.text)
    freopen                                  0x080028cd   Thumb Code   158  fopen.o(.text)
    fopen                                    0x0800296b   Thumb Code    74  fopen.o(.text)
    _fclose_internal                         0x080029b9   Thumb Code    76  fclose.o(.text)
    fclose                                   0x080029b9   Thumb Code     0  fclose.o(.text)
    exit                                     0x08002a05   Thumb Code    18  exit.o(.text)
    __rt_SIGRTRED                            0x08002a17   Thumb Code    14  defsig_rtred_outer.o(.text)
    strcmp                                   0x08002a25   Thumb Code   128  strcmpv7m.o(.text)
    __I$use$semihosting                      0x08002aa5   Thumb Code     0  use_no_semi.o(.text)
    __use_no_semihosting_swi                 0x08002aa5   Thumb Code     2  use_no_semi.o(.text)
    __semihosting_library_function           0x08002aa7   Thumb Code     0  indicate_semi.o(.text)
    __rt_heap_descriptor                     0x08002aa9   Thumb Code     8  rt_heap_descriptor_intlibspace.o(.text)
    __use_no_heap                            0x08002ab1   Thumb Code     2  hguard.o(.text)
    __heap$guard                             0x08002ab3   Thumb Code     2  hguard.o(.text)
    _terminate_user_alloc                    0x08002ab5   Thumb Code     2  init_alloc.o(.text)
    _init_user_alloc                         0x08002ab7   Thumb Code     2  init_alloc.o(.text)
    __Heap_Full                              0x08002ab9   Thumb Code    34  init_alloc.o(.text)
    __Heap_Broken                            0x08002adb   Thumb Code     6  init_alloc.o(.text)
    _init_alloc                              0x08002ae1   Thumb Code    94  init_alloc.o(.text)
    malloc                                   0x08002b3f   Thumb Code    94  h1_alloc.o(.text)
    __aeabi_llsl                             0x08002b9d   Thumb Code     0  llshl.o(.text)
    _ll_shift_l                              0x08002b9d   Thumb Code    38  llshl.o(.text)
    _fseek                                   0x08002bc5   Thumb Code   242  fseek.o(.text)
    fseek                                    0x08002bc5   Thumb Code     0  fseek.o(.text)
    _seterr                                  0x08002cbd   Thumb Code    20  stdio.o(.text)
    _writebuf                                0x08002cd1   Thumb Code    84  stdio.o(.text)
    _fflush                                  0x08002d25   Thumb Code    70  stdio.o(.text)
    _deferredlazyseek                        0x08002d6b   Thumb Code    60  stdio.o(.text)
    __sig_exit                               0x08002dad   Thumb Code    10  defsig_exit.o(.text)
    __rt_SIGRTRED_inner                      0x08002db9   Thumb Code    14  defsig_rtred_inner.o(.text)
    _sys_exit                                0x08002ded   Thumb Code     8  sys_exit.o(.text)
    __Heap_Initialize                        0x08002df9   Thumb Code    10  h1_init.o(.text)
    __Heap_DescSize                          0x08002e03   Thumb Code     4  h1_init.o(.text)
    __Heap_ProvideMemory                     0x08002e07   Thumb Code    52  h1_extend.o(.text)
    _ftell_internal                          0x08002e3b   Thumb Code    66  ftell.o(.text)
    ftell                                    0x08002e3b   Thumb Code     0  ftell.o(.text)
    __default_signal_display                 0x08002e7d   Thumb Code    50  defsig_general.o(.text)
    __rt_SIGRTMEM                            0x08002eaf   Thumb Code    14  defsig_rtmem_outer.o(.text)
    _ttywrch                                 0x08002ebd   Thumb Code    14  sys_wrch.o(.text)
    __rt_SIGRTMEM_inner                      0x08002ecd   Thumb Code    22  defsig_rtmem_inner.o(.text)
    _btod_d2e                                0x08002f1d   Thumb Code    62  btod.o(CL$$btod_d2e)
    _d2e_denorm_low                          0x08002f5b   Thumb Code    70  btod.o(CL$$btod_d2e_denorm_low)
    _d2e_norm_op1                            0x08002fa1   Thumb Code    96  btod.o(CL$$btod_d2e_norm_op1)
    __btod_div_common                        0x08003001   Thumb Code   696  btod.o(CL$$btod_div_common)
    _e2d                                     0x08003339   Thumb Code   122  btod.o(CL$$btod_e2d)
    _e2e                                     0x080033bd   Thumb Code   220  btod.o(CL$$btod_e2e)
    _btod_ediv                               0x08003499   Thumb Code    42  btod.o(CL$$btod_ediv)
    _btod_edivd                              0x080034c3   Thumb Code    42  btod.o(CL$$btod_edivd)
    _btod_emul                               0x080034ed   Thumb Code    42  btod.o(CL$$btod_emul)
    _btod_emuld                              0x08003517   Thumb Code    42  btod.o(CL$$btod_emuld)
    __btod_mult_common                       0x08003541   Thumb Code   580  btod.o(CL$$btod_mult_common)
    BusFault_Handler                         0x08003785   Thumb Code     2  stm32f4xx_it.o(i.BusFault_Handler)
    Communicate_AnalogCollector_Check        0x08003789   Thumb Code    40  state_machine.o(i.Communicate_AnalogCollector_Check)
    Communicate_PulseCollector_Check         0x080037cd   Thumb Code    42  state_machine.o(i.Communicate_PulseCollector_Check)
    Communicate_Pump1_Check                  0x08003815   Thumb Code    42  state_machine.o(i.Communicate_Pump1_Check)
    Communicate_Pump2_Check                  0x08003855   Thumb Code    42  state_machine.o(i.Communicate_Pump2_Check)
    Config_Load                              0x08003895   Thumb Code    48  config_manager.o(i.Config_Load)
    Config_Save                              0x080038d1   Thumb Code    76  config_manager.o(i.Config_Save)
    DebugMon_Handler                         0x08003925   Thumb Code     2  stm32f4xx_it.o(i.DebugMon_Handler)
    Error_Handler                            0x08003929   Thumb Code    16  main.o(i.Error_Handler)
    FLASH_Erase_Sector                       0x08003939   Thumb Code    80  stm32f4xx_hal_flash_ex.o(i.FLASH_Erase_Sector)
    FLASH_FlushCaches                        0x0800398d   Thumb Code    80  stm32f4xx_hal_flash_ex.o(i.FLASH_FlushCaches)
    FLASH_WaitForLastOperation               0x08003b31   Thumb Code    72  stm32f4xx_hal_flash.o(i.FLASH_WaitForLastOperation)
    GetTriggerModeString                     0x08003b81   Thumb Code    38  debug_commands.o(i.GetTriggerModeString)
    Get_Depth_Value                          0x08003be9   Thumb Code   156  state_machine.o(i.Get_Depth_Value)
    Get_Flow_Pulse_Count                     0x08003d51   Thumb Code   126  state_machine.o(i.Get_Flow_Pulse_Count)
    HAL_DMA_Abort                            0x08003e95   Thumb Code   146  stm32f4xx_hal_dma.o(i.HAL_DMA_Abort)
    HAL_DMA_Abort_IT                         0x08003f27   Thumb Code    36  stm32f4xx_hal_dma.o(i.HAL_DMA_Abort_IT)
    HAL_Delay                                0x08003f4d   Thumb Code    32  stm32f4xx_hal.o(i.HAL_Delay)
    HAL_FLASHEx_Erase                        0x08003f71   Thumb Code   146  stm32f4xx_hal_flash_ex.o(i.HAL_FLASHEx_Erase)
    HAL_FLASH_Lock                           0x0800400d   Thumb Code    14  stm32f4xx_hal_flash.o(i.HAL_FLASH_Lock)
    HAL_FLASH_Program                        0x08004021   Thumb Code   116  stm32f4xx_hal_flash.o(i.HAL_FLASH_Program)
    HAL_FLASH_Unlock                         0x0800409d   Thumb Code    32  stm32f4xx_hal_flash.o(i.HAL_FLASH_Unlock)
    HAL_GPIO_Init                            0x080040c9   Thumb Code   510  stm32f4xx_hal_gpio.o(i.HAL_GPIO_Init)
    HAL_GPIO_TogglePin                       0x080042fd   Thumb Code    16  stm32f4xx_hal_gpio.o(i.HAL_GPIO_TogglePin)
    HAL_GPIO_WritePin                        0x0800430d   Thumb Code    10  stm32f4xx_hal_gpio.o(i.HAL_GPIO_WritePin)
    HAL_GetTick                              0x08004319   Thumb Code     6  stm32f4xx_hal.o(i.HAL_GetTick)
    HAL_IncTick                              0x08004325   Thumb Code    12  stm32f4xx_hal.o(i.HAL_IncTick)
    HAL_Init                                 0x08004335   Thumb Code    48  stm32f4xx_hal.o(i.HAL_Init)
    HAL_InitTick                             0x08004369   Thumb Code    54  stm32f4xx_hal.o(i.HAL_InitTick)
    HAL_MspInit                              0x080043a9   Thumb Code    42  stm32f4xx_hal_msp.o(i.HAL_MspInit)
    HAL_NVIC_EnableIRQ                       0x080043d9   Thumb Code    26  stm32f4xx_hal_cortex.o(i.HAL_NVIC_EnableIRQ)
    HAL_NVIC_SetPriority                     0x080043f5   Thumb Code    60  stm32f4xx_hal_cortex.o(i.HAL_NVIC_SetPriority)
    HAL_NVIC_SetPriorityGrouping             0x08004435   Thumb Code    26  stm32f4xx_hal_cortex.o(i.HAL_NVIC_SetPriorityGrouping)
    HAL_RCC_ClockConfig                      0x08004459   Thumb Code   288  stm32f4xx_hal_rcc.o(i.HAL_RCC_ClockConfig)
    HAL_RCC_GetPCLK1Freq                     0x0800458d   Thumb Code    20  stm32f4xx_hal_rcc.o(i.HAL_RCC_GetPCLK1Freq)
    HAL_RCC_GetPCLK2Freq                     0x080045ad   Thumb Code    20  stm32f4xx_hal_rcc.o(i.HAL_RCC_GetPCLK2Freq)
    HAL_RCC_GetSysClockFreq                  0x080045cd   Thumb Code    88  stm32f4xx_hal_rcc.o(i.HAL_RCC_GetSysClockFreq)
    HAL_RCC_OscConfig                        0x0800462d   Thumb Code   856  stm32f4xx_hal_rcc.o(i.HAL_RCC_OscConfig)
    HAL_SYSTICK_Config                       0x08004999   Thumb Code    40  stm32f4xx_hal_cortex.o(i.HAL_SYSTICK_Config)
    HAL_UARTEx_RxEventCallback               0x080049c1   Thumb Code     2  stm32f4xx_hal_uart.o(i.HAL_UARTEx_RxEventCallback)
    HAL_UART_ErrorCallback                   0x080049c3   Thumb Code     2  stm32f4xx_hal_uart.o(i.HAL_UART_ErrorCallback)
    HAL_UART_GetState                        0x080049c5   Thumb Code    10  stm32f4xx_hal_uart.o(i.HAL_UART_GetState)
    HAL_UART_IRQHandler                      0x080049d1   Thumb Code   636  stm32f4xx_hal_uart.o(i.HAL_UART_IRQHandler)
    HAL_UART_Init                            0x08004c51   Thumb Code   100  stm32f4xx_hal_uart.o(i.HAL_UART_Init)
    HAL_UART_MspInit                         0x08004cb5   Thumb Code   544  usart.o(i.HAL_UART_MspInit)
    HAL_UART_Receive                         0x08004f01   Thumb Code   176  stm32f4xx_hal_uart.o(i.HAL_UART_Receive)
    HAL_UART_Receive_IT                      0x08004fb1   Thumb Code    28  stm32f4xx_hal_uart.o(i.HAL_UART_Receive_IT)
    HAL_UART_RxCpltCallback                  0x08004fcd   Thumb Code   132  usart.o(i.HAL_UART_RxCpltCallback)
    HAL_UART_Transmit                        0x0800507d   Thumb Code   160  stm32f4xx_hal_uart.o(i.HAL_UART_Transmit)
    HAL_UART_TxCpltCallback                  0x0800511d   Thumb Code     2  stm32f4xx_hal_uart.o(i.HAL_UART_TxCpltCallback)
    HandleDebugMode_Independent              0x08005121   Thumb Code   340  debug_commands.o(i.HandleDebugMode_Independent)
    HardFault_Handler                        0x0800544d   Thumb Code     2  stm32f4xx_it.o(i.HardFault_Handler)
    Log_Event                                0x08005451   Thumb Code    54  state_machine.o(i.Log_Event)
    MX_GPIO_Init                             0x08005491   Thumb Code   280  gpio.o(i.MX_GPIO_Init)
    MX_UART4_Init                            0x080055c1   Thumb Code    48  usart.o(i.MX_UART4_Init)
    MX_UART5_Init                            0x080055f9   Thumb Code    48  usart.o(i.MX_UART5_Init)
    MX_USART1_UART_Init                      0x08005631   Thumb Code    48  usart.o(i.MX_USART1_UART_Init)
    MX_USART2_UART_Init                      0x08005669   Thumb Code    48  usart.o(i.MX_USART2_UART_Init)
    MX_USART3_UART_Init                      0x080056a1   Thumb Code    48  usart.o(i.MX_USART3_UART_Init)
    MX_USART6_UART_Init                      0x080056d9   Thumb Code    48  usart.o(i.MX_USART6_UART_Init)
    MemManage_Handler                        0x08005711   Thumb Code     2  stm32f4xx_it.o(i.MemManage_Handler)
    ModbusRTU_CRC                            0x08005713   Thumb Code    48  modbus_rtu.o(i.ModbusRTU_CRC)
    ModbusRTU_CheckComm                      0x08005745   Thumb Code   130  modbus_rtu.o(i.ModbusRTU_CheckComm)
    ModbusRTU_PumpStart                      0x0800584d   Thumb Code   184  modbus_rtu.o(i.ModbusRTU_PumpStart)
    ModbusRTU_PumpStop                       0x080059b1   Thumb Code   150  modbus_rtu.o(i.ModbusRTU_PumpStop)
    ModbusRTU_Receive                        0x08005b25   Thumb Code    96  modbus_rtu.o(i.ModbusRTU_Receive)
    ModbusRTU_Transmit                       0x08005b85   Thumb Code   120  modbus_rtu.o(i.ModbusRTU_Transmit)
    NMI_Handler                              0x08005bfd   Thumb Code     2  stm32f4xx_it.o(i.NMI_Handler)
    PendSV_Handler                           0x08005bff   Thumb Code     2  stm32f4xx_it.o(i.PendSV_Handler)
    Pump1_Start                              0x08005c01   Thumb Code    48  state_machine.o(i.Pump1_Start)
    Pump1_Stop                               0x08005c51   Thumb Code    34  state_machine.o(i.Pump1_Stop)
    Pump2_Start                              0x08005c95   Thumb Code    48  state_machine.o(i.Pump2_Start)
    Pump2_Stop                               0x08005ce5   Thumb Code    34  state_machine.o(i.Pump2_Stop)
    RS485_1_DE_Receive                       0x08005d29   Thumb Code    12  state_machine.o(i.RS485_1_DE_Receive)
    RS485_1_DE_Transmit                      0x08005d39   Thumb Code    10  state_machine.o(i.RS485_1_DE_Transmit)
    RS485_2_DE_Receive                       0x08005d49   Thumb Code    10  state_machine.o(i.RS485_2_DE_Receive)
    RS485_2_DE_Transmit                      0x08005d59   Thumb Code    10  state_machine.o(i.RS485_2_DE_Transmit)
    RS485_3_DE_Receive                       0x08005d69   Thumb Code    12  state_machine.o(i.RS485_3_DE_Receive)
    RS485_3_DE_Transmit                      0x08005d79   Thumb Code    10  state_machine.o(i.RS485_3_DE_Transmit)
    RS485_4_DE_Receive                       0x08005d89   Thumb Code    10  state_machine.o(i.RS485_4_DE_Receive)
    RS485_4_DE_Transmit                      0x08005d99   Thumb Code    10  state_machine.o(i.RS485_4_DE_Transmit)
    RS485_6_DE_Receive                       0x08005da9   Thumb Code    12  state_machine.o(i.RS485_6_DE_Receive)
    SVC_Handler                              0x08005db9   Thumb Code     2  stm32f4xx_it.o(i.SVC_Handler)
    StateMachine_Init                        0x08005dbd   Thumb Code    52  state_machine.o(i.StateMachine_Init)
    StateMachine_Run                         0x08005e19   Thumb Code   142  state_machine.o(i.StateMachine_Run)
    SysTick_Handler                          0x08006709   Thumb Code     4  stm32f4xx_it.o(i.SysTick_Handler)
    SystemClock_Config                       0x0800670d   Thumb Code   138  main.o(i.SystemClock_Config)
    SystemInit                               0x080067a1   Thumb Code    12  system_stm32f4xx.o(i.SystemInit)
    Toggle_RUN_LED                           0x080067b1   Thumb Code    10  state_machine.o(i.Toggle_RUN_LED)
    TurnOff_RUN_LED                          0x080067c1   Thumb Code    12  state_machine.o(i.TurnOff_RUN_LED)
    TurnOn_RUN_LED                           0x080067d1   Thumb Code    10  state_machine.o(i.TurnOn_RUN_LED)
    UART4_IRQHandler                         0x080067e1   Thumb Code     6  stm32f4xx_it.o(i.UART4_IRQHandler)
    UART5_IRQHandler                         0x080067ed   Thumb Code     6  stm32f4xx_it.o(i.UART5_IRQHandler)
    UART_Start_Receive_IT                    0x08006a25   Thumb Code    54  stm32f4xx_hal_uart.o(i.UART_Start_Receive_IT)
    USART1_IRQHandler                        0x08006acd   Thumb Code     6  stm32f4xx_it.o(i.USART1_IRQHandler)
    USART2_IRQHandler                        0x08006ad9   Thumb Code     6  stm32f4xx_it.o(i.USART2_IRQHandler)
    USART3_IRQHandler                        0x08006ae5   Thumb Code     6  stm32f4xx_it.o(i.USART3_IRQHandler)
    USART6_IRQHandler                        0x08006af1   Thumb Code     6  stm32f4xx_it.o(i.USART6_IRQHandler)
    UsageFault_Handler                       0x08006afd   Thumb Code     2  stm32f4xx_it.o(i.UsageFault_Handler)
    __ARM_fpclassify                         0x08006aff   Thumb Code    48  fpclassify.o(i.__ARM_fpclassify)
    __hardfp___mathlib_tofloat               0x08006b51   Thumb Code   232  narrow.o(i.__hardfp___mathlib_tofloat)
    __hardfp_ldexp                           0x08006c49   Thumb Code   200  ldexp.o(i.__hardfp_ldexp)
    __mathlib_dbl_overflow                   0x08006d19   Thumb Code    24  dunder.o(i.__mathlib_dbl_overflow)
    __mathlib_dbl_underflow                  0x08006d39   Thumb Code    24  dunder.o(i.__mathlib_dbl_underflow)
    __mathlib_narrow                         0x08006d59   Thumb Code    18  narrow.o(i.__mathlib_narrow)
    __support_ldexp                          0x08006d6b   Thumb Code    20  ldexp.o(i.__support_ldexp)
    _is_digit                                0x08006d7f   Thumb Code    14  __printf_wp.o(i._is_digit)
    fputc                                    0x08006d8d   Thumb Code    20  usart.o(i.fputc)
    frexp                                    0x08006da9   Thumb Code   118  frexp.o(i.frexp)
    main                                     0x08006e35   Thumb Code    80  main.o(i.main)
    _get_lc_numeric                          0x08006e91   Thumb Code    44  lc_numeric_c.o(locale$$code)
    _get_lc_ctype                            0x08006ebd   Thumb Code    44  lc_ctype_c.o(locale$$code)
    __aeabi_d2f                              0x08006ee9   Thumb Code     0  d2f.o(x$fpl$d2f)
    _d2f                                     0x08006ee9   Thumb Code    98  d2f.o(x$fpl$d2f)
    __fpl_dcheck_NaN1                        0x08006f4d   Thumb Code    10  dcheck1.o(x$fpl$dcheck1)
    __fpl_dcmp_Inf                           0x08006f5d   Thumb Code    24  dcmpi.o(x$fpl$dcmpinf)
    __aeabi_cdcmpeq                          0x08006f75   Thumb Code     0  deqf.o(x$fpl$deqf)
    _dcmpeq                                  0x08006f75   Thumb Code   120  deqf.o(x$fpl$deqf)
    __aeabi_cdcmple                          0x08006fed   Thumb Code     0  dleqf.o(x$fpl$dleqf)
    _dcmple                                  0x08006fed   Thumb Code   120  dleqf.o(x$fpl$dleqf)
    __fpl_dcmple_InfNaN                      0x0800704f   Thumb Code     0  dleqf.o(x$fpl$dleqf)
    __aeabi_dmul                             0x08007065   Thumb Code     0  dmul.o(x$fpl$dmul)
    _dmul                                    0x08007065   Thumb Code   332  dmul.o(x$fpl$dmul)
    __fpl_dnaninf                            0x080071b9   Thumb Code   156  dnaninf.o(x$fpl$dnaninf)
    __fpl_dretinf                            0x08007255   Thumb Code    12  dretinf.o(x$fpl$dretinf)
    __aeabi_cdrcmple                         0x08007261   Thumb Code     0  drleqf.o(x$fpl$drleqf)
    _drcmple                                 0x08007261   Thumb Code   108  drleqf.o(x$fpl$drleqf)
    __aeabi_f2d                              0x080072cd   Thumb Code     0  f2d.o(x$fpl$f2d)
    _f2d                                     0x080072cd   Thumb Code    86  f2d.o(x$fpl$f2d)
    __fpl_fnaninf                            0x08007323   Thumb Code   140  fnaninf.o(x$fpl$fnaninf)
    _fp_init                                 0x080073af   Thumb Code    10  fpinit.o(x$fpl$fpinit)
    __fplib_config_fpu_vfp                   0x080073b7   Thumb Code     0  fpinit.o(x$fpl$fpinit)
    __fplib_config_pureend_doubles           0x080073b7   Thumb Code     0  fpinit.o(x$fpl$fpinit)
    __fpl_fretinf                            0x080073b9   Thumb Code    10  fretinf.o(x$fpl$fretinf)
    __ieee_status                            0x080073c3   Thumb Code     6  istatus.o(x$fpl$ieeestatus)
    _printf_fp_dec                           0x080073c9   Thumb Code     4  printf1.o(x$fpl$printf1)
    _printf_fp_hex                           0x080073cd   Thumb Code     4  printf2.o(x$fpl$printf2)
    __fpl_return_NaN                         0x080073d1   Thumb Code   100  retnan.o(x$fpl$retnan)
    __ARM_scalbn                             0x08007435   Thumb Code    92  scalbn.o(x$fpl$scalbn)
    _scanf_real                              0x08007491   Thumb Code     4  scanf1.o(x$fpl$scanf1)
    _scanf_hex_real                          0x08007495   Thumb Code     4  scanf2.o(x$fpl$scanf2)
    _scanf_infnan                            0x08007499   Thumb Code     4  scanf2.o(x$fpl$scanf2)
    __fpl_cmpreturn                          0x0800749d   Thumb Code    48  trapv.o(x$fpl$trapveneer)
    AHBPrescTable                            0x080074cc   Data          16  system_stm32f4xx.o(.constdata)
    __I$use$fp                               0x080074cc   Number         0  usenofp.o(x$fpl$usenofp)
    APBPrescTable                            0x080074dc   Data           8  system_stm32f4xx.o(.constdata)
    __stdin_name                             0x080075e4   Data           4  sys_io.o(.constdata)
    __stdout_name                            0x080075e8   Data           4  sys_io.o(.constdata)
    __stderr_name                            0x080075ec   Data           4  sys_io.o(.constdata)
    Region$$Table$$Base                      0x08007788   Number         0  anon$$obj.o(Region$$Table)
    Region$$Table$$Limit                     0x080077a8   Number         0  anon$$obj.o(Region$$Table)
    __aeabi_HUGE_VAL                         0x080077a8   Data           0  fpconst.o(c$$dinf)
    __aeabi_HUGE_VALL                        0x080077a8   Data           0  fpconst.o(c$$dinf)
    __aeabi_INFINITY                         0x080077a8   Data           0  fpconst.o(c$$dinf)
    __dInf                                   0x080077a8   Data           0  fpconst.o(c$$dinf)
    __huge_val                               0x080077a8   Data           0  fpconst.o(c$$dinf)
    __dbl_max                                0x080077b0   Data           0  fpconst.o(c$$dmax)
    __ctype                                  0x080077e1   Data           0  lc_ctype_c.o(locale$$data)
    currentSystemState                       0x20000000   Data           1  state_machine.o(.data)
    system_self_check_passed                 0x20000001   Data           1  state_machine.o(.data)
    debugMode                                0x20000018   Data           1  main.o(.data)
    aRx1Buffer                               0x20000019   Data           1  usart.o(.data)
    pFlash                                   0x2000001c   Data          32  stm32f4xx_hal_flash.o(.data)
    uwTickFreq                               0x2000003c   Data           1  stm32f4xx_hal.o(.data)
    uwTickPrio                               0x20000040   Data           4  stm32f4xx_hal.o(.data)
    uwTick                                   0x20000044   Data           4  stm32f4xx_hal.o(.data)
    SystemCoreClock                          0x20000048   Data           4  system_stm32f4xx.o(.data)
    __aeabi_stdin                            0x2000004c   Data           4  stdio_streams.o(.data)
    __aeabi_stdout                           0x20000050   Data           4  stdio_streams.o(.data)
    __aeabi_stderr                           0x20000054   Data           4  stdio_streams.o(.data)
    g_sampling_log                           0x20000058   Data          28  state_machine.o(.bss)
    g_job_config                             0x20000074   Data          12  main.o(.bss)
    rx1S                                     0x20000080   Data          66  usart.o(.bss)
    huart4                                   0x200000c4   Data          72  usart.o(.bss)
    huart5                                   0x2000010c   Data          72  usart.o(.bss)
    huart1                                   0x20000154   Data          72  usart.o(.bss)
    huart2                                   0x2000019c   Data          72  usart.o(.bss)
    huart3                                   0x200001e4   Data          72  usart.o(.bss)
    huart6                                   0x2000022c   Data          72  usart.o(.bss)
    __stdin                                  0x20000274   Data          84  stdio_streams.o(.bss)
    __stdout                                 0x200002c8   Data          84  stdio_streams.o(.bss)
    __stderr                                 0x2000031c   Data          84  stdio_streams.o(.bss)
    __libspace_start                         0x20000370   Data          96  libspace.o(.bss)
    __temporary_stack_top$libspace           0x200003d0   Data           0  libspace.o(.bss)



==============================================================================

Memory Map of the image

  Image Entry point : 0x080001ad

  Load Region LR_IROM1 (Base: 0x08000000, Size: 0x0000793c, Max: 0x00100000, ABSOLUTE)

    Execution Region ER_IROM1 (Exec base: 0x08000000, Load base: 0x08000000, Size: 0x000078e4, Max: 0x00100000, ABSOLUTE)

    Exec Addr    Load Addr    Size         Type   Attr      Idx    E Section Name        Object

    0x08000000   0x08000000   0x000001ac   Data   RO            3    RESET               startup_stm32f427xx.o
    0x080001ac   0x080001ac   0x00000008   Code   RO         2450  * !!!main             c_w.l(__main.o)
    0x080001b4   0x080001b4   0x00000034   Code   RO         3024    !!!scatter          c_w.l(__scatter.o)
    0x080001e8   0x080001e8   0x0000001a   Code   RO         3026    !!handler_copy      c_w.l(__scatter_copy.o)
    0x08000202   0x08000202   0x00000002   PAD
    0x08000204   0x08000204   0x0000001c   Code   RO         3028    !!handler_zi        c_w.l(__scatter_zi.o)
    0x08000220   0x08000220   0x00000000   Code   RO         2431    .ARM.Collect$$_printf_percent$$00000000  c_w.l(_printf_percent.o)
    0x08000220   0x08000220   0x00000006   Code   RO         2516    .ARM.Collect$$_printf_percent$$00000001  c_w.l(_printf_n.o)
    0x08000226   0x08000226   0x00000006   Code   RO         2518    .ARM.Collect$$_printf_percent$$00000002  c_w.l(_printf_p.o)
    0x0800022c   0x0800022c   0x00000006   Code   RO         2430    .ARM.Collect$$_printf_percent$$00000003  c_w.l(_printf_f.o)
    0x08000232   0x08000232   0x00000006   Code   RO         2521    .ARM.Collect$$_printf_percent$$00000004  c_w.l(_printf_e.o)
    0x08000238   0x08000238   0x00000006   Code   RO         2522    .ARM.Collect$$_printf_percent$$00000005  c_w.l(_printf_g.o)
    0x0800023e   0x0800023e   0x00000006   Code   RO         2523    .ARM.Collect$$_printf_percent$$00000006  c_w.l(_printf_a.o)
    0x08000244   0x08000244   0x0000000a   Code   RO         2528    .ARM.Collect$$_printf_percent$$00000007  c_w.l(_printf_ll.o)
    0x0800024e   0x0800024e   0x00000006   Code   RO         2520    .ARM.Collect$$_printf_percent$$00000008  c_w.l(_printf_i.o)
    0x08000254   0x08000254   0x00000006   Code   RO         2428    .ARM.Collect$$_printf_percent$$00000009  c_w.l(_printf_d.o)
    0x0800025a   0x0800025a   0x00000006   Code   RO         2429    .ARM.Collect$$_printf_percent$$0000000A  c_w.l(_printf_u.o)
    0x08000260   0x08000260   0x00000006   Code   RO         2519    .ARM.Collect$$_printf_percent$$0000000B  c_w.l(_printf_o.o)
    0x08000266   0x08000266   0x00000006   Code   RO         2517    .ARM.Collect$$_printf_percent$$0000000C  c_w.l(_printf_x.o)
    0x0800026c   0x0800026c   0x00000006   Code   RO         2525    .ARM.Collect$$_printf_percent$$0000000D  c_w.l(_printf_lli.o)
    0x08000272   0x08000272   0x00000006   Code   RO         2526    .ARM.Collect$$_printf_percent$$0000000E  c_w.l(_printf_lld.o)
    0x08000278   0x08000278   0x00000006   Code   RO         2527    .ARM.Collect$$_printf_percent$$0000000F  c_w.l(_printf_llu.o)
    0x0800027e   0x0800027e   0x00000006   Code   RO         2532    .ARM.Collect$$_printf_percent$$00000010  c_w.l(_printf_llo.o)
    0x08000284   0x08000284   0x00000006   Code   RO         2533    .ARM.Collect$$_printf_percent$$00000011  c_w.l(_printf_llx.o)
    0x0800028a   0x0800028a   0x0000000a   Code   RO         2529    .ARM.Collect$$_printf_percent$$00000012  c_w.l(_printf_l.o)
    0x08000294   0x08000294   0x00000006   Code   RO         2515    .ARM.Collect$$_printf_percent$$00000013  c_w.l(_printf_c.o)
    0x0800029a   0x0800029a   0x00000006   Code   RO         2427    .ARM.Collect$$_printf_percent$$00000014  c_w.l(_printf_s.o)
    0x080002a0   0x080002a0   0x00000006   Code   RO         2530    .ARM.Collect$$_printf_percent$$00000015  c_w.l(_printf_lc.o)
    0x080002a6   0x080002a6   0x00000006   Code   RO         2531    .ARM.Collect$$_printf_percent$$00000016  c_w.l(_printf_ls.o)
    0x080002ac   0x080002ac   0x00000004   Code   RO         2524    .ARM.Collect$$_printf_percent$$00000017  c_w.l(_printf_percent_end.o)
    0x080002b0   0x080002b0   0x00000002   Code   RO         2767    .ARM.Collect$$libinit$$00000000  c_w.l(libinit.o)
    0x080002b2   0x080002b2   0x00000004   Code   RO         2768    .ARM.Collect$$libinit$$00000001  c_w.l(libinit2.o)
    0x080002b6   0x080002b6   0x00000000   Code   RO         2771    .ARM.Collect$$libinit$$00000004  c_w.l(libinit2.o)
    0x080002b6   0x080002b6   0x00000008   Code   RO         2772    .ARM.Collect$$libinit$$00000005  c_w.l(libinit2.o)
    0x080002be   0x080002be   0x00000000   Code   RO         2774    .ARM.Collect$$libinit$$0000000A  c_w.l(libinit2.o)
    0x080002be   0x080002be   0x00000000   Code   RO         2776    .ARM.Collect$$libinit$$0000000C  c_w.l(libinit2.o)
    0x080002be   0x080002be   0x00000000   Code   RO         2778    .ARM.Collect$$libinit$$0000000E  c_w.l(libinit2.o)
    0x080002be   0x080002be   0x00000006   Code   RO         2779    .ARM.Collect$$libinit$$0000000F  c_w.l(libinit2.o)
    0x080002c4   0x080002c4   0x00000000   Code   RO         2781    .ARM.Collect$$libinit$$00000011  c_w.l(libinit2.o)
    0x080002c4   0x080002c4   0x0000000c   Code   RO         2782    .ARM.Collect$$libinit$$00000012  c_w.l(libinit2.o)
    0x080002d0   0x080002d0   0x00000000   Code   RO         2783    .ARM.Collect$$libinit$$00000013  c_w.l(libinit2.o)
    0x080002d0   0x080002d0   0x00000000   Code   RO         2785    .ARM.Collect$$libinit$$00000015  c_w.l(libinit2.o)
    0x080002d0   0x080002d0   0x0000000a   Code   RO         2786    .ARM.Collect$$libinit$$00000016  c_w.l(libinit2.o)
    0x080002da   0x080002da   0x00000000   Code   RO         2787    .ARM.Collect$$libinit$$00000017  c_w.l(libinit2.o)
    0x080002da   0x080002da   0x00000000   Code   RO         2789    .ARM.Collect$$libinit$$00000019  c_w.l(libinit2.o)
    0x080002da   0x080002da   0x00000000   Code   RO         2791    .ARM.Collect$$libinit$$0000001B  c_w.l(libinit2.o)
    0x080002da   0x080002da   0x00000000   Code   RO         2793    .ARM.Collect$$libinit$$0000001D  c_w.l(libinit2.o)
    0x080002da   0x080002da   0x00000000   Code   RO         2795    .ARM.Collect$$libinit$$0000001F  c_w.l(libinit2.o)
    0x080002da   0x080002da   0x00000000   Code   RO         2797    .ARM.Collect$$libinit$$00000021  c_w.l(libinit2.o)
    0x080002da   0x080002da   0x00000000   Code   RO         2799    .ARM.Collect$$libinit$$00000023  c_w.l(libinit2.o)
    0x080002da   0x080002da   0x00000004   Code   RO         2800    .ARM.Collect$$libinit$$00000024  c_w.l(libinit2.o)
    0x080002de   0x080002de   0x00000000   Code   RO         2801    .ARM.Collect$$libinit$$00000025  c_w.l(libinit2.o)
    0x080002de   0x080002de   0x00000000   Code   RO         2805    .ARM.Collect$$libinit$$0000002C  c_w.l(libinit2.o)
    0x080002de   0x080002de   0x00000000   Code   RO         2807    .ARM.Collect$$libinit$$0000002E  c_w.l(libinit2.o)
    0x080002de   0x080002de   0x00000000   Code   RO         2809    .ARM.Collect$$libinit$$00000030  c_w.l(libinit2.o)
    0x080002de   0x080002de   0x00000000   Code   RO         2811    .ARM.Collect$$libinit$$00000032  c_w.l(libinit2.o)
    0x080002de   0x080002de   0x00000002   Code   RO         2812    .ARM.Collect$$libinit$$00000033  c_w.l(libinit2.o)
    0x080002e0   0x080002e0   0x00000002   Code   RO         2989    .ARM.Collect$$libshutdown$$00000000  c_w.l(libshutdown.o)
    0x080002e2   0x080002e2   0x00000000   Code   RO         2814    .ARM.Collect$$libshutdown$$00000002  c_w.l(libshutdown2.o)
    0x080002e2   0x080002e2   0x00000004   Code   RO         2815    .ARM.Collect$$libshutdown$$00000003  c_w.l(libshutdown2.o)
    0x080002e6   0x080002e6   0x00000000   Code   RO         2816    .ARM.Collect$$libshutdown$$00000004  c_w.l(libshutdown2.o)
    0x080002e6   0x080002e6   0x00000000   Code   RO         2819    .ARM.Collect$$libshutdown$$00000007  c_w.l(libshutdown2.o)
    0x080002e6   0x080002e6   0x00000000   Code   RO         2822    .ARM.Collect$$libshutdown$$0000000A  c_w.l(libshutdown2.o)
    0x080002e6   0x080002e6   0x00000000   Code   RO         2824    .ARM.Collect$$libshutdown$$0000000C  c_w.l(libshutdown2.o)
    0x080002e6   0x080002e6   0x00000000   Code   RO         2827    .ARM.Collect$$libshutdown$$0000000F  c_w.l(libshutdown2.o)
    0x080002e6   0x080002e6   0x00000002   Code   RO         2828    .ARM.Collect$$libshutdown$$00000010  c_w.l(libshutdown2.o)
    0x080002e8   0x080002e8   0x00000000   Code   RO         2458    .ARM.Collect$$rtentry$$00000000  c_w.l(__rtentry.o)
    0x080002e8   0x080002e8   0x00000000   Code   RO         2562    .ARM.Collect$$rtentry$$00000002  c_w.l(__rtentry2.o)
    0x080002e8   0x080002e8   0x00000006   Code   RO         2574    .ARM.Collect$$rtentry$$00000004  c_w.l(__rtentry4.o)
    0x080002ee   0x080002ee   0x00000000   Code   RO         2564    .ARM.Collect$$rtentry$$00000009  c_w.l(__rtentry2.o)
    0x080002ee   0x080002ee   0x00000004   Code   RO         2565    .ARM.Collect$$rtentry$$0000000A  c_w.l(__rtentry2.o)
    0x080002f2   0x080002f2   0x00000000   Code   RO         2567    .ARM.Collect$$rtentry$$0000000C  c_w.l(__rtentry2.o)
    0x080002f2   0x080002f2   0x00000008   Code   RO         2568    .ARM.Collect$$rtentry$$0000000D  c_w.l(__rtentry2.o)
    0x080002fa   0x080002fa   0x00000002   Code   RO         2844    .ARM.Collect$$rtexit$$00000000  c_w.l(rtexit.o)
    0x080002fc   0x080002fc   0x00000000   Code   RO         2923    .ARM.Collect$$rtexit$$00000002  c_w.l(rtexit2.o)
    0x080002fc   0x080002fc   0x00000004   Code   RO         2924    .ARM.Collect$$rtexit$$00000003  c_w.l(rtexit2.o)
    0x08000300   0x08000300   0x00000006   Code   RO         2925    .ARM.Collect$$rtexit$$00000004  c_w.l(rtexit2.o)
    0x08000306   0x08000306   0x00000002   PAD
    0x08000308   0x08000308   0x00000000   Code   RO         2929    .emb_text           c_w.l(maybetermalloc1.o)
    0x08000308   0x08000308   0x00000040   Code   RO            4    .text               startup_stm32f427xx.o
    0x08000348   0x08000348   0x000000ee   Code   RO         2393    .text               c_w.l(lludivv7m.o)
    0x08000436   0x08000436   0x00000002   PAD
    0x08000438   0x08000438   0x00000034   Code   RO         2395    .text               c_w.l(vsnprintf.o)
    0x0800046c   0x0800046c   0x00000018   Code   RO         2397    .text               c_w.l(__2printf.o)
    0x08000484   0x08000484   0x00000052   Code   RO         2403    .text               c_w.l(_printf_str.o)
    0x080004d6   0x080004d6   0x00000002   PAD
    0x080004d8   0x080004d8   0x00000078   Code   RO         2405    .text               c_w.l(_printf_dec.o)
    0x08000550   0x08000550   0x00000188   Code   RO         2424    .text               c_w.l(__printf_flags_ss_wp.o)
    0x080006d8   0x080006d8   0x0000003c   Code   RO         2432    .text               c_w.l(__0sscanf.o)
    0x08000714   0x08000714   0x0000014c   Code   RO         2434    .text               c_w.l(_scanf_int.o)
    0x08000860   0x08000860   0x00000058   Code   RO         2436    .text               c_w.l(memcmp.o)
    0x080008b8   0x080008b8   0x0000003e   Code   RO         2438    .text               c_w.l(strlen.o)
    0x080008f6   0x080008f6   0x00000096   Code   RO         2440    .text               c_w.l(strncmp.o)
    0x0800098c   0x0800098c   0x0000008a   Code   RO         2442    .text               c_w.l(rt_memcpy_v6.o)
    0x08000a16   0x08000a16   0x00000044   Code   RO         2444    .text               c_w.l(rt_memclr.o)
    0x08000a5a   0x08000a5a   0x0000004e   Code   RO         2446    .text               c_w.l(rt_memclr_w.o)
    0x08000aa8   0x08000aa8   0x00000006   Code   RO         2448    .text               c_w.l(heapauxi.o)
    0x08000aae   0x08000aae   0x0000004e   Code   RO         2463    .text               c_w.l(_printf_pad.o)
    0x08000afc   0x08000afc   0x00000024   Code   RO         2465    .text               c_w.l(_printf_truncate.o)
    0x08000b20   0x08000b20   0x000000b2   Code   RO         2467    .text               c_w.l(_printf_intcommon.o)
    0x08000bd2   0x08000bd2   0x00000028   Code   RO         2469    .text               c_w.l(_printf_charcount.o)
    0x08000bfa   0x08000bfa   0x0000041e   Code   RO         2471    .text               c_w.l(_printf_fp_dec.o)
    0x08001018   0x08001018   0x00000030   Code   RO         2473    .text               c_w.l(_printf_char_common.o)
    0x08001048   0x08001048   0x0000000a   Code   RO         2475    .text               c_w.l(_sputc.o)
    0x08001052   0x08001052   0x00000010   Code   RO         2477    .text               c_w.l(_snputc.o)
    0x08001062   0x08001062   0x0000002c   Code   RO         2479    .text               c_w.l(_printf_char.o)
    0x0800108e   0x0800108e   0x00000002   PAD
    0x08001090   0x08001090   0x00000024   Code   RO         2481    .text               c_w.l(_printf_char_file.o)
    0x080010b4   0x080010b4   0x000000bc   Code   RO         2483    .text               c_w.l(_printf_wctomb.o)
    0x08001170   0x08001170   0x0000007c   Code   RO         2486    .text               c_w.l(_printf_longlong_dec.o)
    0x080011ec   0x080011ec   0x00000070   Code   RO         2492    .text               c_w.l(_printf_oct_int_ll.o)
    0x0800125c   0x0800125c   0x00000094   Code   RO         2512    .text               c_w.l(_printf_hex_int_ll_ptr.o)
    0x080012f0   0x080012f0   0x0000001c   Code   RO         2534    .text               c_w.l(_chval.o)
    0x0800130c   0x0800130c   0x000004f8   Code   RO         2536    .text               c_w.l(scanf_fp.o)
    0x08001804   0x08001804   0x0000002c   Code   RO         2538    .text               c_w.l(scanf_char.o)
    0x08001830   0x08001830   0x00000040   Code   RO         2540    .text               c_w.l(_sgetc.o)
    0x08001870   0x08001870   0x00000064   Code   RO         2548    .text               c_w.l(rt_memcpy_w.o)
    0x080018d4   0x080018d4   0x00000008   Code   RO         2581    .text               c_w.l(rt_locale_intlibspace.o)
    0x080018dc   0x080018dc   0x00000008   Code   RO         2586    .text               c_w.l(rt_errno_addr_intlibspace.o)
    0x080018e4   0x080018e4   0x0000008a   Code   RO         2588    .text               c_w.l(lludiv10.o)
    0x0800196e   0x0800196e   0x00000012   Code   RO         2590    .text               c_w.l(isspace.o)
    0x08001980   0x08001980   0x000002fc   Code   RO         2592    .text               c_w.l(_printf_fp_hex.o)
    0x08001c7c   0x08001c7c   0x00000080   Code   RO         2595    .text               c_w.l(_printf_fp_infnan.o)
    0x08001cfc   0x08001cfc   0x0000002c   Code   RO         2599    .text               c_w.l(_printf_wchar.o)
    0x08001d28   0x08001d28   0x00000374   Code   RO         2601    .text               c_w.l(_scanf.o)
    0x0800209c   0x0800209c   0x000000e4   Code   RO         2603    .text               c_w.l(bigflt0.o)
    0x08002180   0x08002180   0x00000008   Code   RO         2628    .text               c_w.l(ferror.o)
    0x08002188   0x08002188   0x00000138   Code   RO         2630    .text               c_w.l(initio.o)
    0x080022c0   0x080022c0   0x00000040   Code   RO         2636    .text               c_w.l(_wcrtomb.o)
    0x08002300   0x08002300   0x00000066   Code   RO         2663    .text               c_w.l(sys_io.o)
    0x08002366   0x08002366   0x00000002   PAD
    0x08002368   0x08002368   0x00000008   Code   RO         2668    .text               c_w.l(libspace.o)
    0x08002370   0x08002370   0x0000004a   Code   RO         2673    .text               c_w.l(sys_stackheap_outer.o)
    0x080023ba   0x080023ba   0x00000002   PAD
    0x080023bc   0x080023bc   0x00000010   Code   RO         2675    .text               c_w.l(rt_ctype_table.o)
    0x080023cc   0x080023cc   0x0000004e   Code   RO         2679    .text               c_w.l(h1_free.o)
    0x0800241a   0x0800241a   0x00000016   Code   RO         2733    .text               c_w.l(_rserrno.o)
    0x08002430   0x08002430   0x00000320   Code   RO         2735    .text               c_w.l(scanf_hexfp.o)
    0x08002750   0x08002750   0x00000134   Code   RO         2737    .text               c_w.l(scanf_infnan.o)
    0x08002884   0x08002884   0x00000046   Code   RO         2739    .text               c_w.l(setvbuf.o)
    0x080028ca   0x080028ca   0x00000002   PAD
    0x080028cc   0x080028cc   0x000000ec   Code   RO         2742    .text               c_w.l(fopen.o)
    0x080029b8   0x080029b8   0x0000004c   Code   RO         2744    .text               c_w.l(fclose.o)
    0x08002a04   0x08002a04   0x00000012   Code   RO         2750    .text               c_w.l(exit.o)
    0x08002a16   0x08002a16   0x0000000e   Code   RO         2756    .text               c_w.l(defsig_rtred_outer.o)
    0x08002a24   0x08002a24   0x00000080   Code   RO         2760    .text               c_w.l(strcmpv7m.o)
    0x08002aa4   0x08002aa4   0x00000002   Code   RO         2841    .text               c_w.l(use_no_semi.o)
    0x08002aa6   0x08002aa6   0x00000000   Code   RO         2843    .text               c_w.l(indicate_semi.o)
    0x08002aa6   0x08002aa6   0x00000002   PAD
    0x08002aa8   0x08002aa8   0x00000008   Code   RO         2851    .text               c_w.l(rt_heap_descriptor_intlibspace.o)
    0x08002ab0   0x08002ab0   0x00000004   Code   RO         2853    .text               c_w.l(hguard.o)
    0x08002ab4   0x08002ab4   0x0000008a   Code   RO         2855    .text               c_w.l(init_alloc.o)
    0x08002b3e   0x08002b3e   0x0000005e   Code   RO         2861    .text               c_w.l(h1_alloc.o)
    0x08002b9c   0x08002b9c   0x00000026   Code   RO         2875    .text               c_w.l(llshl.o)
    0x08002bc2   0x08002bc2   0x00000002   PAD
    0x08002bc4   0x08002bc4   0x000000f8   Code   RO         2877    .text               c_w.l(fseek.o)
    0x08002cbc   0x08002cbc   0x000000f0   Code   RO         2879    .text               c_w.l(stdio.o)
    0x08002dac   0x08002dac   0x0000000a   Code   RO         2884    .text               c_w.l(defsig_exit.o)
    0x08002db6   0x08002db6   0x00000002   PAD
    0x08002db8   0x08002db8   0x00000034   Code   RO         2888    .text               c_w.l(defsig_rtred_inner.o)
    0x08002dec   0x08002dec   0x0000000c   Code   RO         2920    .text               c_w.l(sys_exit.o)
    0x08002df8   0x08002df8   0x0000000e   Code   RO         2931    .text               c_w.l(h1_init.o)
    0x08002e06   0x08002e06   0x00000034   Code   RO         2933    .text               c_w.l(h1_extend.o)
    0x08002e3a   0x08002e3a   0x00000042   Code   RO         2939    .text               c_w.l(ftell.o)
    0x08002e7c   0x08002e7c   0x00000032   Code   RO         2943    .text               c_w.l(defsig_general.o)
    0x08002eae   0x08002eae   0x0000000e   Code   RO         2945    .text               c_w.l(defsig_rtmem_outer.o)
    0x08002ebc   0x08002ebc   0x0000000e   Code   RO         2975    .text               c_w.l(sys_wrch.o)
    0x08002eca   0x08002eca   0x00000002   PAD
    0x08002ecc   0x08002ecc   0x00000050   Code   RO         2983    .text               c_w.l(defsig_rtmem_inner.o)
    0x08002f1c   0x08002f1c   0x0000003e   Code   RO         2606    CL$$btod_d2e        c_w.l(btod.o)
    0x08002f5a   0x08002f5a   0x00000046   Code   RO         2608    CL$$btod_d2e_denorm_low  c_w.l(btod.o)
    0x08002fa0   0x08002fa0   0x00000060   Code   RO         2607    CL$$btod_d2e_norm_op1  c_w.l(btod.o)
    0x08003000   0x08003000   0x00000338   Code   RO         2616    CL$$btod_div_common  c_w.l(btod.o)
    0x08003338   0x08003338   0x00000084   Code   RO         2614    CL$$btod_e2d        c_w.l(btod.o)
    0x080033bc   0x080033bc   0x000000dc   Code   RO         2613    CL$$btod_e2e        c_w.l(btod.o)
    0x08003498   0x08003498   0x0000002a   Code   RO         2610    CL$$btod_ediv       c_w.l(btod.o)
    0x080034c2   0x080034c2   0x0000002a   Code   RO         2612    CL$$btod_edivd      c_w.l(btod.o)
    0x080034ec   0x080034ec   0x0000002a   Code   RO         2609    CL$$btod_emul       c_w.l(btod.o)
    0x08003516   0x08003516   0x0000002a   Code   RO         2611    CL$$btod_emuld      c_w.l(btod.o)
    0x08003540   0x08003540   0x00000244   Code   RO         2615    CL$$btod_mult_common  c_w.l(btod.o)
    0x08003784   0x08003784   0x00000002   Code   RO          502    i.BusFault_Handler  stm32f4xx_it.o
    0x08003786   0x08003786   0x00000002   PAD
    0x08003788   0x08003788   0x00000044   Code   RO           13    i.Communicate_AnalogCollector_Check  state_machine.o
    0x080037cc   0x080037cc   0x00000048   Code   RO           14    i.Communicate_PulseCollector_Check  state_machine.o
    0x08003814   0x08003814   0x00000040   Code   RO           15    i.Communicate_Pump1_Check  state_machine.o
    0x08003854   0x08003854   0x00000040   Code   RO           16    i.Communicate_Pump2_Check  state_machine.o
    0x08003894   0x08003894   0x0000003c   Code   RO          728    i.Config_Load       config_manager.o
    0x080038d0   0x080038d0   0x00000054   Code   RO          729    i.Config_Save       config_manager.o
    0x08003924   0x08003924   0x00000002   Code   RO          503    i.DebugMon_Handler  stm32f4xx_it.o
    0x08003926   0x08003926   0x00000002   PAD
    0x08003928   0x08003928   0x00000010   Code   RO          331    i.Error_Handler     main.o
    0x08003938   0x08003938   0x00000054   Code   RO         1410    i.FLASH_Erase_Sector  stm32f4xx_hal_flash_ex.o
    0x0800398c   0x0800398c   0x00000054   Code   RO         1411    i.FLASH_FlushCaches  stm32f4xx_hal_flash_ex.o
    0x080039e0   0x080039e0   0x00000040   Code   RO         1412    i.FLASH_MassErase   stm32f4xx_hal_flash_ex.o
    0x08003a20   0x08003a20   0x00000020   Code   RO         1292    i.FLASH_Program_Byte  stm32f4xx_hal_flash.o
    0x08003a40   0x08003a40   0x0000002c   Code   RO         1293    i.FLASH_Program_DoubleWord  stm32f4xx_hal_flash.o
    0x08003a6c   0x08003a6c   0x00000024   Code   RO         1294    i.FLASH_Program_HalfWord  stm32f4xx_hal_flash.o
    0x08003a90   0x08003a90   0x00000024   Code   RO         1295    i.FLASH_Program_Word  stm32f4xx_hal_flash.o
    0x08003ab4   0x08003ab4   0x0000007c   Code   RO         1296    i.FLASH_SetErrorCode  stm32f4xx_hal_flash.o
    0x08003b30   0x08003b30   0x00000050   Code   RO         1297    i.FLASH_WaitForLastOperation  stm32f4xx_hal_flash.o
    0x08003b80   0x08003b80   0x00000068   Code   RO          637    i.GetTriggerModeString  debug_commands.o
    0x08003be8   0x08003be8   0x00000168   Code   RO           17    i.Get_Depth_Value   state_machine.o
    0x08003d50   0x08003d50   0x00000144   Code   RO           18    i.Get_Flow_Pulse_Count  state_machine.o
    0x08003e94   0x08003e94   0x00000092   Code   RO         1638    i.HAL_DMA_Abort     stm32f4xx_hal_dma.o
    0x08003f26   0x08003f26   0x00000024   Code   RO         1639    i.HAL_DMA_Abort_IT  stm32f4xx_hal_dma.o
    0x08003f4a   0x08003f4a   0x00000002   PAD
    0x08003f4c   0x08003f4c   0x00000024   Code   RO         2093    i.HAL_Delay         stm32f4xx_hal.o
    0x08003f70   0x08003f70   0x0000009c   Code   RO         1417    i.HAL_FLASHEx_Erase  stm32f4xx_hal_flash_ex.o
    0x0800400c   0x0800400c   0x00000014   Code   RO         1301    i.HAL_FLASH_Lock    stm32f4xx_hal_flash.o
    0x08004020   0x08004020   0x0000007c   Code   RO         1306    i.HAL_FLASH_Program  stm32f4xx_hal_flash.o
    0x0800409c   0x0800409c   0x0000002c   Code   RO         1308    i.HAL_FLASH_Unlock  stm32f4xx_hal_flash.o
    0x080040c8   0x080040c8   0x00000234   Code   RO         1531    i.HAL_GPIO_Init     stm32f4xx_hal_gpio.o
    0x080042fc   0x080042fc   0x00000010   Code   RO         1534    i.HAL_GPIO_TogglePin  stm32f4xx_hal_gpio.o
    0x0800430c   0x0800430c   0x0000000a   Code   RO         1535    i.HAL_GPIO_WritePin  stm32f4xx_hal_gpio.o
    0x08004316   0x08004316   0x00000002   PAD
    0x08004318   0x08004318   0x0000000c   Code   RO         2101    i.HAL_GetTick       stm32f4xx_hal.o
    0x08004324   0x08004324   0x00000010   Code   RO         2107    i.HAL_IncTick       stm32f4xx_hal.o
    0x08004334   0x08004334   0x00000034   Code   RO         2108    i.HAL_Init          stm32f4xx_hal.o
    0x08004368   0x08004368   0x00000040   Code   RO         2109    i.HAL_InitTick      stm32f4xx_hal.o
    0x080043a8   0x080043a8   0x00000030   Code   RO          613    i.HAL_MspInit       stm32f4xx_hal_msp.o
    0x080043d8   0x080043d8   0x0000001a   Code   RO         1941    i.HAL_NVIC_EnableIRQ  stm32f4xx_hal_cortex.o
    0x080043f2   0x080043f2   0x00000002   PAD
    0x080043f4   0x080043f4   0x00000040   Code   RO         1947    i.HAL_NVIC_SetPriority  stm32f4xx_hal_cortex.o
    0x08004434   0x08004434   0x00000024   Code   RO         1948    i.HAL_NVIC_SetPriorityGrouping  stm32f4xx_hal_cortex.o
    0x08004458   0x08004458   0x00000134   Code   RO         1125    i.HAL_RCC_ClockConfig  stm32f4xx_hal_rcc.o
    0x0800458c   0x0800458c   0x00000020   Code   RO         1132    i.HAL_RCC_GetPCLK1Freq  stm32f4xx_hal_rcc.o
    0x080045ac   0x080045ac   0x00000020   Code   RO         1133    i.HAL_RCC_GetPCLK2Freq  stm32f4xx_hal_rcc.o
    0x080045cc   0x080045cc   0x00000060   Code   RO         1134    i.HAL_RCC_GetSysClockFreq  stm32f4xx_hal_rcc.o
    0x0800462c   0x0800462c   0x0000036c   Code   RO         1137    i.HAL_RCC_OscConfig  stm32f4xx_hal_rcc.o
    0x08004998   0x08004998   0x00000028   Code   RO         1952    i.HAL_SYSTICK_Config  stm32f4xx_hal_cortex.o
    0x080049c0   0x080049c0   0x00000002   Code   RO          773    i.HAL_UARTEx_RxEventCallback  stm32f4xx_hal_uart.o
    0x080049c2   0x080049c2   0x00000002   Code   RO          787    i.HAL_UART_ErrorCallback  stm32f4xx_hal_uart.o
    0x080049c4   0x080049c4   0x0000000a   Code   RO          789    i.HAL_UART_GetState  stm32f4xx_hal_uart.o
    0x080049ce   0x080049ce   0x00000002   PAD
    0x080049d0   0x080049d0   0x00000280   Code   RO          790    i.HAL_UART_IRQHandler  stm32f4xx_hal_uart.o
    0x08004c50   0x08004c50   0x00000064   Code   RO          791    i.HAL_UART_Init     stm32f4xx_hal_uart.o
    0x08004cb4   0x08004cb4   0x0000024c   Code   RO          404    i.HAL_UART_MspInit  usart.o
    0x08004f00   0x08004f00   0x000000b0   Code   RO          794    i.HAL_UART_Receive  stm32f4xx_hal_uart.o
    0x08004fb0   0x08004fb0   0x0000001c   Code   RO          796    i.HAL_UART_Receive_IT  stm32f4xx_hal_uart.o
    0x08004fcc   0x08004fcc   0x000000b0   Code   RO          405    i.HAL_UART_RxCpltCallback  usart.o
    0x0800507c   0x0800507c   0x000000a0   Code   RO          799    i.HAL_UART_Transmit  stm32f4xx_hal_uart.o
    0x0800511c   0x0800511c   0x00000002   Code   RO          802    i.HAL_UART_TxCpltCallback  stm32f4xx_hal_uart.o
    0x0800511e   0x0800511e   0x00000002   PAD
    0x08005120   0x08005120   0x0000032c   Code   RO          638    i.HandleDebugMode_Independent  debug_commands.o
    0x0800544c   0x0800544c   0x00000002   Code   RO          504    i.HardFault_Handler  stm32f4xx_it.o
    0x0800544e   0x0800544e   0x00000002   PAD
    0x08005450   0x08005450   0x00000040   Code   RO           19    i.Log_Event         state_machine.o
    0x08005490   0x08005490   0x00000130   Code   RO          379    i.MX_GPIO_Init      gpio.o
    0x080055c0   0x080055c0   0x00000038   Code   RO          406    i.MX_UART4_Init     usart.o
    0x080055f8   0x080055f8   0x00000038   Code   RO          407    i.MX_UART5_Init     usart.o
    0x08005630   0x08005630   0x00000038   Code   RO          408    i.MX_USART1_UART_Init  usart.o
    0x08005668   0x08005668   0x00000038   Code   RO          409    i.MX_USART2_UART_Init  usart.o
    0x080056a0   0x080056a0   0x00000038   Code   RO          410    i.MX_USART3_UART_Init  usart.o
    0x080056d8   0x080056d8   0x00000038   Code   RO          411    i.MX_USART6_UART_Init  usart.o
    0x08005710   0x08005710   0x00000002   Code   RO          505    i.MemManage_Handler  stm32f4xx_it.o
    0x08005712   0x08005712   0x00000030   Code   RO          673    i.ModbusRTU_CRC     modbus_rtu.o
    0x08005742   0x08005742   0x00000002   PAD
    0x08005744   0x08005744   0x00000108   Code   RO          674    i.ModbusRTU_CheckComm  modbus_rtu.o
    0x0800584c   0x0800584c   0x00000164   Code   RO          675    i.ModbusRTU_PumpStart  modbus_rtu.o
    0x080059b0   0x080059b0   0x00000174   Code   RO          676    i.ModbusRTU_PumpStop  modbus_rtu.o
    0x08005b24   0x08005b24   0x00000060   Code   RO          677    i.ModbusRTU_Receive  modbus_rtu.o
    0x08005b84   0x08005b84   0x00000078   Code   RO          678    i.ModbusRTU_Transmit  modbus_rtu.o
    0x08005bfc   0x08005bfc   0x00000002   Code   RO          506    i.NMI_Handler       stm32f4xx_it.o
    0x08005bfe   0x08005bfe   0x00000002   Code   RO          507    i.PendSV_Handler    stm32f4xx_it.o
    0x08005c00   0x08005c00   0x00000050   Code   RO           20    i.Pump1_Start       state_machine.o
    0x08005c50   0x08005c50   0x00000044   Code   RO           21    i.Pump1_Stop        state_machine.o
    0x08005c94   0x08005c94   0x00000050   Code   RO           22    i.Pump2_Start       state_machine.o
    0x08005ce4   0x08005ce4   0x00000044   Code   RO           23    i.Pump2_Stop        state_machine.o
    0x08005d28   0x08005d28   0x00000010   Code   RO           24    i.RS485_1_DE_Receive  state_machine.o
    0x08005d38   0x08005d38   0x00000010   Code   RO           25    i.RS485_1_DE_Transmit  state_machine.o
    0x08005d48   0x08005d48   0x00000010   Code   RO           26    i.RS485_2_DE_Receive  state_machine.o
    0x08005d58   0x08005d58   0x00000010   Code   RO           27    i.RS485_2_DE_Transmit  state_machine.o
    0x08005d68   0x08005d68   0x00000010   Code   RO           28    i.RS485_3_DE_Receive  state_machine.o
    0x08005d78   0x08005d78   0x00000010   Code   RO           29    i.RS485_3_DE_Transmit  state_machine.o
    0x08005d88   0x08005d88   0x00000010   Code   RO           30    i.RS485_4_DE_Receive  state_machine.o
    0x08005d98   0x08005d98   0x00000010   Code   RO           31    i.RS485_4_DE_Transmit  state_machine.o
    0x08005da8   0x08005da8   0x00000010   Code   RO           32    i.RS485_6_DE_Receive  state_machine.o
    0x08005db8   0x08005db8   0x00000002   Code   RO          508    i.SVC_Handler       stm32f4xx_it.o
    0x08005dba   0x08005dba   0x00000002   PAD
    0x08005dbc   0x08005dbc   0x0000005c   Code   RO           34    i.StateMachine_Init  state_machine.o
    0x08005e18   0x08005e18   0x0000015c   Code   RO           35    i.StateMachine_Run  state_machine.o
    0x08005f74   0x08005f74   0x00000060   Code   RO           36    i.State_Handle_Initial  state_machine.o
    0x08005fd4   0x08005fd4   0x00000098   Code   RO           37    i.State_Handle_Pump1RunningCleaning  state_machine.o
    0x0800606c   0x0800606c   0x0000009c   Code   RO           38    i.State_Handle_Pump2RunningWaterCollection  state_machine.o
    0x08006108   0x08006108   0x000001dc   Code   RO           39    i.State_Handle_SelfCheck  state_machine.o
    0x080062e4   0x080062e4   0x0000038c   Code   RO           40    i.State_Handle_WaitingForTriggerCondition  state_machine.o
    0x08006670   0x08006670   0x00000098   Code   RO           41    i.State_Handle_WaitingForTriggerModeSelection  state_machine.o
    0x08006708   0x08006708   0x00000004   Code   RO          509    i.SysTick_Handler   stm32f4xx_it.o
    0x0800670c   0x0800670c   0x00000094   Code   RO          332    i.SystemClock_Config  main.o
    0x080067a0   0x080067a0   0x00000010   Code   RO         2357    i.SystemInit        system_stm32f4xx.o
    0x080067b0   0x080067b0   0x00000010   Code   RO           42    i.Toggle_RUN_LED    state_machine.o
    0x080067c0   0x080067c0   0x00000010   Code   RO           43    i.TurnOff_RUN_LED   state_machine.o
    0x080067d0   0x080067d0   0x00000010   Code   RO           44    i.TurnOn_RUN_LED    state_machine.o
    0x080067e0   0x080067e0   0x0000000c   Code   RO          510    i.UART4_IRQHandler  stm32f4xx_it.o
    0x080067ec   0x080067ec   0x0000000c   Code   RO          511    i.UART5_IRQHandler  stm32f4xx_it.o
    0x080067f8   0x080067f8   0x0000000e   Code   RO          804    i.UART_DMAAbortOnError  stm32f4xx_hal_uart.o
    0x08006806   0x08006806   0x0000004e   Code   RO          814    i.UART_EndRxTransfer  stm32f4xx_hal_uart.o
    0x08006854   0x08006854   0x000000c2   Code   RO          816    i.UART_Receive_IT   stm32f4xx_hal_uart.o
    0x08006916   0x08006916   0x00000002   PAD
    0x08006918   0x08006918   0x0000010c   Code   RO          817    i.UART_SetConfig    stm32f4xx_hal_uart.o
    0x08006a24   0x08006a24   0x00000036   Code   RO          819    i.UART_Start_Receive_IT  stm32f4xx_hal_uart.o
    0x08006a5a   0x08006a5a   0x00000072   Code   RO          820    i.UART_WaitOnFlagUntilTimeout  stm32f4xx_hal_uart.o
    0x08006acc   0x08006acc   0x0000000c   Code   RO          512    i.USART1_IRQHandler  stm32f4xx_it.o
    0x08006ad8   0x08006ad8   0x0000000c   Code   RO          513    i.USART2_IRQHandler  stm32f4xx_it.o
    0x08006ae4   0x08006ae4   0x0000000c   Code   RO          514    i.USART3_IRQHandler  stm32f4xx_it.o
    0x08006af0   0x08006af0   0x0000000c   Code   RO          515    i.USART6_IRQHandler  stm32f4xx_it.o
    0x08006afc   0x08006afc   0x00000002   Code   RO          516    i.UsageFault_Handler  stm32f4xx_it.o
    0x08006afe   0x08006afe   0x00000030   Code   RO         2653    i.__ARM_fpclassify  m_wm.l(fpclassify.o)
    0x08006b2e   0x08006b2e   0x00000020   Code   RO         1954    i.__NVIC_SetPriority  stm32f4xx_hal_cortex.o
    0x08006b4e   0x08006b4e   0x00000002   PAD
    0x08006b50   0x08006b50   0x000000f8   Code   RO         2655    i.__hardfp___mathlib_tofloat  m_wm.l(narrow.o)
    0x08006c48   0x08006c48   0x000000d0   Code   RO         2904    i.__hardfp_ldexp    m_wm.l(ldexp.o)
    0x08006d18   0x08006d18   0x00000020   Code   RO         2964    i.__mathlib_dbl_overflow  m_wm.l(dunder.o)
    0x08006d38   0x08006d38   0x00000020   Code   RO         2966    i.__mathlib_dbl_underflow  m_wm.l(dunder.o)
    0x08006d58   0x08006d58   0x00000012   Code   RO         2656    i.__mathlib_narrow  m_wm.l(narrow.o)
    0x08006d6a   0x08006d6a   0x00000014   Code   RO         2906    i.__support_ldexp   m_wm.l(ldexp.o)
    0x08006d7e   0x08006d7e   0x0000000e   Code   RO         2417    i._is_digit         c_w.l(__printf_wp.o)
    0x08006d8c   0x08006d8c   0x00000018   Code   RO          413    i.fputc             usart.o
    0x08006da4   0x08006da4   0x00000004   PAD
    0x08006da8   0x08006da8   0x0000008c   Code   RO         2837    i.frexp             m_wm.l(frexp.o)
    0x08006e34   0x08006e34   0x0000005c   Code   RO          333    i.main              main.o
    0x08006e90   0x08006e90   0x0000002c   Code   RO         2639    locale$$code        c_w.l(lc_numeric_c.o)
    0x08006ebc   0x08006ebc   0x0000002c   Code   RO         2882    locale$$code        c_w.l(lc_ctype_c.o)
    0x08006ee8   0x08006ee8   0x00000062   Code   RO         2829    x$fpl$d2f           fz_wm.l(d2f.o)
    0x08006f4a   0x08006f4a   0x00000002   PAD
    0x08006f4c   0x08006f4c   0x00000010   Code   RO         2996    x$fpl$dcheck1       fz_wm.l(dcheck1.o)
    0x08006f5c   0x08006f5c   0x00000018   Code   RO         2892    x$fpl$dcmpinf       fz_wm.l(dcmpi.o)
    0x08006f74   0x08006f74   0x00000078   Code   RO         2831    x$fpl$deqf          fz_wm.l(deqf.o)
    0x08006fec   0x08006fec   0x00000078   Code   RO         2894    x$fpl$dleqf         fz_wm.l(dleqf.o)
    0x08007064   0x08007064   0x00000154   Code   RO         2896    x$fpl$dmul          fz_wm.l(dmul.o)
    0x080071b8   0x080071b8   0x0000009c   Code   RO         2898    x$fpl$dnaninf       fz_wm.l(dnaninf.o)
    0x08007254   0x08007254   0x0000000c   Code   RO         2550    x$fpl$dretinf       fz_wm.l(dretinf.o)
    0x08007260   0x08007260   0x0000006c   Code   RO         2833    x$fpl$drleqf        fz_wm.l(drleqf.o)
    0x080072cc   0x080072cc   0x00000056   Code   RO         2452    x$fpl$f2d           fz_wm.l(f2d.o)
    0x08007322   0x08007322   0x0000008c   Code   RO         2552    x$fpl$fnaninf       fz_wm.l(fnaninf.o)
    0x080073ae   0x080073ae   0x0000000a   Code   RO         2900    x$fpl$fpinit        fz_wm.l(fpinit.o)
    0x080073b8   0x080073b8   0x0000000a   Code   RO         2902    x$fpl$fretinf       fz_wm.l(fretinf.o)
    0x080073c2   0x080073c2   0x00000006   Code   RO         2645    x$fpl$ieeestatus    fz_wm.l(istatus.o)
    0x080073c8   0x080073c8   0x00000004   Code   RO         2454    x$fpl$printf1       fz_wm.l(printf1.o)
    0x080073cc   0x080073cc   0x00000004   Code   RO         2554    x$fpl$printf2       fz_wm.l(printf2.o)
    0x080073d0   0x080073d0   0x00000064   Code   RO         3018    x$fpl$retnan        fz_wm.l(retnan.o)
    0x08007434   0x08007434   0x0000005c   Code   RO         2958    x$fpl$scalbn        fz_wm.l(scalbn.o)
    0x08007490   0x08007490   0x00000004   Code   RO         2456    x$fpl$scanf1        fz_wm.l(scanf1.o)
    0x08007494   0x08007494   0x00000008   Code   RO         2647    x$fpl$scanf2        fz_wm.l(scanf2.o)
    0x0800749c   0x0800749c   0x00000030   Code   RO         3020    x$fpl$trapveneer    fz_wm.l(trapv.o)
    0x080074cc   0x080074cc   0x00000000   Code   RO         2560    x$fpl$usenofp       fz_wm.l(usenofp.o)
    0x080074cc   0x080074cc   0x00000010   Data   RO         2358    .constdata          system_stm32f4xx.o
    0x080074dc   0x080074dc   0x00000008   Data   RO         2359    .constdata          system_stm32f4xx.o
    0x080074e4   0x080074e4   0x00000011   Data   RO         2425    .constdata          c_w.l(__printf_flags_ss_wp.o)
    0x080074f5   0x080074f5   0x00000003   PAD
    0x080074f8   0x080074f8   0x00000008   Data   RO         2484    .constdata          c_w.l(_printf_wctomb.o)
    0x08007500   0x08007500   0x00000028   Data   RO         2513    .constdata          c_w.l(_printf_hex_int_ll_ptr.o)
    0x08007528   0x08007528   0x00000026   Data   RO         2593    .constdata          c_w.l(_printf_fp_hex.o)
    0x0800754e   0x0800754e   0x00000002   PAD
    0x08007550   0x08007550   0x00000094   Data   RO         2604    .constdata          c_w.l(bigflt0.o)
    0x080075e4   0x080075e4   0x00000004   Data   RO         2664    .constdata          c_w.l(sys_io.o)
    0x080075e8   0x080075e8   0x00000004   Data   RO         2665    .constdata          c_w.l(sys_io.o)
    0x080075ec   0x080075ec   0x00000004   Data   RO         2666    .constdata          c_w.l(sys_io.o)
    0x080075f0   0x080075f0   0x00000153   Data   RO           46    .conststring        state_machine.o
    0x08007743   0x08007743   0x00000001   PAD
    0x08007744   0x08007744   0x00000043   Data   RO          679    .conststring        modbus_rtu.o
    0x08007787   0x08007787   0x00000001   PAD
    0x08007788   0x08007788   0x00000020   Data   RO         3022    Region$$Table       anon$$obj.o
    0x080077a8   0x080077a8   0x00000008   Data   RO         2641    c$$dinf             fz_wm.l(fpconst.o)
    0x080077b0   0x080077b0   0x00000008   Data   RO         2644    c$$dmax             fz_wm.l(fpconst.o)
    0x080077b8   0x080077b8   0x0000001c   Data   RO         2638    locale$$data        c_w.l(lc_numeric_c.o)
    0x080077d4   0x080077d4   0x00000110   Data   RO         2881    locale$$data        c_w.l(lc_ctype_c.o)


    Execution Region RW_IRAM2 (Exec base: 0x10000000, Load base: 0x0800793c, Size: 0x00000000, Max: 0x00010000, ABSOLUTE)

    **** No section assigned to this execution region ****


    Execution Region RW_IRAM1 (Exec base: 0x20000000, Load base: 0x080078e4, Size: 0x000063d0, Max: 0x00030000, ABSOLUTE)

    Exec Addr    Load Addr    Size         Type   Attr      Idx    E Section Name        Object

    0x20000000   0x080078e4   0x00000018   Data   RW           47    .data               state_machine.o
    0x20000018   0x080078fc   0x00000001   Data   RW          335    .data               main.o
    0x20000019   0x080078fd   0x00000001   Data   RW          415    .data               usart.o
    0x2000001a   0x080078fe   0x00000002   PAD
    0x2000001c   0x08007900   0x00000020   Data   RW         1309    .data               stm32f4xx_hal_flash.o
    0x2000003c   0x08007920   0x0000000c   Data   RW         2115    .data               stm32f4xx_hal.o
    0x20000048   0x0800792c   0x00000004   Data   RW         2360    .data               system_stm32f4xx.o
    0x2000004c   0x08007930   0x00000004   Data   RW         2545    .data               c_w.l(stdio_streams.o)
    0x20000050   0x08007934   0x00000004   Data   RW         2546    .data               c_w.l(stdio_streams.o)
    0x20000054   0x08007938   0x00000004   Data   RW         2547    .data               c_w.l(stdio_streams.o)
    0x20000058        -       0x0000001c   Zero   RW           45    .bss                state_machine.o
    0x20000074        -       0x0000000c   Zero   RW          334    .bss                main.o
    0x20000080        -       0x000001f4   Zero   RW          414    .bss                usart.o
    0x20000274        -       0x00000054   Zero   RW         2542    .bss                c_w.l(stdio_streams.o)
    0x200002c8        -       0x00000054   Zero   RW         2543    .bss                c_w.l(stdio_streams.o)
    0x2000031c        -       0x00000054   Zero   RW         2544    .bss                c_w.l(stdio_streams.o)
    0x20000370        -       0x00000060   Zero   RW         2669    .bss                c_w.l(libspace.o)
    0x200003d0        -       0x00002000   Zero   RW            2    HEAP                startup_stm32f427xx.o
    0x200023d0        -       0x00004000   Zero   RW            1    STACK               startup_stm32f427xx.o


==============================================================================

Image component sizes


      Code (inc. data)   RO Data    RW Data    ZI Data      Debug   Object Name

       144         20          0          0          0       1784   config_manager.o
       916        544          0          0          0       1561   debug_commands.o
       304         24          0          0          0       1067   gpio.o
       256         22          0          1         12       3483   main.o
      1256        528         67          0          0       6746   modbus_rtu.o
        64         26        428          0      24576        832   startup_stm32f427xx.o
      3884       2064        339         24         28     741430   state_machine.o
       180         28          0         12          0       9473   stm32f4xx_hal.o
       198         14          0          0          0      33751   stm32f4xx_hal_cortex.o
       182          0          0          0          0       2063   stm32f4xx_hal_dma.o
       540         66          0         32          0       6490   stm32f4xx_hal_flash.o
       388         24          0          0          0       4322   stm32f4xx_hal_flash_ex.o
       590         54          0          0          0       2805   stm32f4xx_hal_gpio.o
        48          6          0          0          0        838   stm32f4xx_hal_msp.o
      1344         72          0          0          0       5188   stm32f4xx_hal_rcc.o
      1842         14          0          0          0      13023   stm32f4xx_hal_uart.o
        92         36          0          0          0       6804   stm32f4xx_it.o
        16          4         24          4          0       1091   system_stm32f4xx.o
      1124        140          0          1        500       8898   usart.o

    ----------------------------------------------------------------------
     13396       3690        892         76      25116     851649   Object Totals
         0          0         32          0          0          0   (incl. Generated)
        28          4          2          2          0          0   (incl. Padding)

    ----------------------------------------------------------------------

      Code (inc. data)   RO Data    RW Data    ZI Data      Debug   Library Member Name

        60          8          0          0          0         84   __0sscanf.o
        24          4          0          0          0         84   __2printf.o
         8          0          0          0          0         68   __main.o
       392          4         17          0          0         92   __printf_flags_ss_wp.o
        14          0          0          0          0         68   __printf_wp.o
         0          0          0          0          0          0   __rtentry.o
        12          0          0          0          0          0   __rtentry2.o
         6          0          0          0          0          0   __rtentry4.o
        52          8          0          0          0          0   __scatter.o
        26          0          0          0          0          0   __scatter_copy.o
        28          0          0          0          0          0   __scatter_zi.o
        28          0          0          0          0         68   _chval.o
         6          0          0          0          0          0   _printf_a.o
         6          0          0          0          0          0   _printf_c.o
        44          0          0          0          0        108   _printf_char.o
        48          6          0          0          0         96   _printf_char_common.o
        36          4          0          0          0         80   _printf_char_file.o
        40          0          0          0          0         68   _printf_charcount.o
         6          0          0          0          0          0   _printf_d.o
       120         16          0          0          0         92   _printf_dec.o
         6          0          0          0          0          0   _printf_e.o
         6          0          0          0          0          0   _printf_f.o
      1054          0          0          0          0        216   _printf_fp_dec.o
       764          8         38          0          0        100   _printf_fp_hex.o
       128         16          0          0          0         84   _printf_fp_infnan.o
         6          0          0          0          0          0   _printf_g.o
       148          4         40          0          0        160   _printf_hex_int_ll_ptr.o
         6          0          0          0          0          0   _printf_i.o
       178          0          0          0          0         88   _printf_intcommon.o
        10          0          0          0          0          0   _printf_l.o
         6          0          0          0          0          0   _printf_lc.o
        10          0          0          0          0          0   _printf_ll.o
         6          0          0          0          0          0   _printf_lld.o
         6          0          0          0          0          0   _printf_lli.o
         6          0          0          0          0          0   _printf_llo.o
         6          0          0          0          0          0   _printf_llu.o
         6          0          0          0          0          0   _printf_llx.o
       124         16          0          0          0         92   _printf_longlong_dec.o
         6          0          0          0          0          0   _printf_ls.o
         6          0          0          0          0          0   _printf_n.o
         6          0          0          0          0          0   _printf_o.o
       112         10          0          0          0        124   _printf_oct_int_ll.o
         6          0          0          0          0          0   _printf_p.o
        78          0          0          0          0        108   _printf_pad.o
         0          0          0          0          0          0   _printf_percent.o
         4          0          0          0          0          0   _printf_percent_end.o
         6          0          0          0          0          0   _printf_s.o
        82          0          0          0          0         80   _printf_str.o
        36          0          0          0          0         84   _printf_truncate.o
         6          0          0          0          0          0   _printf_u.o
        44          0          0          0          0        108   _printf_wchar.o
       188          6          8          0          0         92   _printf_wctomb.o
         6          0          0          0          0          0   _printf_x.o
        22          0          0          0          0        100   _rserrno.o
       884          6          0          0          0        100   _scanf.o
       332          0          0          0          0         96   _scanf_int.o
        64          0          0          0          0         84   _sgetc.o
        16          0          0          0          0         68   _snputc.o
        10          0          0          0          0         68   _sputc.o
        64          0          0          0          0         92   _wcrtomb.o
       228          4        148          0          0         96   bigflt0.o
      2152        136          0          0          0        960   btod.o
        10          0          0          0          0         68   defsig_exit.o
        50          0          0          0          0         88   defsig_general.o
        80         58          0          0          0         76   defsig_rtmem_inner.o
        14          0          0          0          0         80   defsig_rtmem_outer.o
        52         38          0          0          0         76   defsig_rtred_inner.o
        14          0          0          0          0         80   defsig_rtred_outer.o
        18          0          0          0          0         80   exit.o
        76          0          0          0          0         88   fclose.o
         8          0          0          0          0         68   ferror.o
       236          4          0          0          0        128   fopen.o
       248          6          0          0          0         84   fseek.o
        66          0          0          0          0         76   ftell.o
        94          0          0          0          0         80   h1_alloc.o
        52          0          0          0          0         68   h1_extend.o
        78          0          0          0          0         80   h1_free.o
        14          0          0          0          0         84   h1_init.o
         6          0          0          0          0        152   heapauxi.o
         4          0          0          0          0        136   hguard.o
         0          0          0          0          0          0   indicate_semi.o
       138          0          0          0          0        168   init_alloc.o
       312         46          0          0          0        112   initio.o
        18          0          0          0          0         76   isspace.o
        44         10        272          0          0         76   lc_ctype_c.o
        44         10         28          0          0         76   lc_numeric_c.o
         2          0          0          0          0          0   libinit.o
        46          0          0          0          0          0   libinit2.o
         2          0          0          0          0          0   libshutdown.o
         6          0          0          0          0          0   libshutdown2.o
         8          4          0          0         96         68   libspace.o
        38          0          0          0          0         68   llshl.o
       138          0          0          0          0         80   lludiv10.o
       238          0          0          0          0        100   lludivv7m.o
         0          0          0          0          0          0   maybetermalloc1.o
        88          0          0          0          0         76   memcmp.o
        16          4          0          0          0         76   rt_ctype_table.o
         8          4          0          0          0         68   rt_errno_addr_intlibspace.o
         8          4          0          0          0         68   rt_heap_descriptor_intlibspace.o
         8          4          0          0          0         68   rt_locale_intlibspace.o
        68          0          0          0          0         68   rt_memclr.o
        78          0          0          0          0         80   rt_memclr_w.o
       138          0          0          0          0         68   rt_memcpy_v6.o
       100          0          0          0          0         80   rt_memcpy_w.o
         2          0          0          0          0          0   rtexit.o
        10          0          0          0          0          0   rtexit2.o
        44          8          0          0          0         84   scanf_char.o
      1272         16          0          0          0        168   scanf_fp.o
       800         14          0          0          0        100   scanf_hexfp.o
       308         16          0          0          0        100   scanf_infnan.o
        70          0          0          0          0         80   setvbuf.o
       240          6          0          0          0        156   stdio.o
         0          0          0         12        252          0   stdio_streams.o
       128          0          0          0          0         68   strcmpv7m.o
        62          0          0          0          0         76   strlen.o
       150          0          0          0          0         80   strncmp.o
        12          4          0          0          0         68   sys_exit.o
       102          0         12          0          0        240   sys_io.o
        74          0          0          0          0         80   sys_stackheap_outer.o
        14          0          0          0          0         76   sys_wrch.o
         2          0          0          0          0         68   use_no_semi.o
        52          4          0          0          0         80   vsnprintf.o
        98          4          0          0          0        140   d2f.o
        16          4          0          0          0        116   dcheck1.o
        24          0          0          0          0        116   dcmpi.o
       120          4          0          0          0        140   deqf.o
       120          4          0          0          0        140   dleqf.o
       340         12          0          0          0        152   dmul.o
       156          4          0          0          0        140   dnaninf.o
        12          0          0          0          0        116   dretinf.o
       108          0          0          0          0        128   drleqf.o
        86          4          0          0          0        132   f2d.o
       140          4          0          0          0        132   fnaninf.o
         0          0         16          0          0          0   fpconst.o
        10          0          0          0          0        116   fpinit.o
        10          0          0          0          0        116   fretinf.o
         6          0          0          0          0        116   istatus.o
         4          0          0          0          0        116   printf1.o
         4          0          0          0          0        116   printf2.o
       100          0          0          0          0        116   retnan.o
        92          0          0          0          0        116   scalbn.o
         4          0          0          0          0        116   scanf1.o
         8          0          0          0          0        132   scanf2.o
        48          0          0          0          0        116   trapv.o
         0          0          0          0          0          0   usenofp.o
        64         16          0          0          0        248   dunder.o
        48          0          0          0          0        124   fpclassify.o
       140         22          0          0          0        132   frexp.o
       228          8          0          0          0        308   ldexp.o
       266         16          0          0          0        308   narrow.o

    ----------------------------------------------------------------------
     16076        618        584         12        348      12248   Library Totals
        26          0          5          0          0          0   (incl. Padding)

    ----------------------------------------------------------------------

      Code (inc. data)   RO Data    RW Data    ZI Data      Debug   Library Name

     13798        516        563         12        348       8500   c_w.l
      1506         40         16          0          0       2628   fz_wm.l
       746         62          0          0          0       1120   m_wm.l

    ----------------------------------------------------------------------
     16076        618        584         12        348      12248   Library Totals

    ----------------------------------------------------------------------

==============================================================================


      Code (inc. data)   RO Data    RW Data    ZI Data      Debug   

     29472       4308       1476         88      25464     845165   Grand Totals
     29472       4308       1476         88      25464     845165   ELF Image Totals
     29472       4308       1476         88          0          0   ROM Totals

==============================================================================

    Total RO  Size (Code + RO Data)                30948 (  30.22kB)
    Total RW  Size (RW Data + ZI Data)             25552 (  24.95kB)
    Total ROM Size (Code + RO Data + RW Data)      31036 (  30.31kB)

==============================================================================

